2025-11-12T12:43:03.9863477Z Current runner version: '2.329.0'
2025-11-12T12:43:03.9889900Z ##[group]Runner Image Provisioner
2025-11-12T12:43:03.9890700Z Hosted Compute Agent
2025-11-12T12:43:03.9891171Z Version: 20251016.436
2025-11-12T12:43:03.9891708Z Commit: 8ab8ac8bfd662a3739dab9fe09456aba92132568
2025-11-12T12:43:03.9892359Z Build Date: 2025-10-15T20:44:12Z
2025-11-12T12:43:03.9892862Z ##[endgroup]
2025-11-12T12:43:03.9893316Z ##[group]Operating System
2025-11-12T12:43:03.9893844Z Microsoft Windows Server 2025
2025-11-12T12:43:03.9894349Z 10.0.26100
2025-11-12T12:43:03.9894755Z Datacenter
2025-11-12T12:43:03.9895159Z ##[endgroup]
2025-11-12T12:43:03.9895618Z ##[group]Runner Image
2025-11-12T12:43:03.9896069Z Image: windows-2025
2025-11-12T12:43:03.9896499Z Version: 20251102.77.1
2025-11-12T12:43:03.9897436Z Included Software: https://github.com/actions/runner-images/blob/win25/20251102.77/images/windows/Windows2025-Readme.md
2025-11-12T12:43:03.9899236Z Image Release: https://github.com/actions/runner-images/releases/tag/win25%2F20251102.77
2025-11-12T12:43:03.9900113Z ##[endgroup]
2025-11-12T12:43:03.9901117Z ##[group]GITHUB_TOKEN Permissions
2025-11-12T12:43:03.9903020Z Contents: read
2025-11-12T12:43:03.9903545Z Metadata: read
2025-11-12T12:43:03.9904007Z Packages: read
2025-11-12T12:43:03.9904444Z ##[endgroup]
2025-11-12T12:43:03.9907152Z Secret source: Actions
2025-11-12T12:43:03.9907873Z Prepare workflow directory
2025-11-12T12:43:04.0326140Z Prepare all required actions
2025-11-12T12:43:04.0363945Z Getting action download info
2025-11-12T12:43:04.5012270Z Download action repository 'actions/checkout@v4' (SHA:08eba0b27e820071cde6df949e0beb9ba4906955)
2025-11-12T12:43:04.6328491Z Download action repository 'maxim-lobanov/setup-xcode@v1' (SHA:60606e260d2fc5762a71e64e74b2174e8ea3c8bd)
2025-11-12T12:43:05.3564158Z Download action repository 'microsoft/setup-msbuild@v2' (SHA:6fb02220983dee41ce7ae257b6f4d8f9bf5ed4ce)
2025-11-12T12:43:05.8867335Z Download action repository 'ilammy/msvc-dev-cmd@v1' (SHA:0b201ec74fa43914dc39ae48a89fd1d8cb592756)
2025-11-12T12:43:06.4653774Z Download action repository 'actions/upload-artifact@v4' (SHA:ea165f8d65b6e75b540449e92b4886f43607fa02)
2025-11-12T12:43:06.7827517Z Complete job name: Build win
2025-11-12T12:43:06.9255156Z ##[group]Run actions/checkout@v4
2025-11-12T12:43:06.9255935Z with:
2025-11-12T12:43:06.9256155Z   fetch-depth: 0
2025-11-12T12:43:06.9256818Z   repository: rebuildup/Ae_sep_color
2025-11-12T12:43:06.9257497Z   token: ***
2025-11-12T12:43:06.9257754Z   ssh-strict: true
2025-11-12T12:43:06.9257997Z   ssh-user: git
2025-11-12T12:43:06.9258251Z   persist-credentials: true
2025-11-12T12:43:06.9258532Z   clean: true
2025-11-12T12:43:06.9258796Z   sparse-checkout-cone-mode: true
2025-11-12T12:43:06.9259099Z   fetch-tags: false
2025-11-12T12:43:06.9259347Z   show-progress: true
2025-11-12T12:43:06.9259598Z   lfs: false
2025-11-12T12:43:06.9259822Z   submodules: false
2025-11-12T12:43:06.9260077Z   set-safe-directory: true
2025-11-12T12:43:06.9260694Z ##[endgroup]
2025-11-12T12:43:07.1130755Z Syncing repository: rebuildup/Ae_sep_color
2025-11-12T12:43:07.1133367Z ##[group]Getting Git version info
2025-11-12T12:43:07.1134690Z Working directory is 'D:\a\Ae_sep_color\Ae_sep_color'
2025-11-12T12:43:07.2364316Z [command]"C:\Program Files\Git\bin\git.exe" version
2025-11-12T12:43:07.7587335Z git version 2.51.2.windows.1
2025-11-12T12:43:07.7648094Z ##[endgroup]
2025-11-12T12:43:07.7670616Z Temporarily overriding HOME='D:\a\_temp\a7af1ecb-b701-4ee8-a703-ef9aa7d4c7c5' before making global git config changes
2025-11-12T12:43:07.7671384Z Adding repository directory to the temporary git global config as a safe directory
2025-11-12T12:43:07.7683319Z [command]"C:\Program Files\Git\bin\git.exe" config --global --add safe.directory D:\a\Ae_sep_color\Ae_sep_color
2025-11-12T12:43:07.8366493Z Deleting the contents of 'D:\a\Ae_sep_color\Ae_sep_color'
2025-11-12T12:43:07.8373950Z ##[group]Initializing the repository
2025-11-12T12:43:07.8383691Z [command]"C:\Program Files\Git\bin\git.exe" init D:\a\Ae_sep_color\Ae_sep_color
2025-11-12T12:43:07.9780855Z Initialized empty Git repository in D:/a/Ae_sep_color/Ae_sep_color/.git/
2025-11-12T12:43:07.9846688Z [command]"C:\Program Files\Git\bin\git.exe" remote add origin https://github.com/rebuildup/Ae_sep_color
2025-11-12T12:43:08.1267202Z ##[endgroup]
2025-11-12T12:43:08.1267891Z ##[group]Disabling automatic garbage collection
2025-11-12T12:43:08.1268622Z [command]"C:\Program Files\Git\bin\git.exe" config --local gc.auto 0
2025-11-12T12:43:08.1591233Z ##[endgroup]
2025-11-12T12:43:08.1592177Z ##[group]Setting up auth
2025-11-12T12:43:08.1606838Z [command]"C:\Program Files\Git\bin\git.exe" config --local --name-only --get-regexp core\.sshCommand
2025-11-12T12:43:08.1986971Z [command]"C:\Program Files\Git\bin\git.exe" submodule foreach --recursive "sh -c \"git config --local --name-only --get-regexp 'core\.sshCommand' && git config --local --unset-all 'core.sshCommand' || :\""
2025-11-12T12:43:11.8477994Z [command]"C:\Program Files\Git\bin\git.exe" config --local --name-only --get-regexp http\.https\:\/\/github\.com\/\.extraheader
2025-11-12T12:43:11.8790371Z [command]"C:\Program Files\Git\bin\git.exe" submodule foreach --recursive "sh -c \"git config --local --name-only --get-regexp 'http\.https\:\/\/github\.com\/\.extraheader' && git config --local --unset-all 'http.https://github.com/.extraheader' || :\""
2025-11-12T12:43:12.4550598Z [command]"C:\Program Files\Git\bin\git.exe" config --local http.https://github.com/.extraheader "AUTHORIZATION: basic ***"
2025-11-12T12:43:12.4882654Z ##[endgroup]
2025-11-12T12:43:12.4899000Z ##[group]Fetching the repository
2025-11-12T12:43:12.4900169Z [command]"C:\Program Files\Git\bin\git.exe" -c protocol.version=2 fetch --prune --no-recurse-submodules origin +refs/heads/*:refs/remotes/origin/* +refs/tags/*:refs/tags/*
2025-11-12T12:43:15.2509386Z From https://github.com/rebuildup/Ae_sep_color
2025-11-12T12:43:15.2510099Z  * [new branch]      main       -> origin/main
2025-11-12T12:43:15.2930492Z [command]"C:\Program Files\Git\bin\git.exe" branch --list --remote origin/main
2025-11-12T12:43:15.3521582Z   origin/main
2025-11-12T12:43:15.3578957Z [command]"C:\Program Files\Git\bin\git.exe" rev-parse refs/remotes/origin/main
2025-11-12T12:43:15.3949617Z b6bd4708e767bd47f113f0fa3d53c0771481dbe5
2025-11-12T12:43:15.3988389Z ##[endgroup]
2025-11-12T12:43:15.3989001Z ##[group]Determining the checkout info
2025-11-12T12:43:15.3990647Z ##[endgroup]
2025-11-12T12:43:15.4009611Z [command]"C:\Program Files\Git\bin\git.exe" sparse-checkout disable
2025-11-12T12:43:15.4424237Z [command]"C:\Program Files\Git\bin\git.exe" config --local --unset-all extensions.worktreeConfig
2025-11-12T12:43:15.4728171Z ##[group]Checking out the ref
2025-11-12T12:43:15.4741640Z [command]"C:\Program Files\Git\bin\git.exe" checkout --progress --force -B main refs/remotes/origin/main
2025-11-12T12:43:15.6188009Z branch 'main' set up to track 'origin/main'.
2025-11-12T12:43:15.6202194Z Switched to a new branch 'main'
2025-11-12T12:43:15.6262713Z ##[endgroup]
2025-11-12T12:43:15.6686725Z [command]"C:\Program Files\Git\bin\git.exe" log -1 --format=%H
2025-11-12T12:43:15.6958099Z b6bd4708e767bd47f113f0fa3d53c0771481dbe5
2025-11-12T12:43:15.7376223Z ##[group]Run Write-Host "Downloading Halide for Windows..."
2025-11-12T12:43:15.7377211Z [36;1mWrite-Host "Downloading Halide for Windows..."[0m
2025-11-12T12:43:15.7377491Z [36;1m[0m
2025-11-12T12:43:15.7377713Z [36;1m# GitHub APIを使用してHalideのリリース情報を取得[0m
2025-11-12T12:43:15.7377968Z [36;1m$halideVersion = "v21.0.0"[0m
2025-11-12T12:43:15.7378402Z [36;1m$releaseUrl = "https://api.github.com/repos/halide/Halide/releases/tags/$halideVersion"[0m
2025-11-12T12:43:15.7378834Z [36;1m[0m
2025-11-12T12:43:15.7379074Z [36;1mWrite-Host "Fetching release information from: $releaseUrl"[0m
2025-11-12T12:43:15.7379368Z [36;1mtry {[0m
2025-11-12T12:43:15.7379648Z [36;1m  $releaseInfo = Invoke-RestMethod -Uri $releaseUrl -UseBasicParsing[0m
2025-11-12T12:43:15.7380775Z [36;1m} catch {[0m
2025-11-12T12:43:15.7381009Z [36;1m  Write-Host "Failed to fetch release info: $_"[0m
2025-11-12T12:43:15.7381303Z [36;1m  Write-Host "Trying latest release instead..."[0m
2025-11-12T12:43:15.7381738Z [36;1m  $releaseUrl = "https://api.github.com/repos/halide/Halide/releases/latest"[0m
2025-11-12T12:43:15.7382182Z [36;1m  $releaseInfo = Invoke-RestMethod -Uri $releaseUrl -UseBasicParsing[0m
2025-11-12T12:43:15.7382569Z [36;1m  Write-Host "Using release: $($releaseInfo.tag_name)"[0m
2025-11-12T12:43:15.7382832Z [36;1m}[0m
2025-11-12T12:43:15.7382965Z [36;1m[0m
2025-11-12T12:43:15.7383124Z [36;1mWrite-Host "Available assets:"[0m
2025-11-12T12:43:15.7383452Z [36;1m$releaseInfo.assets | ForEach-Object { Write-Host "  - $($_.name)" }[0m
2025-11-12T12:43:15.7383756Z [36;1m[0m
2025-11-12T12:43:15.7383989Z [36;1m# Windows用のアセットを検索（zipファイルで、windowsまたはwinまたはx64を含む）[0m
2025-11-12T12:43:15.7384318Z [36;1m$windowsAsset = $releaseInfo.assets | Where-Object {[0m
2025-11-12T12:43:15.7384842Z [36;1m  $_.name -match '\.zip$' -and ($_.name -match 'windows' -or $_.name -match 'win' -or $_.name -match 'x64' -or $_.name -match 'Windows')[0m
2025-11-12T12:43:15.7385298Z [36;1m} | Select-Object -First 1[0m
2025-11-12T12:43:15.7385497Z [36;1m[0m
2025-11-12T12:43:15.7385650Z [36;1mif (-not $windowsAsset) {[0m
2025-11-12T12:43:15.7386001Z [36;1m  Write-Host "::error::Windows asset not found in release $($releaseInfo.tag_name)"[0m
2025-11-12T12:43:15.7386424Z [36;1m  Write-Host "Available assets:"[0m
2025-11-12T12:43:15.7386782Z [36;1m  $releaseInfo.assets | ForEach-Object { Write-Host "  - $($_.name)" }[0m
2025-11-12T12:43:15.7387097Z [36;1m  exit 1[0m
2025-11-12T12:43:15.7387244Z [36;1m}[0m
2025-11-12T12:43:15.7387382Z [36;1m[0m
2025-11-12T12:43:15.7387574Z [36;1mWrite-Host "Found asset: $($windowsAsset.name)"[0m
2025-11-12T12:43:15.7387928Z [36;1mWrite-Host "Download URL: $($windowsAsset.browser_download_url)"[0m
2025-11-12T12:43:15.7388233Z [36;1m[0m
2025-11-12T12:43:15.7388415Z [36;1m$halideZip = "$env:TEMP\Halide-windows.zip"[0m
2025-11-12T12:43:15.7388891Z [36;1mInvoke-WebRequest -Uri $windowsAsset.browser_download_url -OutFile $halideZip -UseBasicParsing[0m
2025-11-12T12:43:15.7389543Z [36;1mWrite-Host "Download completed ($(Get-Item $halideZip | Select-Object -ExpandProperty Length) bytes)"[0m
2025-11-12T12:43:15.7389946Z [36;1m[0m
2025-11-12T12:43:15.7390116Z [36;1mWrite-Host "Extracting Halide..."[0m
2025-11-12T12:43:15.7390398Z [36;1m$halideExtractDir = "$env:TEMP\Halide-windows"[0m
2025-11-12T12:43:15.7450550Z [36;1mExpand-Archive -Path $halideZip -DestinationPath $halideExtractDir -Force[0m
2025-11-12T12:43:15.7451133Z [36;1m[0m
2025-11-12T12:43:15.7451396Z [36;1mWrite-Host "Extracted directory structure:"[0m
2025-11-12T12:43:15.7451990Z [36;1mGet-ChildItem -Path $halideExtractDir -Recurse -Directory | Select-Object -First 10 | ForEach-Object { Write-Host "  $($_.FullName)" }[0m
2025-11-12T12:43:15.7452558Z [36;1m[0m
2025-11-12T12:43:15.7452752Z [36;1m# Halideのディレクトリ構造を確認して、適切な場所にコピー[0m
2025-11-12T12:43:15.7456598Z [36;1m$halideRoot = Get-ChildItem -Path $halideExtractDir -Directory | Select-Object -First 1[0m
2025-11-12T12:43:15.7457136Z [36;1mif (-not $halideRoot) {[0m
2025-11-12T12:43:15.7457381Z [36;1m  # ディレクトリがない場合、直接ファイルが展開されている可能性がある[0m
2025-11-12T12:43:15.7457724Z [36;1m  Write-Host "No subdirectory found, using extract directory as root"[0m
2025-11-12T12:43:15.7458191Z [36;1m  $halideRoot = New-Object PSObject -Property @{ FullName = $halideExtractDir }[0m
2025-11-12T12:43:15.7458539Z [36;1m} else {[0m
2025-11-12T12:43:15.7458807Z [36;1m  Write-Host "Found Halide root directory: $($halideRoot.FullName)"[0m
2025-11-12T12:43:15.7459107Z [36;1m}[0m
2025-11-12T12:43:15.7459253Z [36;1m[0m
2025-11-12T12:43:15.7459396Z [36;1m# 複数のパスを試す[0m
2025-11-12T12:43:15.7459576Z [36;1m$possibleLibPaths = @([0m
2025-11-12T12:43:15.7459818Z [36;1m  (Join-Path $halideRoot.FullName "lib"),[0m
2025-11-12T12:43:15.7460313Z [36;1m  (Join-Path $halideRoot.FullName "lib\x64"),[0m
2025-11-12T12:43:15.7460606Z [36;1m  (Join-Path $halideRoot.FullName "lib\Release"),[0m
2025-11-12T12:43:15.7460900Z [36;1m  (Join-Path $halideExtractDir "lib"),[0m
2025-11-12T12:43:15.7461162Z [36;1m  (Join-Path $halideExtractDir "lib\x64")[0m
2025-11-12T12:43:15.7461390Z [36;1m)[0m
2025-11-12T12:43:15.7461533Z [36;1m[0m
2025-11-12T12:43:15.7461681Z [36;1m$possibleBinPaths = @([0m
2025-11-12T12:43:15.7461917Z [36;1m  (Join-Path $halideRoot.FullName "bin"),[0m
2025-11-12T12:43:15.7462199Z [36;1m  (Join-Path $halideRoot.FullName "bin\x64"),[0m
2025-11-12T12:43:15.7462486Z [36;1m  (Join-Path $halideRoot.FullName "bin\Release"),[0m
2025-11-12T12:43:15.7462768Z [36;1m  (Join-Path $halideExtractDir "bin"),[0m
2025-11-12T12:43:15.7463021Z [36;1m  (Join-Path $halideExtractDir "bin\x64")[0m
2025-11-12T12:43:15.7463247Z [36;1m)[0m
2025-11-12T12:43:15.7463385Z [36;1m[0m
2025-11-12T12:43:15.7463546Z [36;1m$possibleIncludePaths = @([0m
2025-11-12T12:43:15.7463805Z [36;1m  (Join-Path $halideRoot.FullName "include"),[0m
2025-11-12T12:43:15.7464081Z [36;1m  (Join-Path $halideExtractDir "include")[0m
2025-11-12T12:43:15.7464298Z [36;1m)[0m
2025-11-12T12:43:15.7464426Z [36;1m[0m
2025-11-12T12:43:15.7464570Z [36;1m# libディレクトリを探す[0m
2025-11-12T12:43:15.7464763Z [36;1m$halideLibDir = $null[0m
2025-11-12T12:43:15.7464987Z [36;1mforeach ($path in $possibleLibPaths) {[0m
2025-11-12T12:43:15.7465226Z [36;1m  if (Test-Path $path) {[0m
2025-11-12T12:43:15.7465444Z [36;1m    $halideLibDir = $path[0m
2025-11-12T12:43:15.7465701Z [36;1m    Write-Host "Found lib directory: $halideLibDir"[0m
2025-11-12T12:43:15.7465962Z [36;1m    break[0m
2025-11-12T12:43:15.7466122Z [36;1m  }[0m
2025-11-12T12:43:15.7466254Z [36;1m}[0m
2025-11-12T12:43:15.7466387Z [36;1m[0m
2025-11-12T12:43:15.7466525Z [36;1m# binディレクトリを探す[0m
2025-11-12T12:43:15.7466720Z [36;1m$halideBinDir = $null[0m
2025-11-12T12:43:15.7466960Z [36;1mforeach ($path in $possibleBinPaths) {[0m
2025-11-12T12:43:15.7467246Z [36;1m  if (Test-Path $path) {[0m
2025-11-12T12:43:15.7467474Z [36;1m    $halideBinDir = $path[0m
2025-11-12T12:43:15.7467748Z [36;1m    Write-Host "Found bin directory: $halideBinDir"[0m
2025-11-12T12:43:15.7468005Z [36;1m    break[0m
2025-11-12T12:43:15.7468163Z [36;1m  }[0m
2025-11-12T12:43:15.7468307Z [36;1m}[0m
2025-11-12T12:43:15.7468440Z [36;1m[0m
2025-11-12T12:43:15.7468594Z [36;1m# includeディレクトリを探す[0m
2025-11-12T12:43:15.7468799Z [36;1m$halideIncludeDir = $null[0m
2025-11-12T12:43:15.7469049Z [36;1mforeach ($path in $possibleIncludePaths) {[0m
2025-11-12T12:43:15.7469316Z [36;1m  if (Test-Path $path) {[0m
2025-11-12T12:43:15.7469529Z [36;1m    $halideIncludeDir = $path[0m
2025-11-12T12:43:15.7469826Z [36;1m    Write-Host "Found include directory: $halideIncludeDir"[0m
2025-11-12T12:43:15.7470108Z [36;1m    break[0m
2025-11-12T12:43:15.7470261Z [36;1m  }[0m
2025-11-12T12:43:15.7470402Z [36;1m}[0m
2025-11-12T12:43:15.7470533Z [36;1m[0m
2025-11-12T12:43:15.7470672Z [36;1m# 必要なディレクトリを作成[0m
2025-11-12T12:43:15.7471374Z [36;1m$targetLibDir = "third_party\halide\win\lib"[0m
2025-11-12T12:43:15.7471706Z [36;1m$targetBinDir = "third_party\halide\win\bin"[0m
2025-11-12T12:43:15.7472007Z [36;1m$targetIncludeDir = "third_party\halide\include"[0m
2025-11-12T12:43:15.7472260Z [36;1m[0m
2025-11-12T12:43:15.7472519Z [36;1mNew-Item -ItemType Directory -Path $targetLibDir -Force | Out-Null[0m
2025-11-12T12:43:15.7472954Z [36;1mNew-Item -ItemType Directory -Path $targetBinDir -Force | Out-Null[0m
2025-11-12T12:43:15.7473263Z [36;1m[0m
2025-11-12T12:43:15.7473399Z [36;1m# ファイルをコピー[0m
2025-11-12T12:43:15.7473660Z [36;1mif ($halideLibDir -and (Test-Path $halideLibDir)) {[0m
2025-11-12T12:43:15.7474059Z [36;1m  $libFiles = Get-ChildItem -Path $halideLibDir -Filter "Halide.lib" -Recurse[0m
2025-11-12T12:43:15.7474987Z [36;1m  if ($libFiles) {[0m
2025-11-12T12:43:15.7475311Z [36;1m    Copy-Item -Path $libFiles[0].FullName -Destination $targetLibDir -Force[0m
2025-11-12T12:43:15.7475748Z [36;1m    Write-Host "✓ Halide.lib copied from $($libFiles[0].FullName)"[0m
2025-11-12T12:43:15.7476048Z [36;1m  } else {[0m
2025-11-12T12:43:15.7476296Z [36;1m    Write-Host "::error::Halide.lib not found in $halideLibDir"[0m
2025-11-12T12:43:15.7476605Z [36;1m    Write-Host "Files in lib directory:"[0m
2025-11-12T12:43:15.7477108Z [36;1m    Get-ChildItem -Path $halideLibDir -Recurse | Select-Object -First 10 | ForEach-Object { Write-Host "  $($_.FullName)" }[0m
2025-11-12T12:43:15.7477578Z [36;1m    exit 1[0m
2025-11-12T12:43:15.7477727Z [36;1m  }[0m
2025-11-12T12:43:15.7477875Z [36;1m} else {[0m
2025-11-12T12:43:15.7478088Z [36;1m  Write-Host "::error::Halide lib directory not found"[0m
2025-11-12T12:43:15.7478381Z [36;1m  Write-Host "Searched paths:"[0m
2025-11-12T12:43:15.7478685Z [36;1m  $possibleLibPaths | ForEach-Object { Write-Host "  $_" }[0m
2025-11-12T12:43:15.7478967Z [36;1m  exit 1[0m
2025-11-12T12:43:15.7479112Z [36;1m}[0m
2025-11-12T12:43:15.7479251Z [36;1m[0m
2025-11-12T12:43:15.7479462Z [36;1mif ($halideBinDir -and (Test-Path $halideBinDir)) {[0m
2025-11-12T12:43:15.7479865Z [36;1m  $dllFiles = Get-ChildItem -Path $halideBinDir -Filter "Halide.dll" -Recurse[0m
2025-11-12T12:43:15.7480216Z [36;1m  if ($dllFiles) {[0m
2025-11-12T12:43:15.7480518Z [36;1m    Copy-Item -Path $dllFiles[0].FullName -Destination $targetBinDir -Force[0m
2025-11-12T12:43:15.7480941Z [36;1m    Write-Host "✓ Halide.dll copied from $($dllFiles[0].FullName)"[0m
2025-11-12T12:43:15.7481231Z [36;1m  } else {[0m
2025-11-12T12:43:15.7481460Z [36;1m    Write-Host "::error::Halide.dll not found in $halideBinDir"[0m
2025-11-12T12:43:15.7481767Z [36;1m    Write-Host "Files in bin directory:"[0m
2025-11-12T12:43:15.7482260Z [36;1m    Get-ChildItem -Path $halideBinDir -Recurse | Select-Object -First 10 | ForEach-Object { Write-Host "  $($_.FullName)" }[0m
2025-11-12T12:43:15.7482718Z [36;1m    exit 1[0m
2025-11-12T12:43:15.7482872Z [36;1m  }[0m
2025-11-12T12:43:15.7483011Z [36;1m} else {[0m
2025-11-12T12:43:15.7483227Z [36;1m  Write-Host "::error::Halide bin directory not found"[0m
2025-11-12T12:43:15.7483510Z [36;1m  Write-Host "Searched paths:"[0m
2025-11-12T12:43:15.7483798Z [36;1m  $possibleBinPaths | ForEach-Object { Write-Host "  $_" }[0m
2025-11-12T12:43:15.7484078Z [36;1m  exit 1[0m
2025-11-12T12:43:15.7484222Z [36;1m}[0m
2025-11-12T12:43:15.7484351Z [36;1m[0m
2025-11-12T12:43:15.7484515Z [36;1m# ヘッダーファイルは既にリポジトリに含まれている可能性があるため、存在する場合のみコピー[0m
2025-11-12T12:43:15.7484827Z [36;1mif ($halideIncludeDir -and (Test-Path $halideIncludeDir)) {[0m
2025-11-12T12:43:15.7485159Z [36;1m  if (-not (Test-Path $targetIncludeDir)) {[0m
2025-11-12T12:43:15.7485521Z [36;1m    New-Item -ItemType Directory -Path $targetIncludeDir -Force | Out-Null[0m
2025-11-12T12:43:15.7485846Z [36;1m  }[0m
2025-11-12T12:43:15.7486153Z [36;1m  Copy-Item -Path "$halideIncludeDir\*" -Destination $targetIncludeDir -Recurse -Force[0m
2025-11-12T12:43:15.7486663Z [36;1m  Write-Host "✓ Halide headers copied"[0m
2025-11-12T12:43:15.7486892Z [36;1m} else {[0m
2025-11-12T12:43:15.7487226Z [36;1m  Write-Host "⚠ Halide include directory not found, using existing headers from repository"[0m
2025-11-12T12:43:15.7487611Z [36;1m}[0m
2025-11-12T12:43:15.7487747Z [36;1m[0m
2025-11-12T12:43:15.7487940Z [36;1mWrite-Host "Halide installation completed"[0m
2025-11-12T12:43:15.8269901Z shell: C:\Program Files\PowerShell\7\pwsh.EXE -command ". '{0}'"
2025-11-12T12:43:15.8270342Z ##[endgroup]
2025-11-12T12:43:21.3743693Z Downloading Halide for Windows...
2025-11-12T12:43:21.3767740Z Fetching release information from: https://api.github.com/repos/halide/Halide/releases/tags/v21.0.0
2025-11-12T12:43:22.2408521Z Available assets:
2025-11-12T12:43:22.2653066Z   - Halide-21.0.0-arm-32-linux-b629c80de18f1534ec71fddd8b567aa7027a0876.tar.gz
2025-11-12T12:43:22.2660630Z   - Halide-21.0.0-arm-64-linux-b629c80de18f1534ec71fddd8b567aa7027a0876.tar.gz
2025-11-12T12:43:22.2668676Z   - Halide-21.0.0-arm-64-osx-b629c80de18f1534ec71fddd8b567aa7027a0876.tar.gz
2025-11-12T12:43:22.2676086Z   - Halide-21.0.0-x86-32-linux-b629c80de18f1534ec71fddd8b567aa7027a0876.tar.gz
2025-11-12T12:43:22.2683253Z   - Halide-21.0.0-x86-32-windows-b629c80de18f1534ec71fddd8b567aa7027a0876.zip
2025-11-12T12:43:22.2690075Z   - Halide-21.0.0-x86-64-linux-b629c80de18f1534ec71fddd8b567aa7027a0876.tar.gz
2025-11-12T12:43:22.2696634Z   - Halide-21.0.0-x86-64-osx-b629c80de18f1534ec71fddd8b567aa7027a0876.tar.gz
2025-11-12T12:43:22.2702916Z   - Halide-21.0.0-x86-64-windows-b629c80de18f1534ec71fddd8b567aa7027a0876.zip
2025-11-12T12:43:22.3022288Z Found asset: Halide-21.0.0-x86-32-windows-b629c80de18f1534ec71fddd8b567aa7027a0876.zip
2025-11-12T12:43:22.3034286Z Download URL: https://github.com/halide/Halide/releases/download/v21.0.0/Halide-21.0.0-x86-32-windows-b629c80de18f1534ec71fddd8b567aa7027a0876.zip
2025-11-12T12:43:23.5601518Z Download completed (65341217 bytes)
2025-11-12T12:43:23.5608345Z Extracting Halide...
2025-11-12T12:43:38.3102513Z Extracted directory structure:
2025-11-12T12:43:38.3227256Z   C:\Users\runneradmin\AppData\Local\Temp\Halide-windows\Halide-21.0.0-x86-32-windows
2025-11-12T12:43:38.3237356Z   C:\Users\runneradmin\AppData\Local\Temp\Halide-windows\Halide-21.0.0-x86-32-windows\bin
2025-11-12T12:43:38.3243725Z   C:\Users\runneradmin\AppData\Local\Temp\Halide-windows\Halide-21.0.0-x86-32-windows\include
2025-11-12T12:43:38.3249719Z   C:\Users\runneradmin\AppData\Local\Temp\Halide-windows\Halide-21.0.0-x86-32-windows\lib
2025-11-12T12:43:38.3255822Z   C:\Users\runneradmin\AppData\Local\Temp\Halide-windows\Halide-21.0.0-x86-32-windows\share
2025-11-12T12:43:38.3263471Z   C:\Users\runneradmin\AppData\Local\Temp\Halide-windows\Halide-21.0.0-x86-32-windows\bin\Release
2025-11-12T12:43:38.3275346Z   C:\Users\runneradmin\AppData\Local\Temp\Halide-windows\Halide-21.0.0-x86-32-windows\lib\cmake
2025-11-12T12:43:38.3281293Z   C:\Users\runneradmin\AppData\Local\Temp\Halide-windows\Halide-21.0.0-x86-32-windows\lib\Release
2025-11-12T12:43:38.3289421Z   C:\Users\runneradmin\AppData\Local\Temp\Halide-windows\Halide-21.0.0-x86-32-windows\lib\cmake\Halide
2025-11-12T12:43:38.3295708Z   C:\Users\runneradmin\AppData\Local\Temp\Halide-windows\Halide-21.0.0-x86-32-windows\lib\cmake\HalideHelpers
2025-11-12T12:43:38.3393488Z Found Halide root directory: C:\Users\runneradmin\AppData\Local\Temp\Halide-windows\Halide-21.0.0-x86-32-windows
2025-11-12T12:43:38.3407766Z Found lib directory: C:\Users\runneradmin\AppData\Local\Temp\Halide-windows\Halide-21.0.0-x86-32-windows\lib
2025-11-12T12:43:38.3418713Z Found bin directory: C:\Users\runneradmin\AppData\Local\Temp\Halide-windows\Halide-21.0.0-x86-32-windows\bin
2025-11-12T12:43:38.3429836Z Found include directory: C:\Users\runneradmin\AppData\Local\Temp\Halide-windows\Halide-21.0.0-x86-32-windows\include
2025-11-12T12:43:38.3843968Z ✓ Halide.lib copied from C:\Users\runneradmin\AppData\Local\Temp\Halide-windows\Halide-21.0.0-x86-32-windows\lib\Release\Halide.lib
2025-11-12T12:43:38.4312058Z ✓ Halide.dll copied from C:\Users\runneradmin\AppData\Local\Temp\Halide-windows\Halide-21.0.0-x86-32-windows\bin\Release\Halide.dll
2025-11-12T12:43:38.4571468Z ✓ Halide headers copied
2025-11-12T12:43:38.4576245Z Halide installation completed
2025-11-12T12:43:38.7004416Z ##[group]Run echo "Verifying Halide installation..."
2025-11-12T12:43:38.7004852Z [36;1mecho "Verifying Halide installation..."[0m
2025-11-12T12:43:38.7005127Z [36;1mif [ "win" == "win" ]; then[0m
2025-11-12T12:43:38.7005401Z [36;1m  if [ -f "third_party/halide/win/lib/Halide.lib" ]; then[0m
2025-11-12T12:43:38.7005693Z [36;1m    echo "✓ Halide.lib found"[0m
2025-11-12T12:43:38.7005907Z [36;1m  else[0m
2025-11-12T12:43:38.7006087Z [36;1m    echo "::error::Halide.lib not found"[0m
2025-11-12T12:43:38.7006532Z [36;1m    exit 1[0m
2025-11-12T12:43:38.7006691Z [36;1m  fi[0m
2025-11-12T12:43:38.7006899Z [36;1m  if [ -f "third_party/halide/win/bin/Halide.dll" ]; then[0m
2025-11-12T12:43:38.7007179Z [36;1m    echo "✓ Halide.dll found"[0m
2025-11-12T12:43:38.7007381Z [36;1m  else[0m
2025-11-12T12:43:38.7007565Z [36;1m    echo "::error::Halide.dll not found"[0m
2025-11-12T12:43:38.7007791Z [36;1m    exit 1[0m
2025-11-12T12:43:38.7007980Z [36;1m  fi[0m
2025-11-12T12:43:38.7008136Z [36;1melif [ "win" == "mac" ]; then[0m
2025-11-12T12:43:38.7008465Z [36;1m  if ls third_party/halide/mac/lib/libHalide*.dylib 1> /dev/null 2>&1; then[0m
2025-11-12T12:43:38.7008808Z [36;1m    echo "✓ Halide dylib found"[0m
2025-11-12T12:43:38.7009012Z [36;1m  else[0m
2025-11-12T12:43:38.7009194Z [36;1m    echo "::error::Halide dylib not found"[0m
2025-11-12T12:43:38.7009421Z [36;1m    exit 1[0m
2025-11-12T12:43:38.7009568Z [36;1m  fi[0m
2025-11-12T12:43:38.7009707Z [36;1mfi[0m
2025-11-12T12:43:38.7009895Z [36;1mif [ -d "third_party/halide/include" ]; then[0m
2025-11-12T12:43:38.7010150Z [36;1m  echo "✓ Halide headers found"[0m
2025-11-12T12:43:38.7010356Z [36;1melse[0m
2025-11-12T12:43:38.7010526Z [36;1m  echo "::error::Halide headers not found"[0m
2025-11-12T12:43:38.7010751Z [36;1m  exit 1[0m
2025-11-12T12:43:38.7010893Z [36;1mfi[0m
2025-11-12T12:43:38.7011099Z [36;1mecho "All required Halide files are available."[0m
2025-11-12T12:43:38.7025379Z shell: C:\Program Files\Git\bin\bash.EXE --noprofile --norc -e -o pipefail {0}
2025-11-12T12:43:38.7025730Z ##[endgroup]
2025-11-12T12:43:38.8638952Z Verifying Halide installation...
2025-11-12T12:43:38.8644036Z ✓ Halide.lib found
2025-11-12T12:43:38.8645888Z ✓ Halide.dll found
2025-11-12T12:43:38.8647334Z ✓ Halide headers found
2025-11-12T12:43:38.8648749Z All required Halide files are available.
2025-11-12T12:43:38.8853836Z ##[group]Run microsoft/setup-msbuild@v2
2025-11-12T12:43:38.8854216Z with:
2025-11-12T12:43:38.8854453Z   msbuild-architecture: x86
2025-11-12T12:43:38.8854713Z ##[endgroup]
2025-11-12T12:43:39.0604784Z [command]C:\ProgramData\Chocolatey\bin\vswhere.exe -products * -requires Microsoft.Component.MSBuild -property installationPath -latest
2025-11-12T12:43:39.5228740Z C:\Program Files\Microsoft Visual Studio\2022\Enterprise
2025-11-12T12:43:39.5509506Z ##[group]Run ilammy/msvc-dev-cmd@v1
2025-11-12T12:43:39.5509789Z with:
2025-11-12T12:43:39.5509962Z   arch: x64
2025-11-12T12:43:39.5510113Z ##[endgroup]
2025-11-12T12:43:39.7207202Z Found with vswhere: C:\Program Files\Microsoft Visual Studio\2022\Enterprise\VC\Auxiliary\Build\vcvarsall.bat
2025-11-12T12:43:42.6218287Z ##[group]Environment variables
2025-11-12T12:43:42.6219010Z Setting CommandPromptType
2025-11-12T12:43:42.6235795Z Setting DevEnvDir
2025-11-12T12:43:42.6240254Z Setting ExtensionSdkDir
2025-11-12T12:43:42.6244016Z Setting EXTERNAL_INCLUDE
2025-11-12T12:43:42.6249678Z Setting Framework40Version
2025-11-12T12:43:42.6252967Z Setting FrameworkDir
2025-11-12T12:43:42.6256743Z Setting FrameworkDir64
2025-11-12T12:43:42.6261224Z Setting FrameworkVersion
2025-11-12T12:43:42.6264699Z Setting FrameworkVersion64
2025-11-12T12:43:42.6269149Z Setting FSHARPINSTALLDIR
2025-11-12T12:43:42.6276672Z Setting HTMLHelpDir
2025-11-12T12:43:42.6279082Z Setting IFCPATH
2025-11-12T12:43:42.6283446Z Setting INCLUDE
2025-11-12T12:43:42.6289638Z Setting is_x64_arch
2025-11-12T12:43:42.6293044Z Setting LIB
2025-11-12T12:43:42.6296166Z Setting LIBPATH
2025-11-12T12:43:42.6299943Z Setting NETFXSDKDir
2025-11-12T12:43:42.6304535Z Setting Path
2025-11-12T12:43:42.6317001Z Setting Platform
2025-11-12T12:43:42.6321123Z Setting UCRTVersion
2025-11-12T12:43:42.6324387Z Setting UniversalCRTSdkDir
2025-11-12T12:43:42.6327305Z Setting VCIDEInstallDir
2025-11-12T12:43:42.6331093Z Setting VCINSTALLDIR
2025-11-12T12:43:42.6334872Z Setting VCPKG_ROOT
2025-11-12T12:43:42.6337362Z Setting VCToolsInstallDir
2025-11-12T12:43:42.6340814Z Setting VCToolsRedistDir
2025-11-12T12:43:42.6344076Z Setting VCToolsVersion
2025-11-12T12:43:42.6347283Z Setting VisualStudioVersion
2025-11-12T12:43:42.6350619Z Setting VS170COMNTOOLS
2025-11-12T12:43:42.6354646Z Setting VSCMD_ARG_app_plat
2025-11-12T12:43:42.6357752Z Setting VSCMD_ARG_HOST_ARCH
2025-11-12T12:43:42.6360914Z Setting VSCMD_ARG_TGT_ARCH
2025-11-12T12:43:42.6364008Z Setting VSCMD_VER
2025-11-12T12:43:42.6367572Z Setting VSINSTALLDIR
2025-11-12T12:43:42.6370753Z Setting VSSDK150INSTALL
2025-11-12T12:43:42.6374404Z Setting VSSDKINSTALL
2025-11-12T12:43:42.6377498Z Setting WindowsLibPath
2025-11-12T12:43:42.6381386Z Setting WindowsSdkBinPath
2025-11-12T12:43:42.6384895Z Setting WindowsSdkDir
2025-11-12T12:43:42.6388364Z Setting WindowsSDKLibVersion
2025-11-12T12:43:42.6392137Z Setting WindowsSdkVerBinPath
2025-11-12T12:43:42.6395280Z Setting WindowsSDKVersion
2025-11-12T12:43:42.6398054Z Setting WindowsSDK_ExecutablePath_x64
2025-11-12T12:43:42.6400977Z Setting WindowsSDK_ExecutablePath_x86
2025-11-12T12:43:42.6404003Z Setting __DOTNET_ADD_64BIT
2025-11-12T12:43:42.6406759Z Setting __DOTNET_PREFERRED_BITNESS
2025-11-12T12:43:42.6409803Z Setting __VSCMD_PREINIT_PATH
2025-11-12T12:43:42.6414019Z ##[endgroup]
2025-11-12T12:43:42.6414289Z Configured Developer Command Prompt
2025-11-12T12:43:42.6681370Z ##[group]Run $source = "build_tests\check_halide_include.cpp"
2025-11-12T12:43:42.6681867Z [36;1m$source = "build_tests\check_halide_include.cpp"[0m
2025-11-12T12:43:42.6682168Z [36;1mif (-not (Test-Path $source)) {[0m
2025-11-12T12:43:42.6682510Z [36;1m  Write-Error "Missing Halide include check source file: $source"[0m
2025-11-12T12:43:42.6682824Z [36;1m  exit 1[0m
2025-11-12T12:43:42.6682971Z [36;1m}[0m
2025-11-12T12:43:42.6683204Z [36;1m$output = Join-Path $env:TEMP "halide_header_test.obj"[0m
2025-11-12T12:43:42.6683593Z [36;1mcl /nologo /std:c++17 /c $source /I third_party\halide\include /Fo:$output[0m
2025-11-12T12:43:42.6748356Z shell: C:\Program Files\PowerShell\7\pwsh.EXE -command ". '{0}'"
2025-11-12T12:43:42.6748695Z env:
2025-11-12T12:43:42.6748863Z   CommandPromptType: Native
2025-11-12T12:43:42.6749202Z   DevEnvDir: C:\Program Files\Microsoft Visual Studio\2022\Enterprise\Common7\IDE\
2025-11-12T12:43:42.6751246Z   ExtensionSdkDir: C:\Program Files (x86)\Microsoft SDKs\Windows Kits\10\ExtensionSDKs
2025-11-12T12:43:42.6753549Z   EXTERNAL_INCLUDE: C:\Program Files\Microsoft Visual Studio\2022\Enterprise\VC\Tools\MSVC\14.44.35207\include;C:\Program Files\Microsoft Visual Studio\2022\Enterprise\VC\Tools\MSVC\14.44.35207\ATLMFC\include;C:\Program Files\Microsoft Visual Studio\2022\Enterprise\VC\Auxiliary\VS\include;C:\Program Files (x86)\Windows Kits\10\include\10.0.26100.0\ucrt;C:\Program Files (x86)\Windows Kits\10\\include\10.0.26100.0\\um;C:\Program Files (x86)\Windows Kits\10\\include\10.0.26100.0\\shared;C:\Program Files (x86)\Windows Kits\10\\include\10.0.26100.0\\winrt;C:\Program Files (x86)\Windows Kits\10\\include\10.0.26100.0\\cppwinrt;C:\Program Files (x86)\Windows Kits\NETFXSDK\4.8\include\um
2025-11-12T12:43:42.6755507Z   Framework40Version: v4.0
2025-11-12T12:43:42.6755770Z   FrameworkDir: C:\Windows\Microsoft.NET\Framework64\
2025-11-12T12:43:42.6756097Z   FrameworkDir64: C:\Windows\Microsoft.NET\Framework64\
2025-11-12T12:43:42.6756386Z   FrameworkVersion: v4.0.30319
2025-11-12T12:43:42.6756698Z   FrameworkVersion64: v4.0.30319
2025-11-12T12:43:42.6757223Z   FSHARPINSTALLDIR: C:\Program Files\Microsoft Visual Studio\2022\Enterprise\Common7\IDE\CommonExtensions\Microsoft\FSharp\Tools
2025-11-12T12:43:42.6757765Z   HTMLHelpDir: C:\Program Files (x86)\HTML Help Workshop
2025-11-12T12:43:42.6758194Z   IFCPATH: C:\Program Files\Microsoft Visual Studio\2022\Enterprise\VC\Tools\MSVC\14.44.35207\ifc\x64
2025-11-12T12:43:42.6760375Z   INCLUDE: C:\Program Files\Microsoft Visual Studio\2022\Enterprise\VC\Tools\MSVC\14.44.35207\include;C:\Program Files\Microsoft Visual Studio\2022\Enterprise\VC\Tools\MSVC\14.44.35207\ATLMFC\include;C:\Program Files\Microsoft Visual Studio\2022\Enterprise\VC\Auxiliary\VS\include;C:\Program Files (x86)\Windows Kits\10\include\10.0.26100.0\ucrt;C:\Program Files (x86)\Windows Kits\10\\include\10.0.26100.0\\um;C:\Program Files (x86)\Windows Kits\10\\include\10.0.26100.0\\shared;C:\Program Files (x86)\Windows Kits\10\\include\10.0.26100.0\\winrt;C:\Program Files (x86)\Windows Kits\10\\include\10.0.26100.0\\cppwinrt;C:\Program Files (x86)\Windows Kits\NETFXSDK\4.8\include\um
2025-11-12T12:43:42.6762524Z   is_x64_arch: true
2025-11-12T12:43:42.6763558Z   LIB: C:\Program Files\Microsoft Visual Studio\2022\Enterprise\VC\Tools\MSVC\14.44.35207\ATLMFC\lib\x64;C:\Program Files\Microsoft Visual Studio\2022\Enterprise\VC\Tools\MSVC\14.44.35207\lib\x64;C:\Program Files (x86)\Windows Kits\NETFXSDK\4.8\lib\um\x64;C:\Program Files (x86)\Windows Kits\10\lib\10.0.26100.0\ucrt\x64;C:\Program Files (x86)\Windows Kits\10\\lib\10.0.26100.0\\um\x64
2025-11-12T12:43:42.6768141Z   LIBPATH: C:\Program Files\Microsoft Visual Studio\2022\Enterprise\VC\Tools\MSVC\14.44.35207\ATLMFC\lib\x64;C:\Program Files\Microsoft Visual Studio\2022\Enterprise\VC\Tools\MSVC\14.44.35207\lib\x64;C:\Program Files\Microsoft Visual Studio\2022\Enterprise\VC\Tools\MSVC\14.44.35207\lib\x86\store\references;C:\Program Files (x86)\Windows Kits\10\UnionMetadata\10.0.26100.0;C:\Program Files (x86)\Windows Kits\10\References\10.0.26100.0;C:\Windows\Microsoft.NET\Framework64\v4.0.30319
2025-11-12T12:43:42.6770078Z   NETFXSDKDir: C:\Program Files (x86)\Windows Kits\NETFXSDK\4.8\
2025-11-12T12:43:42.6783643Z   Path: C:\Program Files\Microsoft Visual Studio\2022\Enterprise\VC\Tools\MSVC\14.44.35207\bin\HostX64\x64;C:\Program Files\Microsoft Visual Studio\2022\Enterprise\Common7\IDE\VC\VCPackages;C:\Program Files\Microsoft Visual Studio\2022\Enterprise\Common7\IDE\CommonExtensions\Microsoft\TestWindow;C:\Program Files\Microsoft Visual Studio\2022\Enterprise\Common7\IDE\CommonExtensions\Microsoft\TeamFoundation\Team Explorer;C:\Program Files\Microsoft Visual Studio\2022\Enterprise\MSBuild\Current\bin\Roslyn;C:\Program Files (x86)\Microsoft SDKs\Windows\v10.0A\bin\NETFX 4.8 Tools\x64\;C:\Program Files (x86)\HTML Help Workshop;C:\Program Files\Microsoft Visual Studio\2022\Enterprise\Common7\IDE\CommonExtensions\Microsoft\FSharp\Tools;C:\Program Files\Microsoft Visual Studio\2022\Enterprise\Team Tools\DiagnosticsHub\Collector;C:\Program Files\Microsoft Visual Studio\2022\Enterprise\Common7\IDE\Extensions\Microsoft\CodeCoverage.Console;C:\Program Files\Microsoft Visual Studio\2022\Enterprise\VC\Tools\Llvm\x64\bin;C:\Program Files (x86)\Windows Kits\10\bin\10.0.26100.0\\x64;C:\Program Files (x86)\Windows Kits\10\bin\\x64;C:\Program Files\Microsoft Visual Studio\2022\Enterprise\\MSBuild\Current\Bin\amd64;C:\Windows\Microsoft.NET\Framework64\v4.0.30319;C:\Program Files\Microsoft Visual Studio\2022\Enterprise\Common7\IDE\;C:\Program Files\Microsoft Visual Studio\2022\Enterprise\Common7\Tools\;C:\Program Files\Microsoft Visual Studio\2022\Enterprise\MSBuild\Current\Bin;C:\Program Files\MongoDB\Server\7.0\bin;C:\vcpkg;C:\tools\zstd;C:\hostedtoolcache\windows\stack\3.7.1\x64;C:\cabal\bin;C:\\ghcup\bin;C:\mingw64\bin;C:\Program Files\dotnet;C:\Program Files\MySQL\MySQL Server 8.0\bin;C:\Program Files\R\R-4.5.2\bin\x64;C:\SeleniumWebDrivers\GeckoDriver;C:\SeleniumWebDrivers\EdgeDriver\;C:\SeleniumWebDrivers\ChromeDriver;C:\Program Files (x86)\sbt\bin;C:\Program Files (x86)\GitHub CLI;C:\Program Files\Git\bin;C:\Program Files (x86)\pipx_bin;C:\npm\prefix;C:\hostedtoolcache\windows\go\1.24.9\x64\bin;C:\hostedtoolcache\windows\Python\3.9.13\x64\Scripts;C:\hostedtoolcache\windows\Python\3.9.13\x64;C:\hostedtoolcache\windows\Ruby\3.3.10\x64\bin;C:\Program Files\OpenSSL\bin;C:\tools\kotlinc\bin;C:\hostedtoolcache\windows\Java_Temurin-Hotspot_jdk\17.0.17-10\x64\bin;C:\Program Files\ImageMagick-7.1.2-Q16-HDRI;C:\Program Files\Microsoft SDKs\Azure\CLI2\wbin;C:\ProgramData\kind;C:\ProgramData\Chocolatey\bin;C:\Windows\system32;C:\Windows;C:\Windows\System32\Wbem;C:\Windows\System32\WindowsPowerShell\v1.0\;C:\Windows\System32\OpenSSH\;C:\Program Files\PowerShell\7\;C:\Program Files\Microsoft\Web Platform Installer\;C:\Program Files\Microsoft SQL Server\Client SDK\ODBC\170\Tools\Binn\;C:\Program Files\Microsoft SQL Server\150\Tools\Binn\;C:\Program Files\dotnet\;C:\Program Files (x86)\Windows Kits\10\Windows Performance Toolkit\;C:\Program Files (x86)\WiX Toolset v3.14\bin;C:\Program Files\Microsoft SQL Server\130\DTS\Binn\;C:\Program Files\Microsoft SQL Server\140\DTS\Binn\;C:\Program Files\Microsoft SQL Server\150\DTS\Binn\;C:\Program Files\Microsoft SQL Server\160\DTS\Binn\;C:\Program Files\Microsoft SQL Server\170\DTS\Binn\;C:\ProgramData\chocolatey\lib\pulumi\tools\Pulumi\bin;C:\Program Files\CMake\bin;C:\Strawberry\c\bin;C:\Strawberry\perl\site\bin;C:\Strawberry\perl\bin;C:\ProgramData\chocolatey\lib\maven\apache-maven-3.9.11\bin;C:\Program Files\Microsoft Service Fabric\bin\Fabric\Fabric.Code;C:\Program Files\Microsoft SDKs\Service Fabric\Tools\ServiceFabricLocalClusterManager;C:\Program Files\nodejs\;C:\Program Files\Git\cmd;C:\Program Files\Git\mingw64\bin;C:\Program Files\Git\usr\bin;C:\Program Files\GitHub CLI\;c:\tools\php;C:\Program Files\Amazon\AWSCLIV2\;C:\Program Files\Amazon\SessionManagerPlugin\bin\;C:\Program Files\Amazon\AWSSAMCLI\bin\;C:\Program Files\Microsoft SQL Server\130\Tools\Binn\;C:\Program Files\mongosh\;C:\Program Files\LLVM\bin;C:\Program Files (x86)\LLVM\bin;C:\Users\runneradmin\.dotnet\tools;C:\Users\runneradmin\.cargo\bin;C:\Users\runneradmin\AppData\Local\Microsoft\WindowsApps;C:\Program Files (x86)\Microsoft Visual Studio\Installer;C:\Program Files\Microsoft Visual Studio\2022\Enterprise\Common7\IDE\CommonExtensions\Microsoft\CMake\CMake\bin;C:\Program Files\Microsoft Visual Studio\2022\Enterprise\Common7\IDE\CommonExtensions\Microsoft\CMake\Ninja;C:\Program Files\Microsoft Visual Studio\2022\Enterprise\Common7\IDE\VC\Linux\bin\ConnectionManagerExe;C:\Program Files\Microsoft Visual Studio\2022\Enterprise\VC\vcpkg
2025-11-12T12:43:42.6797705Z   Platform: x64
2025-11-12T12:43:42.6797888Z   UCRTVersion: 10.0.26100.0
2025-11-12T12:43:42.6798150Z   UniversalCRTSdkDir: C:\Program Files (x86)\Windows Kits\10\
2025-11-12T12:43:42.6798595Z   VCIDEInstallDir: C:\Program Files\Microsoft Visual Studio\2022\Enterprise\Common7\IDE\VC\
2025-11-12T12:43:42.6799075Z   VCINSTALLDIR: C:\Program Files\Microsoft Visual Studio\2022\Enterprise\VC\
2025-11-12T12:43:42.6799496Z   VCPKG_ROOT: C:\Program Files\Microsoft Visual Studio\2022\Enterprise\VC\vcpkg
2025-11-12T12:43:42.6800007Z   VCToolsInstallDir: C:\Program Files\Microsoft Visual Studio\2022\Enterprise\VC\Tools\MSVC\14.44.35207\
2025-11-12T12:43:42.6800592Z   VCToolsRedistDir: C:\Program Files\Microsoft Visual Studio\2022\Enterprise\VC\Redist\MSVC\14.44.35112\
2025-11-12T12:43:42.6800989Z   VCToolsVersion: 14.44.35207
2025-11-12T12:43:42.6801195Z   VisualStudioVersion: 17.0
2025-11-12T12:43:42.6801536Z   VS170COMNTOOLS: C:\Program Files\Microsoft Visual Studio\2022\Enterprise\Common7\Tools\
2025-11-12T12:43:42.6801895Z   VSCMD_ARG_app_plat: Desktop
2025-11-12T12:43:42.6802106Z   VSCMD_ARG_HOST_ARCH: x64
2025-11-12T12:43:42.6802287Z   VSCMD_ARG_TGT_ARCH: x64
2025-11-12T12:43:42.6802463Z   VSCMD_VER: 17.14.19
2025-11-12T12:43:42.6802734Z   VSINSTALLDIR: C:\Program Files\Microsoft Visual Studio\2022\Enterprise\
2025-11-12T12:43:42.6803161Z   VSSDK150INSTALL: C:\Program Files\Microsoft Visual Studio\2022\Enterprise\VSSDK
2025-11-12T12:43:42.6803606Z   VSSDKINSTALL: C:\Program Files\Microsoft Visual Studio\2022\Enterprise\VSSDK
2025-11-12T12:43:42.6804214Z   WindowsLibPath: C:\Program Files (x86)\Windows Kits\10\UnionMetadata\10.0.26100.0;C:\Program Files (x86)\Windows Kits\10\References\10.0.26100.0
2025-11-12T12:43:42.6804783Z   WindowsSdkBinPath: C:\Program Files (x86)\Windows Kits\10\bin\
2025-11-12T12:43:42.6805133Z   WindowsSdkDir: C:\Program Files (x86)\Windows Kits\10\
2025-11-12T12:43:42.6805405Z   WindowsSDKLibVersion: 10.0.26100.0\
2025-11-12T12:43:42.6805737Z   WindowsSdkVerBinPath: C:\Program Files (x86)\Windows Kits\10\bin\10.0.26100.0\
2025-11-12T12:43:42.6806253Z   WindowsSDKVersion: 10.0.26100.0\
2025-11-12T12:43:42.6806659Z   WindowsSDK_ExecutablePath_x64: C:\Program Files (x86)\Microsoft SDKs\Windows\v10.0A\bin\NETFX 4.8 Tools\x64\
2025-11-12T12:43:42.6807254Z   WindowsSDK_ExecutablePath_x86: C:\Program Files (x86)\Microsoft SDKs\Windows\v10.0A\bin\NETFX 4.8 Tools\
2025-11-12T12:43:42.6807651Z   __DOTNET_ADD_64BIT: 1
2025-11-12T12:43:42.6807841Z   __DOTNET_PREFERRED_BITNESS: 64
2025-11-12T12:43:42.6816157Z   __VSCMD_PREINIT_PATH: C:\Program Files\Microsoft Visual Studio\2022\Enterprise\MSBuild\Current\Bin;C:\Program Files\MongoDB\Server\7.0\bin;C:\vcpkg;C:\tools\zstd;C:\hostedtoolcache\windows\stack\3.7.1\x64;C:\cabal\bin;C:\\ghcup\bin;C:\mingw64\bin;C:\Program Files\dotnet;C:\Program Files\MySQL\MySQL Server 8.0\bin;C:\Program Files\R\R-4.5.2\bin\x64;C:\SeleniumWebDrivers\GeckoDriver;C:\SeleniumWebDrivers\EdgeDriver\;C:\SeleniumWebDrivers\ChromeDriver;C:\Program Files (x86)\sbt\bin;C:\Program Files (x86)\GitHub CLI;C:\Program Files\Git\bin;C:\Program Files (x86)\pipx_bin;C:\npm\prefix;C:\hostedtoolcache\windows\go\1.24.9\x64\bin;C:\hostedtoolcache\windows\Python\3.9.13\x64\Scripts;C:\hostedtoolcache\windows\Python\3.9.13\x64;C:\hostedtoolcache\windows\Ruby\3.3.10\x64\bin;C:\Program Files\OpenSSL\bin;C:\tools\kotlinc\bin;C:\hostedtoolcache\windows\Java_Temurin-Hotspot_jdk\17.0.17-10\x64\bin;C:\Program Files\ImageMagick-7.1.2-Q16-HDRI;C:\Program Files\Microsoft SDKs\Azure\CLI2\wbin;C:\ProgramData\kind;C:\ProgramData\Chocolatey\bin;C:\Windows\system32;C:\Windows;C:\Windows\System32\Wbem;C:\Windows\System32\WindowsPowerShell\v1.0\;C:\Windows\System32\OpenSSH\;C:\Program Files\PowerShell\7\;C:\Program Files\Microsoft\Web Platform Installer\;C:\Program Files\Microsoft SQL Server\Client SDK\ODBC\170\Tools\Binn\;C:\Program Files\Microsoft SQL Server\150\Tools\Binn\;C:\Program Files\dotnet\;C:\Program Files (x86)\Windows Kits\10\Windows Performance Toolkit\;C:\Program Files (x86)\WiX Toolset v3.14\bin;C:\Program Files\Microsoft SQL Server\130\DTS\Binn\;C:\Program Files\Microsoft SQL Server\140\DTS\Binn\;C:\Program Files\Microsoft SQL Server\150\DTS\Binn\;C:\Program Files\Microsoft SQL Server\160\DTS\Binn\;C:\Program Files\Microsoft SQL Server\170\DTS\Binn\;C:\ProgramData\chocolatey\lib\pulumi\tools\Pulumi\bin;C:\Program Files\CMake\bin;C:\Strawberry\c\bin;C:\Strawberry\perl\site\bin;C:\Strawberry\perl\bin;C:\ProgramData\chocolatey\lib\maven\apache-maven-3.9.11\bin;C:\Program Files\Microsoft Service Fabric\bin\Fabric\Fabric.Code;C:\Program Files\Microsoft SDKs\Service Fabric\Tools\ServiceFabricLocalClusterManager;C:\Program Files\nodejs\;C:\Program Files\Git\cmd;C:\Program Files\Git\mingw64\bin;C:\Program Files\Git\usr\bin;C:\Program Files\GitHub CLI\;c:\tools\php;C:\Program Files (x86)\sbt\bin;C:\Program Files\Amazon\AWSCLIV2\;C:\Program Files\Amazon\SessionManagerPlugin\bin\;C:\Program Files\Amazon\AWSSAMCLI\bin\;C:\Program Files\Microsoft SQL Server\130\Tools\Binn\;C:\Program Files\mongosh\;C:\Program Files\LLVM\bin;C:\Program Files (x86)\LLVM\bin;C:\Users\runneradmin\.dotnet\tools;C:\Users\runneradmin\.cargo\bin;C:\Users\runneradmin\AppData\Local\Microsoft\WindowsApps;C:\Program Files (x86)\Microsoft Visual Studio\Installer
2025-11-12T12:43:42.6824083Z ##[endgroup]
2025-11-12T12:43:43.2346435Z check_halide_include.cpp
2025-11-12T12:43:53.6165651Z C:\Program Files\Microsoft Visual Studio\2022\Enterprise\VC\Tools\MSVC\14.44.35207\include\__msvc_ostream.hpp(781): warning C4530: C++ exception handler used, but unwind semantics are not enabled. Specify /EHsc
2025-11-12T12:43:53.6213177Z C:\Program Files\Microsoft Visual Studio\2022\Enterprise\VC\Tools\MSVC\14.44.35207\include\__msvc_ostream.hpp(781): note: the template instantiation context (the oldest one first) is
2025-11-12T12:43:53.6259226Z third_party\halide\include\Halide.h(8129): note: see reference to function template instantiation 'std::basic_ostream<char,std::char_traits<char>> &std::operator <<<std::char_traits<char>>(std::basic_ostream<char,std::char_traits<char>> &,const char *)' being compiled
2025-11-12T12:43:56.6518749Z ##[group]Run $repo = "rebuildup/my-ae-sdk-storage"
2025-11-12T12:43:56.6519304Z [36;1m$repo = "rebuildup/my-ae-sdk-storage"[0m
2025-11-12T12:43:56.6519700Z [36;1m$releaseTags = @("sdk", "ae-sdk_25.6_61", "v25.6.61", "25.6.61")[0m
2025-11-12T12:43:56.6520048Z [36;1m[0m
2025-11-12T12:43:56.6520387Z [36;1mWrite-Host "Downloading After Effects SDK from private repository..."[0m
2025-11-12T12:43:56.6520790Z [36;1m[0m
2025-11-12T12:43:56.6520986Z [36;1mif (-not $env:GITHUB_TOKEN) {[0m
2025-11-12T12:43:56.6521323Z [36;1m  Write-Host "Error: GITHUB_TOKEN not configured"[0m
2025-11-12T12:43:56.6521632Z [36;1m  exit 1[0m
2025-11-12T12:43:56.6521820Z [36;1m}[0m
2025-11-12T12:43:56.6521988Z [36;1m[0m
2025-11-12T12:43:56.6522157Z [36;1m$releaseJson = $null[0m
2025-11-12T12:43:56.6522415Z [36;1mforeach ($tag in $releaseTags) {[0m
2025-11-12T12:43:56.6522673Z [36;1m  try {[0m
2025-11-12T12:43:56.6522864Z [36;1m    $headers = @{[0m
2025-11-12T12:43:56.6523187Z [36;1m      "Authorization" = "token $env:GITHUB_TOKEN"[0m
2025-11-12T12:43:56.6523542Z [36;1m      "Accept" = "application/vnd.github.v3+json"[0m
2025-11-12T12:43:56.6523828Z [36;1m    }[0m
2025-11-12T12:43:56.6524007Z [36;1m    [0m
2025-11-12T12:43:56.6524600Z [36;1m    $releaseJson = Invoke-RestMethod -Uri "https://api.github.com/repos/$repo/releases/tags/$tag" -Headers $headers -ErrorAction Stop[0m
2025-11-12T12:43:56.6525283Z [36;1m    Write-Host "Found release: $tag"[0m
2025-11-12T12:43:56.6525560Z [36;1m    break[0m
2025-11-12T12:43:56.6525745Z [36;1m  } catch {[0m
2025-11-12T12:43:56.6525945Z [36;1m    continue[0m
2025-11-12T12:43:56.6526142Z [36;1m  }[0m
2025-11-12T12:43:56.6526306Z [36;1m}[0m
2025-11-12T12:43:56.6526474Z [36;1m[0m
2025-11-12T12:43:56.6526649Z [36;1mif (-not $releaseJson) {[0m
2025-11-12T12:43:56.6526992Z [36;1m  Write-Host "Error: Failed to fetch release information"[0m
2025-11-12T12:43:56.6527338Z [36;1m    exit 1[0m
2025-11-12T12:43:56.6527528Z [36;1m}[0m
2025-11-12T12:43:56.6527690Z [36;1m[0m
2025-11-12T12:43:56.6527910Z [36;1m$assetName = "AfterEffectsSDK_25.6_61_win.zip"[0m
2025-11-12T12:43:56.6528441Z [36;1m$asset = $releaseJson.assets | Where-Object { $_.name -eq $assetName } | Select-Object -First 1[0m
2025-11-12T12:43:56.6528914Z [36;1m[0m
2025-11-12T12:43:56.6529081Z [36;1mif (-not $asset) {[0m
2025-11-12T12:43:56.6529757Z [36;1m  Write-Host "Exact asset not found: $assetName"[0m
2025-11-12T12:43:56.6530100Z [36;1m  Write-Host "Available assets:"[0m
2025-11-12T12:43:56.6530492Z [36;1m  $releaseJson.assets | ForEach-Object { Write-Host " - " $_.name }[0m
2025-11-12T12:43:56.6530870Z [36;1m[0m
2025-11-12T12:43:56.6531097Z [36;1m  # Fallback: pick first Windows-looking ZIP asset[0m
2025-11-12T12:43:56.6531479Z [36;1m  $asset = $releaseJson.assets | Where-Object {[0m
2025-11-12T12:43:56.6531809Z [36;1m    $_.name -match '(?i)win.*\\.zip$'[0m
2025-11-12T12:43:56.6532103Z [36;1m  } | Select-Object -First 1[0m
2025-11-12T12:43:56.6532362Z [36;1m[0m
2025-11-12T12:43:56.6532538Z [36;1m  if ($asset) {[0m
2025-11-12T12:43:56.6532825Z [36;1m    Write-Host "Fallback asset selected: $($asset.name)"[0m
2025-11-12T12:43:56.6533156Z [36;1m  }[0m
2025-11-12T12:43:56.6533319Z [36;1m}[0m
2025-11-12T12:43:56.6533491Z [36;1m[0m
2025-11-12T12:43:56.6533665Z [36;1mif (-not $asset) {[0m
2025-11-12T12:43:56.6533957Z [36;1m  Write-Host "Error: SDK file not found: $assetName"[0m
2025-11-12T12:43:56.6534281Z [36;1m  exit 1[0m
2025-11-12T12:43:56.6534465Z [36;1m}[0m
2025-11-12T12:43:56.6534627Z [36;1m[0m
2025-11-12T12:43:56.6534823Z [36;1mWrite-Host "Downloading SDK..."[0m
2025-11-12T12:43:56.6535088Z [36;1m$headers = @{[0m
2025-11-12T12:43:56.6535343Z [36;1m  "Authorization" = "token $env:GITHUB_TOKEN"[0m
2025-11-12T12:43:56.6535686Z [36;1m  "Accept" = "application/octet-stream"[0m
2025-11-12T12:43:56.6535963Z [36;1m}[0m
2025-11-12T12:43:56.6536355Z [36;1m[0m
2025-11-12T12:43:56.6538475Z [36;1mInvoke-WebRequest -Uri $asset.url -Headers $headers -OutFile "AE_SDK.zip" -MaximumRedirection 5[0m
2025-11-12T12:43:56.6539054Z [36;1m[0m
2025-11-12T12:43:56.6539264Z [36;1mif (-not (Test-Path "AE_SDK.zip")) {[0m
2025-11-12T12:43:56.6539581Z [36;1m  Write-Host "Error: Download failed"[0m
2025-11-12T12:43:56.6539859Z [36;1m  exit 1[0m
2025-11-12T12:43:56.6540041Z [36;1m}[0m
2025-11-12T12:43:56.6540207Z [36;1m[0m
2025-11-12T12:43:56.6540417Z [36;1mWrite-Host "SDK downloaded successfully"[0m
2025-11-12T12:43:56.6604462Z shell: C:\Program Files\PowerShell\7\pwsh.EXE -command ". '{0}'"
2025-11-12T12:43:56.6604766Z env:
2025-11-12T12:43:56.6604932Z   CommandPromptType: Native
2025-11-12T12:43:56.6605257Z   DevEnvDir: C:\Program Files\Microsoft Visual Studio\2022\Enterprise\Common7\IDE\
2025-11-12T12:43:56.6605728Z   ExtensionSdkDir: C:\Program Files (x86)\Microsoft SDKs\Windows Kits\10\ExtensionSDKs
2025-11-12T12:43:56.6607776Z   EXTERNAL_INCLUDE: C:\Program Files\Microsoft Visual Studio\2022\Enterprise\VC\Tools\MSVC\14.44.35207\include;C:\Program Files\Microsoft Visual Studio\2022\Enterprise\VC\Tools\MSVC\14.44.35207\ATLMFC\include;C:\Program Files\Microsoft Visual Studio\2022\Enterprise\VC\Auxiliary\VS\include;C:\Program Files (x86)\Windows Kits\10\include\10.0.26100.0\ucrt;C:\Program Files (x86)\Windows Kits\10\\include\10.0.26100.0\\um;C:\Program Files (x86)\Windows Kits\10\\include\10.0.26100.0\\shared;C:\Program Files (x86)\Windows Kits\10\\include\10.0.26100.0\\winrt;C:\Program Files (x86)\Windows Kits\10\\include\10.0.26100.0\\cppwinrt;C:\Program Files (x86)\Windows Kits\NETFXSDK\4.8\include\um
2025-11-12T12:43:56.6609675Z   Framework40Version: v4.0
2025-11-12T12:43:56.6609908Z   FrameworkDir: C:\Windows\Microsoft.NET\Framework64\
2025-11-12T12:43:56.6610638Z   FrameworkDir64: C:\Windows\Microsoft.NET\Framework64\
2025-11-12T12:43:56.6610965Z   FrameworkVersion: v4.0.30319
2025-11-12T12:43:56.6611175Z   FrameworkVersion64: v4.0.30319
2025-11-12T12:43:56.6611661Z   FSHARPINSTALLDIR: C:\Program Files\Microsoft Visual Studio\2022\Enterprise\Common7\IDE\CommonExtensions\Microsoft\FSharp\Tools
2025-11-12T12:43:56.6612191Z   HTMLHelpDir: C:\Program Files (x86)\HTML Help Workshop
2025-11-12T12:43:56.6612615Z   IFCPATH: C:\Program Files\Microsoft Visual Studio\2022\Enterprise\VC\Tools\MSVC\14.44.35207\ifc\x64
2025-11-12T12:43:56.6614631Z   INCLUDE: C:\Program Files\Microsoft Visual Studio\2022\Enterprise\VC\Tools\MSVC\14.44.35207\include;C:\Program Files\Microsoft Visual Studio\2022\Enterprise\VC\Tools\MSVC\14.44.35207\ATLMFC\include;C:\Program Files\Microsoft Visual Studio\2022\Enterprise\VC\Auxiliary\VS\include;C:\Program Files (x86)\Windows Kits\10\include\10.0.26100.0\ucrt;C:\Program Files (x86)\Windows Kits\10\\include\10.0.26100.0\\um;C:\Program Files (x86)\Windows Kits\10\\include\10.0.26100.0\\shared;C:\Program Files (x86)\Windows Kits\10\\include\10.0.26100.0\\winrt;C:\Program Files (x86)\Windows Kits\10\\include\10.0.26100.0\\cppwinrt;C:\Program Files (x86)\Windows Kits\NETFXSDK\4.8\include\um
2025-11-12T12:43:56.6616473Z   is_x64_arch: true
2025-11-12T12:43:56.6617492Z   LIB: C:\Program Files\Microsoft Visual Studio\2022\Enterprise\VC\Tools\MSVC\14.44.35207\ATLMFC\lib\x64;C:\Program Files\Microsoft Visual Studio\2022\Enterprise\VC\Tools\MSVC\14.44.35207\lib\x64;C:\Program Files (x86)\Windows Kits\NETFXSDK\4.8\lib\um\x64;C:\Program Files (x86)\Windows Kits\10\lib\10.0.26100.0\ucrt\x64;C:\Program Files (x86)\Windows Kits\10\\lib\10.0.26100.0\\um\x64
2025-11-12T12:43:56.6620457Z   LIBPATH: C:\Program Files\Microsoft Visual Studio\2022\Enterprise\VC\Tools\MSVC\14.44.35207\ATLMFC\lib\x64;C:\Program Files\Microsoft Visual Studio\2022\Enterprise\VC\Tools\MSVC\14.44.35207\lib\x64;C:\Program Files\Microsoft Visual Studio\2022\Enterprise\VC\Tools\MSVC\14.44.35207\lib\x86\store\references;C:\Program Files (x86)\Windows Kits\10\UnionMetadata\10.0.26100.0;C:\Program Files (x86)\Windows Kits\10\References\10.0.26100.0;C:\Windows\Microsoft.NET\Framework64\v4.0.30319
2025-11-12T12:43:56.6622111Z   NETFXSDKDir: C:\Program Files (x86)\Windows Kits\NETFXSDK\4.8\
2025-11-12T12:43:56.6635636Z   Path: C:\Program Files\Microsoft Visual Studio\2022\Enterprise\VC\Tools\MSVC\14.44.35207\bin\HostX64\x64;C:\Program Files\Microsoft Visual Studio\2022\Enterprise\Common7\IDE\VC\VCPackages;C:\Program Files\Microsoft Visual Studio\2022\Enterprise\Common7\IDE\CommonExtensions\Microsoft\TestWindow;C:\Program Files\Microsoft Visual Studio\2022\Enterprise\Common7\IDE\CommonExtensions\Microsoft\TeamFoundation\Team Explorer;C:\Program Files\Microsoft Visual Studio\2022\Enterprise\MSBuild\Current\bin\Roslyn;C:\Program Files (x86)\Microsoft SDKs\Windows\v10.0A\bin\NETFX 4.8 Tools\x64\;C:\Program Files (x86)\HTML Help Workshop;C:\Program Files\Microsoft Visual Studio\2022\Enterprise\Common7\IDE\CommonExtensions\Microsoft\FSharp\Tools;C:\Program Files\Microsoft Visual Studio\2022\Enterprise\Team Tools\DiagnosticsHub\Collector;C:\Program Files\Microsoft Visual Studio\2022\Enterprise\Common7\IDE\Extensions\Microsoft\CodeCoverage.Console;C:\Program Files\Microsoft Visual Studio\2022\Enterprise\VC\Tools\Llvm\x64\bin;C:\Program Files (x86)\Windows Kits\10\bin\10.0.26100.0\\x64;C:\Program Files (x86)\Windows Kits\10\bin\\x64;C:\Program Files\Microsoft Visual Studio\2022\Enterprise\\MSBuild\Current\Bin\amd64;C:\Windows\Microsoft.NET\Framework64\v4.0.30319;C:\Program Files\Microsoft Visual Studio\2022\Enterprise\Common7\IDE\;C:\Program Files\Microsoft Visual Studio\2022\Enterprise\Common7\Tools\;C:\Program Files\Microsoft Visual Studio\2022\Enterprise\MSBuild\Current\Bin;C:\Program Files\MongoDB\Server\7.0\bin;C:\vcpkg;C:\tools\zstd;C:\hostedtoolcache\windows\stack\3.7.1\x64;C:\cabal\bin;C:\\ghcup\bin;C:\mingw64\bin;C:\Program Files\dotnet;C:\Program Files\MySQL\MySQL Server 8.0\bin;C:\Program Files\R\R-4.5.2\bin\x64;C:\SeleniumWebDrivers\GeckoDriver;C:\SeleniumWebDrivers\EdgeDriver\;C:\SeleniumWebDrivers\ChromeDriver;C:\Program Files (x86)\sbt\bin;C:\Program Files (x86)\GitHub CLI;C:\Program Files\Git\bin;C:\Program Files (x86)\pipx_bin;C:\npm\prefix;C:\hostedtoolcache\windows\go\1.24.9\x64\bin;C:\hostedtoolcache\windows\Python\3.9.13\x64\Scripts;C:\hostedtoolcache\windows\Python\3.9.13\x64;C:\hostedtoolcache\windows\Ruby\3.3.10\x64\bin;C:\Program Files\OpenSSL\bin;C:\tools\kotlinc\bin;C:\hostedtoolcache\windows\Java_Temurin-Hotspot_jdk\17.0.17-10\x64\bin;C:\Program Files\ImageMagick-7.1.2-Q16-HDRI;C:\Program Files\Microsoft SDKs\Azure\CLI2\wbin;C:\ProgramData\kind;C:\ProgramData\Chocolatey\bin;C:\Windows\system32;C:\Windows;C:\Windows\System32\Wbem;C:\Windows\System32\WindowsPowerShell\v1.0\;C:\Windows\System32\OpenSSH\;C:\Program Files\PowerShell\7\;C:\Program Files\Microsoft\Web Platform Installer\;C:\Program Files\Microsoft SQL Server\Client SDK\ODBC\170\Tools\Binn\;C:\Program Files\Microsoft SQL Server\150\Tools\Binn\;C:\Program Files\dotnet\;C:\Program Files (x86)\Windows Kits\10\Windows Performance Toolkit\;C:\Program Files (x86)\WiX Toolset v3.14\bin;C:\Program Files\Microsoft SQL Server\130\DTS\Binn\;C:\Program Files\Microsoft SQL Server\140\DTS\Binn\;C:\Program Files\Microsoft SQL Server\150\DTS\Binn\;C:\Program Files\Microsoft SQL Server\160\DTS\Binn\;C:\Program Files\Microsoft SQL Server\170\DTS\Binn\;C:\ProgramData\chocolatey\lib\pulumi\tools\Pulumi\bin;C:\Program Files\CMake\bin;C:\Strawberry\c\bin;C:\Strawberry\perl\site\bin;C:\Strawberry\perl\bin;C:\ProgramData\chocolatey\lib\maven\apache-maven-3.9.11\bin;C:\Program Files\Microsoft Service Fabric\bin\Fabric\Fabric.Code;C:\Program Files\Microsoft SDKs\Service Fabric\Tools\ServiceFabricLocalClusterManager;C:\Program Files\nodejs\;C:\Program Files\Git\cmd;C:\Program Files\Git\mingw64\bin;C:\Program Files\Git\usr\bin;C:\Program Files\GitHub CLI\;c:\tools\php;C:\Program Files\Amazon\AWSCLIV2\;C:\Program Files\Amazon\SessionManagerPlugin\bin\;C:\Program Files\Amazon\AWSSAMCLI\bin\;C:\Program Files\Microsoft SQL Server\130\Tools\Binn\;C:\Program Files\mongosh\;C:\Program Files\LLVM\bin;C:\Program Files (x86)\LLVM\bin;C:\Users\runneradmin\.dotnet\tools;C:\Users\runneradmin\.cargo\bin;C:\Users\runneradmin\AppData\Local\Microsoft\WindowsApps;C:\Program Files (x86)\Microsoft Visual Studio\Installer;C:\Program Files\Microsoft Visual Studio\2022\Enterprise\Common7\IDE\CommonExtensions\Microsoft\CMake\CMake\bin;C:\Program Files\Microsoft Visual Studio\2022\Enterprise\Common7\IDE\CommonExtensions\Microsoft\CMake\Ninja;C:\Program Files\Microsoft Visual Studio\2022\Enterprise\Common7\IDE\VC\Linux\bin\ConnectionManagerExe;C:\Program Files\Microsoft Visual Studio\2022\Enterprise\VC\vcpkg
2025-11-12T12:43:56.6649074Z   Platform: x64
2025-11-12T12:43:56.6649235Z   UCRTVersion: 10.0.26100.0
2025-11-12T12:43:56.6649496Z   UniversalCRTSdkDir: C:\Program Files (x86)\Windows Kits\10\
2025-11-12T12:43:56.6649931Z   VCIDEInstallDir: C:\Program Files\Microsoft Visual Studio\2022\Enterprise\Common7\IDE\VC\
2025-11-12T12:43:56.6650394Z   VCINSTALLDIR: C:\Program Files\Microsoft Visual Studio\2022\Enterprise\VC\
2025-11-12T12:43:56.6650818Z   VCPKG_ROOT: C:\Program Files\Microsoft Visual Studio\2022\Enterprise\VC\vcpkg
2025-11-12T12:43:56.6651325Z   VCToolsInstallDir: C:\Program Files\Microsoft Visual Studio\2022\Enterprise\VC\Tools\MSVC\14.44.35207\
2025-11-12T12:43:56.6651898Z   VCToolsRedistDir: C:\Program Files\Microsoft Visual Studio\2022\Enterprise\VC\Redist\MSVC\14.44.35112\
2025-11-12T12:43:56.6652293Z   VCToolsVersion: 14.44.35207
2025-11-12T12:43:56.6652494Z   VisualStudioVersion: 17.0
2025-11-12T12:43:56.6652817Z   VS170COMNTOOLS: C:\Program Files\Microsoft Visual Studio\2022\Enterprise\Common7\Tools\
2025-11-12T12:43:56.6653173Z   VSCMD_ARG_app_plat: Desktop
2025-11-12T12:43:56.6653365Z   VSCMD_ARG_HOST_ARCH: x64
2025-11-12T12:43:56.6653540Z   VSCMD_ARG_TGT_ARCH: x64
2025-11-12T12:43:56.6653709Z   VSCMD_VER: 17.14.19
2025-11-12T12:43:56.6653969Z   VSINSTALLDIR: C:\Program Files\Microsoft Visual Studio\2022\Enterprise\
2025-11-12T12:43:56.6654402Z   VSSDK150INSTALL: C:\Program Files\Microsoft Visual Studio\2022\Enterprise\VSSDK
2025-11-12T12:43:56.6654843Z   VSSDKINSTALL: C:\Program Files\Microsoft Visual Studio\2022\Enterprise\VSSDK
2025-11-12T12:43:56.6655436Z   WindowsLibPath: C:\Program Files (x86)\Windows Kits\10\UnionMetadata\10.0.26100.0;C:\Program Files (x86)\Windows Kits\10\References\10.0.26100.0
2025-11-12T12:43:56.6656006Z   WindowsSdkBinPath: C:\Program Files (x86)\Windows Kits\10\bin\
2025-11-12T12:43:56.6656346Z   WindowsSdkDir: C:\Program Files (x86)\Windows Kits\10\
2025-11-12T12:43:56.6656608Z   WindowsSDKLibVersion: 10.0.26100.0\
2025-11-12T12:43:56.6656934Z   WindowsSdkVerBinPath: C:\Program Files (x86)\Windows Kits\10\bin\10.0.26100.0\
2025-11-12T12:43:56.6657267Z   WindowsSDKVersion: 10.0.26100.0\
2025-11-12T12:43:56.6657658Z   WindowsSDK_ExecutablePath_x64: C:\Program Files (x86)\Microsoft SDKs\Windows\v10.0A\bin\NETFX 4.8 Tools\x64\
2025-11-12T12:43:56.6658244Z   WindowsSDK_ExecutablePath_x86: C:\Program Files (x86)\Microsoft SDKs\Windows\v10.0A\bin\NETFX 4.8 Tools\
2025-11-12T12:43:56.6658636Z   __DOTNET_ADD_64BIT: 1
2025-11-12T12:43:56.6658819Z   __DOTNET_PREFERRED_BITNESS: 64
2025-11-12T12:43:56.6666675Z   __VSCMD_PREINIT_PATH: C:\Program Files\Microsoft Visual Studio\2022\Enterprise\MSBuild\Current\Bin;C:\Program Files\MongoDB\Server\7.0\bin;C:\vcpkg;C:\tools\zstd;C:\hostedtoolcache\windows\stack\3.7.1\x64;C:\cabal\bin;C:\\ghcup\bin;C:\mingw64\bin;C:\Program Files\dotnet;C:\Program Files\MySQL\MySQL Server 8.0\bin;C:\Program Files\R\R-4.5.2\bin\x64;C:\SeleniumWebDrivers\GeckoDriver;C:\SeleniumWebDrivers\EdgeDriver\;C:\SeleniumWebDrivers\ChromeDriver;C:\Program Files (x86)\sbt\bin;C:\Program Files (x86)\GitHub CLI;C:\Program Files\Git\bin;C:\Program Files (x86)\pipx_bin;C:\npm\prefix;C:\hostedtoolcache\windows\go\1.24.9\x64\bin;C:\hostedtoolcache\windows\Python\3.9.13\x64\Scripts;C:\hostedtoolcache\windows\Python\3.9.13\x64;C:\hostedtoolcache\windows\Ruby\3.3.10\x64\bin;C:\Program Files\OpenSSL\bin;C:\tools\kotlinc\bin;C:\hostedtoolcache\windows\Java_Temurin-Hotspot_jdk\17.0.17-10\x64\bin;C:\Program Files\ImageMagick-7.1.2-Q16-HDRI;C:\Program Files\Microsoft SDKs\Azure\CLI2\wbin;C:\ProgramData\kind;C:\ProgramData\Chocolatey\bin;C:\Windows\system32;C:\Windows;C:\Windows\System32\Wbem;C:\Windows\System32\WindowsPowerShell\v1.0\;C:\Windows\System32\OpenSSH\;C:\Program Files\PowerShell\7\;C:\Program Files\Microsoft\Web Platform Installer\;C:\Program Files\Microsoft SQL Server\Client SDK\ODBC\170\Tools\Binn\;C:\Program Files\Microsoft SQL Server\150\Tools\Binn\;C:\Program Files\dotnet\;C:\Program Files (x86)\Windows Kits\10\Windows Performance Toolkit\;C:\Program Files (x86)\WiX Toolset v3.14\bin;C:\Program Files\Microsoft SQL Server\130\DTS\Binn\;C:\Program Files\Microsoft SQL Server\140\DTS\Binn\;C:\Program Files\Microsoft SQL Server\150\DTS\Binn\;C:\Program Files\Microsoft SQL Server\160\DTS\Binn\;C:\Program Files\Microsoft SQL Server\170\DTS\Binn\;C:\ProgramData\chocolatey\lib\pulumi\tools\Pulumi\bin;C:\Program Files\CMake\bin;C:\Strawberry\c\bin;C:\Strawberry\perl\site\bin;C:\Strawberry\perl\bin;C:\ProgramData\chocolatey\lib\maven\apache-maven-3.9.11\bin;C:\Program Files\Microsoft Service Fabric\bin\Fabric\Fabric.Code;C:\Program Files\Microsoft SDKs\Service Fabric\Tools\ServiceFabricLocalClusterManager;C:\Program Files\nodejs\;C:\Program Files\Git\cmd;C:\Program Files\Git\mingw64\bin;C:\Program Files\Git\usr\bin;C:\Program Files\GitHub CLI\;c:\tools\php;C:\Program Files (x86)\sbt\bin;C:\Program Files\Amazon\AWSCLIV2\;C:\Program Files\Amazon\SessionManagerPlugin\bin\;C:\Program Files\Amazon\AWSSAMCLI\bin\;C:\Program Files\Microsoft SQL Server\130\Tools\Binn\;C:\Program Files\mongosh\;C:\Program Files\LLVM\bin;C:\Program Files (x86)\LLVM\bin;C:\Users\runneradmin\.dotnet\tools;C:\Users\runneradmin\.cargo\bin;C:\Users\runneradmin\AppData\Local\Microsoft\WindowsApps;C:\Program Files (x86)\Microsoft Visual Studio\Installer
2025-11-12T12:43:56.6675603Z   GITHUB_TOKEN: ***
2025-11-12T12:43:56.6675793Z ##[endgroup]
2025-11-12T12:43:57.0340321Z Downloading After Effects SDK from private repository...
2025-11-12T12:43:57.3624807Z Found release: sdk
2025-11-12T12:43:57.3724327Z Downloading SDK...
2025-11-12T12:43:57.8881665Z SDK downloaded successfully
2025-11-12T12:43:57.9667910Z ##[group]Run Write-Host "Extracting SDK..."
2025-11-12T12:43:57.9668333Z [36;1mWrite-Host "Extracting SDK..."[0m
2025-11-12T12:43:57.9668569Z [36;1m[0m
2025-11-12T12:43:57.9668833Z [36;1mNew-Item -ItemType Directory -Path "ae_sdk_work" -Force | Out-Null[0m
2025-11-12T12:43:57.9669182Z [36;1mSet-Location "ae_sdk_work"[0m
2025-11-12T12:43:57.9669498Z [36;1mExpand-Archive -Path "..\AE_SDK.zip" -DestinationPath "." -Force[0m
2025-11-12T12:43:57.9669812Z [36;1m[0m
2025-11-12T12:43:57.9670143Z [36;1m$extractScript = Get-ChildItem -Recurse -Filter "extractzstd.bat" | Select-Object -First 1[0m
2025-11-12T12:43:57.9670521Z [36;1m[0m
2025-11-12T12:43:57.9670679Z [36;1mif (-not $extractScript) {[0m
2025-11-12T12:43:57.9670941Z [36;1m  Write-Host "Error: extractzstd.bat not found"[0m
2025-11-12T12:43:57.9671224Z [36;1m  Get-ChildItem -Recurse -Filter "*.bat"[0m
2025-11-12T12:43:57.9671477Z [36;1m  exit 1[0m
2025-11-12T12:43:57.9671619Z [36;1m}[0m
2025-11-12T12:43:57.9671787Z [36;1m[0m
2025-11-12T12:43:57.9671973Z [36;1mSet-Location $extractScript.DirectoryName[0m
2025-11-12T12:43:57.9672220Z [36;1m[0m
2025-11-12T12:43:57.9672410Z [36;1mWrite-Host "Running SDK extraction script..."[0m
2025-11-12T12:43:57.9672665Z [36;1mcmd /c extractzstd.bat[0m
2025-11-12T12:43:57.9672858Z [36;1m[0m
2025-11-12T12:43:57.9673003Z [36;1mif ($LASTEXITCODE -ne 0) {[0m
2025-11-12T12:43:57.9673369Z [36;1m  Write-Host "Warning: extractzstd.bat exited with code $LASTEXITCODE (continuing...)"[0m
2025-11-12T12:43:57.9673750Z [36;1m}[0m
2025-11-12T12:43:57.9673879Z [36;1m[0m
2025-11-12T12:43:57.9674064Z [36;1m# Find SDK root (Headers/Util/Resources location)[0m
2025-11-12T12:43:57.9674322Z [36;1m$sdkRoot = $null[0m
2025-11-12T12:43:57.9674489Z [36;1m[0m
2025-11-12T12:43:57.9674819Z [36;1m$sdkDirs = Get-ChildItem -Directory -Filter "ae*.AfterEffectsSDK" -ErrorAction SilentlyContinue[0m
2025-11-12T12:43:57.9675446Z [36;1mforeach ($dir in $sdkDirs) {[0m
2025-11-12T12:43:57.9675726Z [36;1m  $examplesPath = Join-Path $dir.FullName "Examples"[0m
2025-11-12T12:43:57.9676049Z [36;1m  if ((Test-Path "$examplesPath\Headers") -and [0m
2025-11-12T12:43:57.9676326Z [36;1m      (Test-Path "$examplesPath\Util") -and [0m
2025-11-12T12:43:57.9676599Z [36;1m      (Test-Path "$examplesPath\Resources")) {[0m
2025-11-12T12:43:57.9676844Z [36;1m    $sdkRoot = $examplesPath[0m
2025-11-12T12:43:57.9677097Z [36;1m    Write-Host "SDK root found (Examples): $sdkRoot"[0m
2025-11-12T12:43:57.9677346Z [36;1m    break[0m
2025-11-12T12:43:57.9677501Z [36;1m  }[0m
2025-11-12T12:43:57.9677708Z [36;1m  elseif ((Test-Path "$($dir.FullName)\Headers") -and [0m
2025-11-12T12:43:57.9678013Z [36;1m          (Test-Path "$($dir.FullName)\Util") -and [0m
2025-11-12T12:43:57.9678289Z [36;1m          (Test-Path "$($dir.FullName)\Resources")) {[0m
2025-11-12T12:43:57.9678549Z [36;1m    $sdkRoot = $dir.FullName[0m
2025-11-12T12:43:57.9678802Z [36;1m    Write-Host "SDK root found (direct): $sdkRoot"[0m
2025-11-12T12:43:57.9679039Z [36;1m    break[0m
2025-11-12T12:43:57.9679190Z [36;1m  }[0m
2025-11-12T12:43:57.9679327Z [36;1m}[0m
2025-11-12T12:43:57.9679455Z [36;1m[0m
2025-11-12T12:43:57.9679598Z [36;1mif (-not $sdkRoot) {[0m
2025-11-12T12:43:57.9679826Z [36;1m  Write-Host "Searching for Headers directory..."[0m
2025-11-12T12:43:57.9680308Z [36;1m  $headersDirs = Get-ChildItem -Directory -Recurse -Depth 3 -Filter "Headers" -ErrorAction SilentlyContinue[0m
2025-11-12T12:43:57.9680763Z [36;1m  foreach ($dir in $headersDirs) {[0m
2025-11-12T12:43:57.9681003Z [36;1m    $parent = $dir.Parent.FullName[0m
2025-11-12T12:43:57.9681694Z [36;1m    if ((Test-Path "$parent\Util") -and (Test-Path "$parent\Resources")) {[0m
2025-11-12T12:43:57.9682030Z [36;1m      $sdkRoot = $parent[0m
2025-11-12T12:43:57.9682262Z [36;1m      Write-Host "SDK root found: $sdkRoot"[0m
2025-11-12T12:43:57.9682493Z [36;1m      break[0m
2025-11-12T12:43:57.9684615Z [36;1m    }[0m
2025-11-12T12:43:57.9684834Z [36;1m  }[0m
2025-11-12T12:43:57.9684987Z [36;1m}[0m
2025-11-12T12:43:57.9685123Z [36;1m[0m
2025-11-12T12:43:57.9685273Z [36;1mif (-not $sdkRoot) {[0m
2025-11-12T12:43:57.9685505Z [36;1m  Write-Host "Error: SDK root not found"[0m
2025-11-12T12:43:57.9685909Z [36;1m  Get-ChildItem -Directory -Depth 2 | Select-Object FullName | Format-Table -AutoSize[0m
2025-11-12T12:43:57.9686272Z [36;1m  exit 1[0m
2025-11-12T12:43:57.9686419Z [36;1m}[0m
2025-11-12T12:43:57.9686563Z [36;1m[0m
2025-11-12T12:43:57.9686722Z [36;1mWrite-Host "SDK root: $sdkRoot"[0m
2025-11-12T12:43:57.9686929Z [36;1m[0m
2025-11-12T12:43:57.9687207Z [36;1mNew-Item -ItemType Directory -Path "$sdkRoot\Template" -Force | Out-Null[0m
2025-11-12T12:43:57.9687642Z [36;1mAdd-Content -Path $env:GITHUB_ENV -Value "SDK_ROOT=$sdkRoot"[0m
2025-11-12T12:43:57.9688051Z [36;1mRemove-Item "..\AE_SDK.zip" -Force -ErrorAction SilentlyContinue[0m
2025-11-12T12:43:57.9751832Z shell: C:\Program Files\PowerShell\7\pwsh.EXE -command ". '{0}'"
2025-11-12T12:43:57.9752132Z env:
2025-11-12T12:43:57.9752301Z   CommandPromptType: Native
2025-11-12T12:43:57.9752632Z   DevEnvDir: C:\Program Files\Microsoft Visual Studio\2022\Enterprise\Common7\IDE\
2025-11-12T12:43:57.9753115Z   ExtensionSdkDir: C:\Program Files (x86)\Microsoft SDKs\Windows Kits\10\ExtensionSDKs
2025-11-12T12:43:57.9755132Z   EXTERNAL_INCLUDE: C:\Program Files\Microsoft Visual Studio\2022\Enterprise\VC\Tools\MSVC\14.44.35207\include;C:\Program Files\Microsoft Visual Studio\2022\Enterprise\VC\Tools\MSVC\14.44.35207\ATLMFC\include;C:\Program Files\Microsoft Visual Studio\2022\Enterprise\VC\Auxiliary\VS\include;C:\Program Files (x86)\Windows Kits\10\include\10.0.26100.0\ucrt;C:\Program Files (x86)\Windows Kits\10\\include\10.0.26100.0\\um;C:\Program Files (x86)\Windows Kits\10\\include\10.0.26100.0\\shared;C:\Program Files (x86)\Windows Kits\10\\include\10.0.26100.0\\winrt;C:\Program Files (x86)\Windows Kits\10\\include\10.0.26100.0\\cppwinrt;C:\Program Files (x86)\Windows Kits\NETFXSDK\4.8\include\um
2025-11-12T12:43:57.9758056Z   Framework40Version: v4.0
2025-11-12T12:43:57.9758302Z   FrameworkDir: C:\Windows\Microsoft.NET\Framework64\
2025-11-12T12:43:57.9758612Z   FrameworkDir64: C:\Windows\Microsoft.NET\Framework64\
2025-11-12T12:43:57.9758881Z   FrameworkVersion: v4.0.30319
2025-11-12T12:43:57.9759090Z   FrameworkVersion64: v4.0.30319
2025-11-12T12:43:57.9759559Z   FSHARPINSTALLDIR: C:\Program Files\Microsoft Visual Studio\2022\Enterprise\Common7\IDE\CommonExtensions\Microsoft\FSharp\Tools
2025-11-12T12:43:57.9760094Z   HTMLHelpDir: C:\Program Files (x86)\HTML Help Workshop
2025-11-12T12:43:57.9760523Z   IFCPATH: C:\Program Files\Microsoft Visual Studio\2022\Enterprise\VC\Tools\MSVC\14.44.35207\ifc\x64
2025-11-12T12:43:57.9762987Z   INCLUDE: C:\Program Files\Microsoft Visual Studio\2022\Enterprise\VC\Tools\MSVC\14.44.35207\include;C:\Program Files\Microsoft Visual Studio\2022\Enterprise\VC\Tools\MSVC\14.44.35207\ATLMFC\include;C:\Program Files\Microsoft Visual Studio\2022\Enterprise\VC\Auxiliary\VS\include;C:\Program Files (x86)\Windows Kits\10\include\10.0.26100.0\ucrt;C:\Program Files (x86)\Windows Kits\10\\include\10.0.26100.0\\um;C:\Program Files (x86)\Windows Kits\10\\include\10.0.26100.0\\shared;C:\Program Files (x86)\Windows Kits\10\\include\10.0.26100.0\\winrt;C:\Program Files (x86)\Windows Kits\10\\include\10.0.26100.0\\cppwinrt;C:\Program Files (x86)\Windows Kits\NETFXSDK\4.8\include\um
2025-11-12T12:43:57.9764838Z   is_x64_arch: true
2025-11-12T12:43:57.9765881Z   LIB: C:\Program Files\Microsoft Visual Studio\2022\Enterprise\VC\Tools\MSVC\14.44.35207\ATLMFC\lib\x64;C:\Program Files\Microsoft Visual Studio\2022\Enterprise\VC\Tools\MSVC\14.44.35207\lib\x64;C:\Program Files (x86)\Windows Kits\NETFXSDK\4.8\lib\um\x64;C:\Program Files (x86)\Windows Kits\10\lib\10.0.26100.0\ucrt\x64;C:\Program Files (x86)\Windows Kits\10\\lib\10.0.26100.0\\um\x64
2025-11-12T12:43:57.9768661Z   LIBPATH: C:\Program Files\Microsoft Visual Studio\2022\Enterprise\VC\Tools\MSVC\14.44.35207\ATLMFC\lib\x64;C:\Program Files\Microsoft Visual Studio\2022\Enterprise\VC\Tools\MSVC\14.44.35207\lib\x64;C:\Program Files\Microsoft Visual Studio\2022\Enterprise\VC\Tools\MSVC\14.44.35207\lib\x86\store\references;C:\Program Files (x86)\Windows Kits\10\UnionMetadata\10.0.26100.0;C:\Program Files (x86)\Windows Kits\10\References\10.0.26100.0;C:\Windows\Microsoft.NET\Framework64\v4.0.30319
2025-11-12T12:43:57.9770156Z   NETFXSDKDir: C:\Program Files (x86)\Windows Kits\NETFXSDK\4.8\
2025-11-12T12:43:57.9783542Z   Path: C:\Program Files\Microsoft Visual Studio\2022\Enterprise\VC\Tools\MSVC\14.44.35207\bin\HostX64\x64;C:\Program Files\Microsoft Visual Studio\2022\Enterprise\Common7\IDE\VC\VCPackages;C:\Program Files\Microsoft Visual Studio\2022\Enterprise\Common7\IDE\CommonExtensions\Microsoft\TestWindow;C:\Program Files\Microsoft Visual Studio\2022\Enterprise\Common7\IDE\CommonExtensions\Microsoft\TeamFoundation\Team Explorer;C:\Program Files\Microsoft Visual Studio\2022\Enterprise\MSBuild\Current\bin\Roslyn;C:\Program Files (x86)\Microsoft SDKs\Windows\v10.0A\bin\NETFX 4.8 Tools\x64\;C:\Program Files (x86)\HTML Help Workshop;C:\Program Files\Microsoft Visual Studio\2022\Enterprise\Common7\IDE\CommonExtensions\Microsoft\FSharp\Tools;C:\Program Files\Microsoft Visual Studio\2022\Enterprise\Team Tools\DiagnosticsHub\Collector;C:\Program Files\Microsoft Visual Studio\2022\Enterprise\Common7\IDE\Extensions\Microsoft\CodeCoverage.Console;C:\Program Files\Microsoft Visual Studio\2022\Enterprise\VC\Tools\Llvm\x64\bin;C:\Program Files (x86)\Windows Kits\10\bin\10.0.26100.0\\x64;C:\Program Files (x86)\Windows Kits\10\bin\\x64;C:\Program Files\Microsoft Visual Studio\2022\Enterprise\\MSBuild\Current\Bin\amd64;C:\Windows\Microsoft.NET\Framework64\v4.0.30319;C:\Program Files\Microsoft Visual Studio\2022\Enterprise\Common7\IDE\;C:\Program Files\Microsoft Visual Studio\2022\Enterprise\Common7\Tools\;C:\Program Files\Microsoft Visual Studio\2022\Enterprise\MSBuild\Current\Bin;C:\Program Files\MongoDB\Server\7.0\bin;C:\vcpkg;C:\tools\zstd;C:\hostedtoolcache\windows\stack\3.7.1\x64;C:\cabal\bin;C:\\ghcup\bin;C:\mingw64\bin;C:\Program Files\dotnet;C:\Program Files\MySQL\MySQL Server 8.0\bin;C:\Program Files\R\R-4.5.2\bin\x64;C:\SeleniumWebDrivers\GeckoDriver;C:\SeleniumWebDrivers\EdgeDriver\;C:\SeleniumWebDrivers\ChromeDriver;C:\Program Files (x86)\sbt\bin;C:\Program Files (x86)\GitHub CLI;C:\Program Files\Git\bin;C:\Program Files (x86)\pipx_bin;C:\npm\prefix;C:\hostedtoolcache\windows\go\1.24.9\x64\bin;C:\hostedtoolcache\windows\Python\3.9.13\x64\Scripts;C:\hostedtoolcache\windows\Python\3.9.13\x64;C:\hostedtoolcache\windows\Ruby\3.3.10\x64\bin;C:\Program Files\OpenSSL\bin;C:\tools\kotlinc\bin;C:\hostedtoolcache\windows\Java_Temurin-Hotspot_jdk\17.0.17-10\x64\bin;C:\Program Files\ImageMagick-7.1.2-Q16-HDRI;C:\Program Files\Microsoft SDKs\Azure\CLI2\wbin;C:\ProgramData\kind;C:\ProgramData\Chocolatey\bin;C:\Windows\system32;C:\Windows;C:\Windows\System32\Wbem;C:\Windows\System32\WindowsPowerShell\v1.0\;C:\Windows\System32\OpenSSH\;C:\Program Files\PowerShell\7\;C:\Program Files\Microsoft\Web Platform Installer\;C:\Program Files\Microsoft SQL Server\Client SDK\ODBC\170\Tools\Binn\;C:\Program Files\Microsoft SQL Server\150\Tools\Binn\;C:\Program Files\dotnet\;C:\Program Files (x86)\Windows Kits\10\Windows Performance Toolkit\;C:\Program Files (x86)\WiX Toolset v3.14\bin;C:\Program Files\Microsoft SQL Server\130\DTS\Binn\;C:\Program Files\Microsoft SQL Server\140\DTS\Binn\;C:\Program Files\Microsoft SQL Server\150\DTS\Binn\;C:\Program Files\Microsoft SQL Server\160\DTS\Binn\;C:\Program Files\Microsoft SQL Server\170\DTS\Binn\;C:\ProgramData\chocolatey\lib\pulumi\tools\Pulumi\bin;C:\Program Files\CMake\bin;C:\Strawberry\c\bin;C:\Strawberry\perl\site\bin;C:\Strawberry\perl\bin;C:\ProgramData\chocolatey\lib\maven\apache-maven-3.9.11\bin;C:\Program Files\Microsoft Service Fabric\bin\Fabric\Fabric.Code;C:\Program Files\Microsoft SDKs\Service Fabric\Tools\ServiceFabricLocalClusterManager;C:\Program Files\nodejs\;C:\Program Files\Git\cmd;C:\Program Files\Git\mingw64\bin;C:\Program Files\Git\usr\bin;C:\Program Files\GitHub CLI\;c:\tools\php;C:\Program Files\Amazon\AWSCLIV2\;C:\Program Files\Amazon\SessionManagerPlugin\bin\;C:\Program Files\Amazon\AWSSAMCLI\bin\;C:\Program Files\Microsoft SQL Server\130\Tools\Binn\;C:\Program Files\mongosh\;C:\Program Files\LLVM\bin;C:\Program Files (x86)\LLVM\bin;C:\Users\runneradmin\.dotnet\tools;C:\Users\runneradmin\.cargo\bin;C:\Users\runneradmin\AppData\Local\Microsoft\WindowsApps;C:\Program Files (x86)\Microsoft Visual Studio\Installer;C:\Program Files\Microsoft Visual Studio\2022\Enterprise\Common7\IDE\CommonExtensions\Microsoft\CMake\CMake\bin;C:\Program Files\Microsoft Visual Studio\2022\Enterprise\Common7\IDE\CommonExtensions\Microsoft\CMake\Ninja;C:\Program Files\Microsoft Visual Studio\2022\Enterprise\Common7\IDE\VC\Linux\bin\ConnectionManagerExe;C:\Program Files\Microsoft Visual Studio\2022\Enterprise\VC\vcpkg
2025-11-12T12:43:57.9797192Z   Platform: x64
2025-11-12T12:43:57.9797359Z   UCRTVersion: 10.0.26100.0
2025-11-12T12:43:57.9797623Z   UniversalCRTSdkDir: C:\Program Files (x86)\Windows Kits\10\
2025-11-12T12:43:57.9798069Z   VCIDEInstallDir: C:\Program Files\Microsoft Visual Studio\2022\Enterprise\Common7\IDE\VC\
2025-11-12T12:43:57.9798537Z   VCINSTALLDIR: C:\Program Files\Microsoft Visual Studio\2022\Enterprise\VC\
2025-11-12T12:43:57.9798964Z   VCPKG_ROOT: C:\Program Files\Microsoft Visual Studio\2022\Enterprise\VC\vcpkg
2025-11-12T12:43:57.9799492Z   VCToolsInstallDir: C:\Program Files\Microsoft Visual Studio\2022\Enterprise\VC\Tools\MSVC\14.44.35207\
2025-11-12T12:43:57.9800261Z   VCToolsRedistDir: C:\Program Files\Microsoft Visual Studio\2022\Enterprise\VC\Redist\MSVC\14.44.35112\
2025-11-12T12:43:57.9800736Z   VCToolsVersion: 14.44.35207
2025-11-12T12:43:57.9800947Z   VisualStudioVersion: 17.0
2025-11-12T12:43:57.9801427Z   VS170COMNTOOLS: C:\Program Files\Microsoft Visual Studio\2022\Enterprise\Common7\Tools\
2025-11-12T12:43:57.9801801Z   VSCMD_ARG_app_plat: Desktop
2025-11-12T12:43:57.9802003Z   VSCMD_ARG_HOST_ARCH: x64
2025-11-12T12:43:57.9802187Z   VSCMD_ARG_TGT_ARCH: x64
2025-11-12T12:43:57.9802367Z   VSCMD_VER: 17.14.19
2025-11-12T12:43:57.9802638Z   VSINSTALLDIR: C:\Program Files\Microsoft Visual Studio\2022\Enterprise\
2025-11-12T12:43:57.9803061Z   VSSDK150INSTALL: C:\Program Files\Microsoft Visual Studio\2022\Enterprise\VSSDK
2025-11-12T12:43:57.9803498Z   VSSDKINSTALL: C:\Program Files\Microsoft Visual Studio\2022\Enterprise\VSSDK
2025-11-12T12:43:57.9804107Z   WindowsLibPath: C:\Program Files (x86)\Windows Kits\10\UnionMetadata\10.0.26100.0;C:\Program Files (x86)\Windows Kits\10\References\10.0.26100.0
2025-11-12T12:43:57.9804677Z   WindowsSdkBinPath: C:\Program Files (x86)\Windows Kits\10\bin\
2025-11-12T12:43:57.9805215Z   WindowsSdkDir: C:\Program Files (x86)\Windows Kits\10\
2025-11-12T12:43:57.9805496Z   WindowsSDKLibVersion: 10.0.26100.0\
2025-11-12T12:43:57.9805833Z   WindowsSdkVerBinPath: C:\Program Files (x86)\Windows Kits\10\bin\10.0.26100.0\
2025-11-12T12:43:57.9806181Z   WindowsSDKVersion: 10.0.26100.0\
2025-11-12T12:43:57.9806579Z   WindowsSDK_ExecutablePath_x64: C:\Program Files (x86)\Microsoft SDKs\Windows\v10.0A\bin\NETFX 4.8 Tools\x64\
2025-11-12T12:43:57.9807178Z   WindowsSDK_ExecutablePath_x86: C:\Program Files (x86)\Microsoft SDKs\Windows\v10.0A\bin\NETFX 4.8 Tools\
2025-11-12T12:43:57.9807575Z   __DOTNET_ADD_64BIT: 1
2025-11-12T12:43:57.9807753Z   __DOTNET_PREFERRED_BITNESS: 64
2025-11-12T12:43:57.9815549Z   __VSCMD_PREINIT_PATH: C:\Program Files\Microsoft Visual Studio\2022\Enterprise\MSBuild\Current\Bin;C:\Program Files\MongoDB\Server\7.0\bin;C:\vcpkg;C:\tools\zstd;C:\hostedtoolcache\windows\stack\3.7.1\x64;C:\cabal\bin;C:\\ghcup\bin;C:\mingw64\bin;C:\Program Files\dotnet;C:\Program Files\MySQL\MySQL Server 8.0\bin;C:\Program Files\R\R-4.5.2\bin\x64;C:\SeleniumWebDrivers\GeckoDriver;C:\SeleniumWebDrivers\EdgeDriver\;C:\SeleniumWebDrivers\ChromeDriver;C:\Program Files (x86)\sbt\bin;C:\Program Files (x86)\GitHub CLI;C:\Program Files\Git\bin;C:\Program Files (x86)\pipx_bin;C:\npm\prefix;C:\hostedtoolcache\windows\go\1.24.9\x64\bin;C:\hostedtoolcache\windows\Python\3.9.13\x64\Scripts;C:\hostedtoolcache\windows\Python\3.9.13\x64;C:\hostedtoolcache\windows\Ruby\3.3.10\x64\bin;C:\Program Files\OpenSSL\bin;C:\tools\kotlinc\bin;C:\hostedtoolcache\windows\Java_Temurin-Hotspot_jdk\17.0.17-10\x64\bin;C:\Program Files\ImageMagick-7.1.2-Q16-HDRI;C:\Program Files\Microsoft SDKs\Azure\CLI2\wbin;C:\ProgramData\kind;C:\ProgramData\Chocolatey\bin;C:\Windows\system32;C:\Windows;C:\Windows\System32\Wbem;C:\Windows\System32\WindowsPowerShell\v1.0\;C:\Windows\System32\OpenSSH\;C:\Program Files\PowerShell\7\;C:\Program Files\Microsoft\Web Platform Installer\;C:\Program Files\Microsoft SQL Server\Client SDK\ODBC\170\Tools\Binn\;C:\Program Files\Microsoft SQL Server\150\Tools\Binn\;C:\Program Files\dotnet\;C:\Program Files (x86)\Windows Kits\10\Windows Performance Toolkit\;C:\Program Files (x86)\WiX Toolset v3.14\bin;C:\Program Files\Microsoft SQL Server\130\DTS\Binn\;C:\Program Files\Microsoft SQL Server\140\DTS\Binn\;C:\Program Files\Microsoft SQL Server\150\DTS\Binn\;C:\Program Files\Microsoft SQL Server\160\DTS\Binn\;C:\Program Files\Microsoft SQL Server\170\DTS\Binn\;C:\ProgramData\chocolatey\lib\pulumi\tools\Pulumi\bin;C:\Program Files\CMake\bin;C:\Strawberry\c\bin;C:\Strawberry\perl\site\bin;C:\Strawberry\perl\bin;C:\ProgramData\chocolatey\lib\maven\apache-maven-3.9.11\bin;C:\Program Files\Microsoft Service Fabric\bin\Fabric\Fabric.Code;C:\Program Files\Microsoft SDKs\Service Fabric\Tools\ServiceFabricLocalClusterManager;C:\Program Files\nodejs\;C:\Program Files\Git\cmd;C:\Program Files\Git\mingw64\bin;C:\Program Files\Git\usr\bin;C:\Program Files\GitHub CLI\;c:\tools\php;C:\Program Files (x86)\sbt\bin;C:\Program Files\Amazon\AWSCLIV2\;C:\Program Files\Amazon\SessionManagerPlugin\bin\;C:\Program Files\Amazon\AWSSAMCLI\bin\;C:\Program Files\Microsoft SQL Server\130\Tools\Binn\;C:\Program Files\mongosh\;C:\Program Files\LLVM\bin;C:\Program Files (x86)\LLVM\bin;C:\Users\runneradmin\.dotnet\tools;C:\Users\runneradmin\.cargo\bin;C:\Users\runneradmin\AppData\Local\Microsoft\WindowsApps;C:\Program Files (x86)\Microsoft Visual Studio\Installer
2025-11-12T12:43:57.9823682Z ##[endgroup]
2025-11-12T12:43:58.2962531Z Extracting SDK...
2025-11-12T12:43:58.8687162Z Running SDK extraction script...
2025-11-12T12:43:58.8909959Z 
2025-11-12T12:43:58.8911100Z D:\a\Ae_sep_color\Ae_sep_color\ae_sdk_work\AfterEffectsSDK_25.6_61_win>.\7-Zip-Zstandard\7z.exe x -m0=zstd -mx1  ae25.6_61.64bit.AfterEffectsSDK.zstd.zip -o. 
2025-11-12T12:43:58.9084562Z 
2025-11-12T12:43:58.9085017Z 7-Zip 19.00 ZS v1.4.8 R1 (x64) : Copyright (c) 1999-2019 Igor Pavlov, 2016-2020 Tino Reichardt : 2020-12-19
2025-11-12T12:43:58.9085382Z 
2025-11-12T12:43:58.9085479Z Scanning the drive for archives:
2025-11-12T12:43:58.9085737Z 1 file, 1941777 bytes (1897 KiB)
2025-11-12T12:43:58.9085891Z 
2025-11-12T12:43:58.9086059Z Extracting archive: ae25.6_61.64bit.AfterEffectsSDK.zstd.zip
2025-11-12T12:43:59.1649948Z --
2025-11-12T12:43:59.1650365Z Path = ae25.6_61.64bit.AfterEffectsSDK.zstd.zip
2025-11-12T12:43:59.1650823Z Type = zip
2025-11-12T12:43:59.1651105Z Physical Size = 1941777
2025-11-12T12:43:59.1651367Z 
2025-11-12T12:43:59.1655524Z Everything is Ok
2025-11-12T12:43:59.1655789Z 
2025-11-12T12:43:59.1655890Z Folders: 165
2025-11-12T12:43:59.1656169Z Files: 433
2025-11-12T12:43:59.1656376Z Size:       5535752
2025-11-12T12:43:59.1656611Z Compressed: 1941777
2025-11-12T12:43:59.1807927Z SDK root found (Examples): D:\a\Ae_sep_color\Ae_sep_color\ae_sdk_work\AfterEffectsSDK_25.6_61_win\ae25.6_61.64bit.AfterEffectsSDK\Examples
2025-11-12T12:43:59.1821696Z SDK root: D:\a\Ae_sep_color\Ae_sep_color\ae_sdk_work\AfterEffectsSDK_25.6_61_win\ae25.6_61.64bit.AfterEffectsSDK\Examples
2025-11-12T12:43:59.2904931Z ##[group]Run $pluginBuildDir = "D:\a\Ae_sep_color\Ae_sep_color\ae_plugin_output"
2025-11-12T12:43:59.2905878Z [36;1m$pluginBuildDir = "D:\a\Ae_sep_color\Ae_sep_color\ae_plugin_output"[0m
2025-11-12T12:43:59.2906704Z [36;1mNew-Item -ItemType Directory -Path $pluginBuildDir -Force | Out-Null[0m
2025-11-12T12:43:59.2907370Z [36;1m$env:AE_PLUGIN_BUILD_DIR = $pluginBuildDir[0m
2025-11-12T12:43:59.2907826Z [36;1m[0m
2025-11-12T12:43:59.2908161Z [36;1m$sdkParent = Split-Path $env:SDK_ROOT -Parent[0m
2025-11-12T12:43:59.2908628Z [36;1mSet-Location $sdkParent[0m
2025-11-12T12:43:59.2908965Z [36;1m[0m
2025-11-12T12:43:59.2909210Z [36;1m$buildSln = $null[0m
2025-11-12T12:43:59.2909525Z [36;1m[0m
2025-11-12T12:43:59.2909809Z [36;1mif (Test-Path "BuildAll.sln") {[0m
2025-11-12T12:43:59.2910217Z [36;1m  $buildSln = "BuildAll.sln"[0m
2025-11-12T12:43:59.2910682Z [36;1m} elseif (Test-Path "Examples\BuildAll.sln") {[0m
2025-11-12T12:43:59.2911193Z [36;1m  Set-Location Examples[0m
2025-11-12T12:43:59.2911577Z [36;1m  $buildSln = "BuildAll.sln"[0m
2025-11-12T12:43:59.2911940Z [36;1m}[0m
2025-11-12T12:43:59.2912181Z [36;1m[0m
2025-11-12T12:43:59.2912419Z [36;1mif ($buildSln) {[0m
2025-11-12T12:43:59.2912870Z [36;1m  Write-Host "Building SDK dependencies ($buildSln)..."[0m
2025-11-12T12:43:59.2913480Z [36;1m  Write-Host "Note: This may fail without admin rights"[0m
2025-11-12T12:43:59.2913942Z [36;1m  [0m
2025-11-12T12:43:59.2914205Z [36;1m  $buildSuccess = $false[0m
2025-11-12T12:43:59.2914539Z [36;1m  try {[0m
2025-11-12T12:43:59.2914816Z [36;1m    msbuild $buildSln `[0m
2025-11-12T12:43:59.2915187Z [36;1m      /p:Configuration=Debug `[0m
2025-11-12T12:43:59.2915570Z [36;1m      /p:Platform=x64 `[0m
2025-11-12T12:43:59.2915911Z [36;1m      /t:Build `[0m
2025-11-12T12:43:59.2916220Z [36;1m      /v:minimal `[0m
2025-11-12T12:43:59.2916525Z [36;1m      /m:1 `[0m
2025-11-12T12:43:59.2916817Z [36;1m      /nologo `[0m
2025-11-12T12:43:59.2917160Z [36;1m      /maxcpucount:1 2>&1 | Out-Null[0m
2025-11-12T12:43:59.2917826Z [36;1m    [0m
2025-11-12T12:43:59.2918112Z [36;1m    if ($LASTEXITCODE -eq 0) {[0m
2025-11-12T12:43:59.2918580Z [36;1m      Write-Host "SDK dependencies built successfully"[0m
2025-11-12T12:43:59.2919087Z [36;1m      $buildSuccess = $true[0m
2025-11-12T12:43:59.2919436Z [36;1m    }[0m
2025-11-12T12:43:59.2919707Z [36;1m  } catch {[0m
2025-11-12T12:43:59.2920033Z [36;1m    # Silently ignore build errors[0m
2025-11-12T12:43:59.2920414Z [36;1m  }[0m
2025-11-12T12:43:59.2920747Z [36;1m  [0m
2025-11-12T12:43:59.2921117Z [36;1m  if (-not $buildSuccess) {[0m
2025-11-12T12:43:59.2921852Z [36;1m    Write-Host "SDK dependencies build skipped (not required for plugin build)"[0m
2025-11-12T12:43:59.2922592Z [36;1m  }[0m
2025-11-12T12:43:59.2922896Z [36;1m} else {[0m
2025-11-12T12:43:59.2923459Z [36;1m  Write-Host "BuildAll.sln not found (not required for plugin build)"[0m
2025-11-12T12:43:59.2924739Z [36;1m}[0m
2025-11-12T12:43:59.2925039Z [36;1m[0m
2025-11-12T12:43:59.2925383Z [36;1m# Always succeed this step[0m
2025-11-12T12:43:59.2925848Z [36;1mexit 0[0m
2025-11-12T12:43:59.3053953Z shell: C:\Program Files\PowerShell\7\pwsh.EXE -command ". '{0}'"
2025-11-12T12:43:59.3054387Z env:
2025-11-12T12:43:59.3054569Z   CommandPromptType: Native
2025-11-12T12:43:59.3054934Z   DevEnvDir: C:\Program Files\Microsoft Visual Studio\2022\Enterprise\Common7\IDE\
2025-11-12T12:43:59.3055424Z   ExtensionSdkDir: C:\Program Files (x86)\Microsoft SDKs\Windows Kits\10\ExtensionSDKs
2025-11-12T12:43:59.3059924Z   EXTERNAL_INCLUDE: C:\Program Files\Microsoft Visual Studio\2022\Enterprise\VC\Tools\MSVC\14.44.35207\include;C:\Program Files\Microsoft Visual Studio\2022\Enterprise\VC\Tools\MSVC\14.44.35207\ATLMFC\include;C:\Program Files\Microsoft Visual Studio\2022\Enterprise\VC\Auxiliary\VS\include;C:\Program Files (x86)\Windows Kits\10\include\10.0.26100.0\ucrt;C:\Program Files (x86)\Windows Kits\10\\include\10.0.26100.0\\um;C:\Program Files (x86)\Windows Kits\10\\include\10.0.26100.0\\shared;C:\Program Files (x86)\Windows Kits\10\\include\10.0.26100.0\\winrt;C:\Program Files (x86)\Windows Kits\10\\include\10.0.26100.0\\cppwinrt;C:\Program Files (x86)\Windows Kits\NETFXSDK\4.8\include\um
2025-11-12T12:43:59.3061958Z   Framework40Version: v4.0
2025-11-12T12:43:59.3062206Z   FrameworkDir: C:\Windows\Microsoft.NET\Framework64\
2025-11-12T12:43:59.3062529Z   FrameworkDir64: C:\Windows\Microsoft.NET\Framework64\
2025-11-12T12:43:59.3062867Z   FrameworkVersion: v4.0.30319
2025-11-12T12:43:59.3063219Z   FrameworkVersion64: v4.0.30319
2025-11-12T12:43:59.3063711Z   FSHARPINSTALLDIR: C:\Program Files\Microsoft Visual Studio\2022\Enterprise\Common7\IDE\CommonExtensions\Microsoft\FSharp\Tools
2025-11-12T12:43:59.3064247Z   HTMLHelpDir: C:\Program Files (x86)\HTML Help Workshop
2025-11-12T12:43:59.3064682Z   IFCPATH: C:\Program Files\Microsoft Visual Studio\2022\Enterprise\VC\Tools\MSVC\14.44.35207\ifc\x64
2025-11-12T12:43:59.3066707Z   INCLUDE: C:\Program Files\Microsoft Visual Studio\2022\Enterprise\VC\Tools\MSVC\14.44.35207\include;C:\Program Files\Microsoft Visual Studio\2022\Enterprise\VC\Tools\MSVC\14.44.35207\ATLMFC\include;C:\Program Files\Microsoft Visual Studio\2022\Enterprise\VC\Auxiliary\VS\include;C:\Program Files (x86)\Windows Kits\10\include\10.0.26100.0\ucrt;C:\Program Files (x86)\Windows Kits\10\\include\10.0.26100.0\\um;C:\Program Files (x86)\Windows Kits\10\\include\10.0.26100.0\\shared;C:\Program Files (x86)\Windows Kits\10\\include\10.0.26100.0\\winrt;C:\Program Files (x86)\Windows Kits\10\\include\10.0.26100.0\\cppwinrt;C:\Program Files (x86)\Windows Kits\NETFXSDK\4.8\include\um
2025-11-12T12:43:59.3068740Z   is_x64_arch: true
2025-11-12T12:43:59.3069775Z   LIB: C:\Program Files\Microsoft Visual Studio\2022\Enterprise\VC\Tools\MSVC\14.44.35207\ATLMFC\lib\x64;C:\Program Files\Microsoft Visual Studio\2022\Enterprise\VC\Tools\MSVC\14.44.35207\lib\x64;C:\Program Files (x86)\Windows Kits\NETFXSDK\4.8\lib\um\x64;C:\Program Files (x86)\Windows Kits\10\lib\10.0.26100.0\ucrt\x64;C:\Program Files (x86)\Windows Kits\10\\lib\10.0.26100.0\\um\x64
2025-11-12T12:43:59.3072254Z   LIBPATH: C:\Program Files\Microsoft Visual Studio\2022\Enterprise\VC\Tools\MSVC\14.44.35207\ATLMFC\lib\x64;C:\Program Files\Microsoft Visual Studio\2022\Enterprise\VC\Tools\MSVC\14.44.35207\lib\x64;C:\Program Files\Microsoft Visual Studio\2022\Enterprise\VC\Tools\MSVC\14.44.35207\lib\x86\store\references;C:\Program Files (x86)\Windows Kits\10\UnionMetadata\10.0.26100.0;C:\Program Files (x86)\Windows Kits\10\References\10.0.26100.0;C:\Windows\Microsoft.NET\Framework64\v4.0.30319
2025-11-12T12:43:59.3073712Z   NETFXSDKDir: C:\Program Files (x86)\Windows Kits\NETFXSDK\4.8\
2025-11-12T12:43:59.3087340Z   Path: C:\Program Files\Microsoft Visual Studio\2022\Enterprise\VC\Tools\MSVC\14.44.35207\bin\HostX64\x64;C:\Program Files\Microsoft Visual Studio\2022\Enterprise\Common7\IDE\VC\VCPackages;C:\Program Files\Microsoft Visual Studio\2022\Enterprise\Common7\IDE\CommonExtensions\Microsoft\TestWindow;C:\Program Files\Microsoft Visual Studio\2022\Enterprise\Common7\IDE\CommonExtensions\Microsoft\TeamFoundation\Team Explorer;C:\Program Files\Microsoft Visual Studio\2022\Enterprise\MSBuild\Current\bin\Roslyn;C:\Program Files (x86)\Microsoft SDKs\Windows\v10.0A\bin\NETFX 4.8 Tools\x64\;C:\Program Files (x86)\HTML Help Workshop;C:\Program Files\Microsoft Visual Studio\2022\Enterprise\Common7\IDE\CommonExtensions\Microsoft\FSharp\Tools;C:\Program Files\Microsoft Visual Studio\2022\Enterprise\Team Tools\DiagnosticsHub\Collector;C:\Program Files\Microsoft Visual Studio\2022\Enterprise\Common7\IDE\Extensions\Microsoft\CodeCoverage.Console;C:\Program Files\Microsoft Visual Studio\2022\Enterprise\VC\Tools\Llvm\x64\bin;C:\Program Files (x86)\Windows Kits\10\bin\10.0.26100.0\\x64;C:\Program Files (x86)\Windows Kits\10\bin\\x64;C:\Program Files\Microsoft Visual Studio\2022\Enterprise\\MSBuild\Current\Bin\amd64;C:\Windows\Microsoft.NET\Framework64\v4.0.30319;C:\Program Files\Microsoft Visual Studio\2022\Enterprise\Common7\IDE\;C:\Program Files\Microsoft Visual Studio\2022\Enterprise\Common7\Tools\;C:\Program Files\Microsoft Visual Studio\2022\Enterprise\MSBuild\Current\Bin;C:\Program Files\MongoDB\Server\7.0\bin;C:\vcpkg;C:\tools\zstd;C:\hostedtoolcache\windows\stack\3.7.1\x64;C:\cabal\bin;C:\\ghcup\bin;C:\mingw64\bin;C:\Program Files\dotnet;C:\Program Files\MySQL\MySQL Server 8.0\bin;C:\Program Files\R\R-4.5.2\bin\x64;C:\SeleniumWebDrivers\GeckoDriver;C:\SeleniumWebDrivers\EdgeDriver\;C:\SeleniumWebDrivers\ChromeDriver;C:\Program Files (x86)\sbt\bin;C:\Program Files (x86)\GitHub CLI;C:\Program Files\Git\bin;C:\Program Files (x86)\pipx_bin;C:\npm\prefix;C:\hostedtoolcache\windows\go\1.24.9\x64\bin;C:\hostedtoolcache\windows\Python\3.9.13\x64\Scripts;C:\hostedtoolcache\windows\Python\3.9.13\x64;C:\hostedtoolcache\windows\Ruby\3.3.10\x64\bin;C:\Program Files\OpenSSL\bin;C:\tools\kotlinc\bin;C:\hostedtoolcache\windows\Java_Temurin-Hotspot_jdk\17.0.17-10\x64\bin;C:\Program Files\ImageMagick-7.1.2-Q16-HDRI;C:\Program Files\Microsoft SDKs\Azure\CLI2\wbin;C:\ProgramData\kind;C:\ProgramData\Chocolatey\bin;C:\Windows\system32;C:\Windows;C:\Windows\System32\Wbem;C:\Windows\System32\WindowsPowerShell\v1.0\;C:\Windows\System32\OpenSSH\;C:\Program Files\PowerShell\7\;C:\Program Files\Microsoft\Web Platform Installer\;C:\Program Files\Microsoft SQL Server\Client SDK\ODBC\170\Tools\Binn\;C:\Program Files\Microsoft SQL Server\150\Tools\Binn\;C:\Program Files\dotnet\;C:\Program Files (x86)\Windows Kits\10\Windows Performance Toolkit\;C:\Program Files (x86)\WiX Toolset v3.14\bin;C:\Program Files\Microsoft SQL Server\130\DTS\Binn\;C:\Program Files\Microsoft SQL Server\140\DTS\Binn\;C:\Program Files\Microsoft SQL Server\150\DTS\Binn\;C:\Program Files\Microsoft SQL Server\160\DTS\Binn\;C:\Program Files\Microsoft SQL Server\170\DTS\Binn\;C:\ProgramData\chocolatey\lib\pulumi\tools\Pulumi\bin;C:\Program Files\CMake\bin;C:\Strawberry\c\bin;C:\Strawberry\perl\site\bin;C:\Strawberry\perl\bin;C:\ProgramData\chocolatey\lib\maven\apache-maven-3.9.11\bin;C:\Program Files\Microsoft Service Fabric\bin\Fabric\Fabric.Code;C:\Program Files\Microsoft SDKs\Service Fabric\Tools\ServiceFabricLocalClusterManager;C:\Program Files\nodejs\;C:\Program Files\Git\cmd;C:\Program Files\Git\mingw64\bin;C:\Program Files\Git\usr\bin;C:\Program Files\GitHub CLI\;c:\tools\php;C:\Program Files\Amazon\AWSCLIV2\;C:\Program Files\Amazon\SessionManagerPlugin\bin\;C:\Program Files\Amazon\AWSSAMCLI\bin\;C:\Program Files\Microsoft SQL Server\130\Tools\Binn\;C:\Program Files\mongosh\;C:\Program Files\LLVM\bin;C:\Program Files (x86)\LLVM\bin;C:\Users\runneradmin\.dotnet\tools;C:\Users\runneradmin\.cargo\bin;C:\Users\runneradmin\AppData\Local\Microsoft\WindowsApps;C:\Program Files (x86)\Microsoft Visual Studio\Installer;C:\Program Files\Microsoft Visual Studio\2022\Enterprise\Common7\IDE\CommonExtensions\Microsoft\CMake\CMake\bin;C:\Program Files\Microsoft Visual Studio\2022\Enterprise\Common7\IDE\CommonExtensions\Microsoft\CMake\Ninja;C:\Program Files\Microsoft Visual Studio\2022\Enterprise\Common7\IDE\VC\Linux\bin\ConnectionManagerExe;C:\Program Files\Microsoft Visual Studio\2022\Enterprise\VC\vcpkg
2025-11-12T12:43:59.3100773Z   Platform: x64
2025-11-12T12:43:59.3101050Z   UCRTVersion: 10.0.26100.0
2025-11-12T12:43:59.3101403Z   UniversalCRTSdkDir: C:\Program Files (x86)\Windows Kits\10\
2025-11-12T12:43:59.3101847Z   VCIDEInstallDir: C:\Program Files\Microsoft Visual Studio\2022\Enterprise\Common7\IDE\VC\
2025-11-12T12:43:59.3102312Z   VCINSTALLDIR: C:\Program Files\Microsoft Visual Studio\2022\Enterprise\VC\
2025-11-12T12:43:59.3102735Z   VCPKG_ROOT: C:\Program Files\Microsoft Visual Studio\2022\Enterprise\VC\vcpkg
2025-11-12T12:43:59.3103422Z   VCToolsInstallDir: C:\Program Files\Microsoft Visual Studio\2022\Enterprise\VC\Tools\MSVC\14.44.35207\
2025-11-12T12:43:59.3104005Z   VCToolsRedistDir: C:\Program Files\Microsoft Visual Studio\2022\Enterprise\VC\Redist\MSVC\14.44.35112\
2025-11-12T12:43:59.3104541Z   VCToolsVersion: 14.44.35207
2025-11-12T12:43:59.3104756Z   VisualStudioVersion: 17.0
2025-11-12T12:43:59.3105092Z   VS170COMNTOOLS: C:\Program Files\Microsoft Visual Studio\2022\Enterprise\Common7\Tools\
2025-11-12T12:43:59.3105454Z   VSCMD_ARG_app_plat: Desktop
2025-11-12T12:43:59.3105646Z   VSCMD_ARG_HOST_ARCH: x64
2025-11-12T12:43:59.3105834Z   VSCMD_ARG_TGT_ARCH: x64
2025-11-12T12:43:59.3106015Z   VSCMD_VER: 17.14.19
2025-11-12T12:43:59.3106276Z   VSINSTALLDIR: C:\Program Files\Microsoft Visual Studio\2022\Enterprise\
2025-11-12T12:43:59.3106704Z   VSSDK150INSTALL: C:\Program Files\Microsoft Visual Studio\2022\Enterprise\VSSDK
2025-11-12T12:43:59.3107139Z   VSSDKINSTALL: C:\Program Files\Microsoft Visual Studio\2022\Enterprise\VSSDK
2025-11-12T12:43:59.3107734Z   WindowsLibPath: C:\Program Files (x86)\Windows Kits\10\UnionMetadata\10.0.26100.0;C:\Program Files (x86)\Windows Kits\10\References\10.0.26100.0
2025-11-12T12:43:59.3108330Z   WindowsSdkBinPath: C:\Program Files (x86)\Windows Kits\10\bin\
2025-11-12T12:43:59.3108681Z   WindowsSdkDir: C:\Program Files (x86)\Windows Kits\10\
2025-11-12T12:43:59.3108953Z   WindowsSDKLibVersion: 10.0.26100.0\
2025-11-12T12:43:59.3109284Z   WindowsSdkVerBinPath: C:\Program Files (x86)\Windows Kits\10\bin\10.0.26100.0\
2025-11-12T12:43:59.3109616Z   WindowsSDKVersion: 10.0.26100.0\
2025-11-12T12:43:59.3110015Z   WindowsSDK_ExecutablePath_x64: C:\Program Files (x86)\Microsoft SDKs\Windows\v10.0A\bin\NETFX 4.8 Tools\x64\
2025-11-12T12:43:59.3110609Z   WindowsSDK_ExecutablePath_x86: C:\Program Files (x86)\Microsoft SDKs\Windows\v10.0A\bin\NETFX 4.8 Tools\
2025-11-12T12:43:59.3110997Z   __DOTNET_ADD_64BIT: 1
2025-11-12T12:43:59.3111179Z   __DOTNET_PREFERRED_BITNESS: 64
2025-11-12T12:43:59.3118964Z   __VSCMD_PREINIT_PATH: C:\Program Files\Microsoft Visual Studio\2022\Enterprise\MSBuild\Current\Bin;C:\Program Files\MongoDB\Server\7.0\bin;C:\vcpkg;C:\tools\zstd;C:\hostedtoolcache\windows\stack\3.7.1\x64;C:\cabal\bin;C:\\ghcup\bin;C:\mingw64\bin;C:\Program Files\dotnet;C:\Program Files\MySQL\MySQL Server 8.0\bin;C:\Program Files\R\R-4.5.2\bin\x64;C:\SeleniumWebDrivers\GeckoDriver;C:\SeleniumWebDrivers\EdgeDriver\;C:\SeleniumWebDrivers\ChromeDriver;C:\Program Files (x86)\sbt\bin;C:\Program Files (x86)\GitHub CLI;C:\Program Files\Git\bin;C:\Program Files (x86)\pipx_bin;C:\npm\prefix;C:\hostedtoolcache\windows\go\1.24.9\x64\bin;C:\hostedtoolcache\windows\Python\3.9.13\x64\Scripts;C:\hostedtoolcache\windows\Python\3.9.13\x64;C:\hostedtoolcache\windows\Ruby\3.3.10\x64\bin;C:\Program Files\OpenSSL\bin;C:\tools\kotlinc\bin;C:\hostedtoolcache\windows\Java_Temurin-Hotspot_jdk\17.0.17-10\x64\bin;C:\Program Files\ImageMagick-7.1.2-Q16-HDRI;C:\Program Files\Microsoft SDKs\Azure\CLI2\wbin;C:\ProgramData\kind;C:\ProgramData\Chocolatey\bin;C:\Windows\system32;C:\Windows;C:\Windows\System32\Wbem;C:\Windows\System32\WindowsPowerShell\v1.0\;C:\Windows\System32\OpenSSH\;C:\Program Files\PowerShell\7\;C:\Program Files\Microsoft\Web Platform Installer\;C:\Program Files\Microsoft SQL Server\Client SDK\ODBC\170\Tools\Binn\;C:\Program Files\Microsoft SQL Server\150\Tools\Binn\;C:\Program Files\dotnet\;C:\Program Files (x86)\Windows Kits\10\Windows Performance Toolkit\;C:\Program Files (x86)\WiX Toolset v3.14\bin;C:\Program Files\Microsoft SQL Server\130\DTS\Binn\;C:\Program Files\Microsoft SQL Server\140\DTS\Binn\;C:\Program Files\Microsoft SQL Server\150\DTS\Binn\;C:\Program Files\Microsoft SQL Server\160\DTS\Binn\;C:\Program Files\Microsoft SQL Server\170\DTS\Binn\;C:\ProgramData\chocolatey\lib\pulumi\tools\Pulumi\bin;C:\Program Files\CMake\bin;C:\Strawberry\c\bin;C:\Strawberry\perl\site\bin;C:\Strawberry\perl\bin;C:\ProgramData\chocolatey\lib\maven\apache-maven-3.9.11\bin;C:\Program Files\Microsoft Service Fabric\bin\Fabric\Fabric.Code;C:\Program Files\Microsoft SDKs\Service Fabric\Tools\ServiceFabricLocalClusterManager;C:\Program Files\nodejs\;C:\Program Files\Git\cmd;C:\Program Files\Git\mingw64\bin;C:\Program Files\Git\usr\bin;C:\Program Files\GitHub CLI\;c:\tools\php;C:\Program Files (x86)\sbt\bin;C:\Program Files\Amazon\AWSCLIV2\;C:\Program Files\Amazon\SessionManagerPlugin\bin\;C:\Program Files\Amazon\AWSSAMCLI\bin\;C:\Program Files\Microsoft SQL Server\130\Tools\Binn\;C:\Program Files\mongosh\;C:\Program Files\LLVM\bin;C:\Program Files (x86)\LLVM\bin;C:\Users\runneradmin\.dotnet\tools;C:\Users\runneradmin\.cargo\bin;C:\Users\runneradmin\AppData\Local\Microsoft\WindowsApps;C:\Program Files (x86)\Microsoft Visual Studio\Installer
2025-11-12T12:43:59.3127916Z   SDK_ROOT: D:\a\Ae_sep_color\Ae_sep_color\ae_sdk_work\AfterEffectsSDK_25.6_61_win\ae25.6_61.64bit.AfterEffectsSDK\Examples
2025-11-12T12:43:59.3128338Z ##[endgroup]
2025-11-12T12:43:59.6757345Z Building SDK dependencies (BuildAll.sln)...
2025-11-12T12:43:59.6763392Z Note: This may fail without admin rights
2025-11-12T12:45:43.5094866Z SDK dependencies build skipped (not required for plugin build)
2025-11-12T12:45:43.5616289Z ##[group]Run Write-Host "Copying plugin to SDK Template directory..."
2025-11-12T12:45:43.5617164Z [36;1mWrite-Host "Copying plugin to SDK Template directory..."[0m
2025-11-12T12:45:43.5617721Z [36;1m[0m
2025-11-12T12:45:43.5617952Z [36;1m$pluginDir = "$env:SDK_ROOT\Template\sep_color"[0m
2025-11-12T12:45:43.5618341Z [36;1mNew-Item -ItemType Directory -Path $pluginDir -Force | Out-Null[0m
2025-11-12T12:45:43.5618666Z [36;1m[0m
2025-11-12T12:45:43.5618912Z [36;1m$excludeDirs = @('.git', 'tmp', 'ae_sdk_work', '.github', 'output')[0m
2025-11-12T12:45:43.5619199Z [36;1m[0m
2025-11-12T12:45:43.5619453Z [36;1mGet-ChildItem "D:\a\Ae_sep_color\Ae_sep_color" -Force | Where-Object {[0m
2025-11-12T12:45:43.5619855Z [36;1m  $_.Name -notin $excludeDirs -and $_.Name -ne 'AE_SDK.zip'[0m
2025-11-12T12:45:43.5620146Z [36;1m} | ForEach-Object {[0m
2025-11-12T12:45:43.5620717Z [36;1m  Copy-Item -Path $_.FullName -Destination $pluginDir -Recurse -Force[0m
2025-11-12T12:45:43.5621400Z [36;1m}[0m
2025-11-12T12:45:43.5621542Z [36;1m[0m
2025-11-12T12:45:43.5621731Z [36;1mWrite-Host "Plugin copied to: $pluginDir"[0m
2025-11-12T12:45:43.5622339Z [36;1mAdd-Content -Path $env:GITHUB_ENV -Value "PLUGIN_DIR=$pluginDir"[0m
2025-11-12T12:45:43.5704179Z shell: C:\Program Files\PowerShell\7\pwsh.EXE -command ". '{0}'"
2025-11-12T12:45:43.5704490Z env:
2025-11-12T12:45:43.5704660Z   CommandPromptType: Native
2025-11-12T12:45:43.5705001Z   DevEnvDir: C:\Program Files\Microsoft Visual Studio\2022\Enterprise\Common7\IDE\
2025-11-12T12:45:43.5705488Z   ExtensionSdkDir: C:\Program Files (x86)\Microsoft SDKs\Windows Kits\10\ExtensionSDKs
2025-11-12T12:45:43.5708679Z   EXTERNAL_INCLUDE: C:\Program Files\Microsoft Visual Studio\2022\Enterprise\VC\Tools\MSVC\14.44.35207\include;C:\Program Files\Microsoft Visual Studio\2022\Enterprise\VC\Tools\MSVC\14.44.35207\ATLMFC\include;C:\Program Files\Microsoft Visual Studio\2022\Enterprise\VC\Auxiliary\VS\include;C:\Program Files (x86)\Windows Kits\10\include\10.0.26100.0\ucrt;C:\Program Files (x86)\Windows Kits\10\\include\10.0.26100.0\\um;C:\Program Files (x86)\Windows Kits\10\\include\10.0.26100.0\\shared;C:\Program Files (x86)\Windows Kits\10\\include\10.0.26100.0\\winrt;C:\Program Files (x86)\Windows Kits\10\\include\10.0.26100.0\\cppwinrt;C:\Program Files (x86)\Windows Kits\NETFXSDK\4.8\include\um
2025-11-12T12:45:43.5711144Z   Framework40Version: v4.0
2025-11-12T12:45:43.5711395Z   FrameworkDir: C:\Windows\Microsoft.NET\Framework64\
2025-11-12T12:45:43.5711855Z   FrameworkDir64: C:\Windows\Microsoft.NET\Framework64\
2025-11-12T12:45:43.5712344Z   FrameworkVersion: v4.0.30319
2025-11-12T12:45:43.5712712Z   FrameworkVersion64: v4.0.30319
2025-11-12T12:45:43.5713572Z   FSHARPINSTALLDIR: C:\Program Files\Microsoft Visual Studio\2022\Enterprise\Common7\IDE\CommonExtensions\Microsoft\FSharp\Tools
2025-11-12T12:45:43.5714563Z   HTMLHelpDir: C:\Program Files (x86)\HTML Help Workshop
2025-11-12T12:45:43.5715261Z   IFCPATH: C:\Program Files\Microsoft Visual Studio\2022\Enterprise\VC\Tools\MSVC\14.44.35207\ifc\x64
2025-11-12T12:45:43.5717518Z   INCLUDE: C:\Program Files\Microsoft Visual Studio\2022\Enterprise\VC\Tools\MSVC\14.44.35207\include;C:\Program Files\Microsoft Visual Studio\2022\Enterprise\VC\Tools\MSVC\14.44.35207\ATLMFC\include;C:\Program Files\Microsoft Visual Studio\2022\Enterprise\VC\Auxiliary\VS\include;C:\Program Files (x86)\Windows Kits\10\include\10.0.26100.0\ucrt;C:\Program Files (x86)\Windows Kits\10\\include\10.0.26100.0\\um;C:\Program Files (x86)\Windows Kits\10\\include\10.0.26100.0\\shared;C:\Program Files (x86)\Windows Kits\10\\include\10.0.26100.0\\winrt;C:\Program Files (x86)\Windows Kits\10\\include\10.0.26100.0\\cppwinrt;C:\Program Files (x86)\Windows Kits\NETFXSDK\4.8\include\um
2025-11-12T12:45:43.5720008Z   is_x64_arch: true
2025-11-12T12:45:43.5723287Z   LIB: C:\Program Files\Microsoft Visual Studio\2022\Enterprise\VC\Tools\MSVC\14.44.35207\ATLMFC\lib\x64;C:\Program Files\Microsoft Visual Studio\2022\Enterprise\VC\Tools\MSVC\14.44.35207\lib\x64;C:\Program Files (x86)\Windows Kits\NETFXSDK\4.8\lib\um\x64;C:\Program Files (x86)\Windows Kits\10\lib\10.0.26100.0\ucrt\x64;C:\Program Files (x86)\Windows Kits\10\\lib\10.0.26100.0\\um\x64
2025-11-12T12:45:43.5727085Z   LIBPATH: C:\Program Files\Microsoft Visual Studio\2022\Enterprise\VC\Tools\MSVC\14.44.35207\ATLMFC\lib\x64;C:\Program Files\Microsoft Visual Studio\2022\Enterprise\VC\Tools\MSVC\14.44.35207\lib\x64;C:\Program Files\Microsoft Visual Studio\2022\Enterprise\VC\Tools\MSVC\14.44.35207\lib\x86\store\references;C:\Program Files (x86)\Windows Kits\10\UnionMetadata\10.0.26100.0;C:\Program Files (x86)\Windows Kits\10\References\10.0.26100.0;C:\Windows\Microsoft.NET\Framework64\v4.0.30319
2025-11-12T12:45:43.5728950Z   NETFXSDKDir: C:\Program Files (x86)\Windows Kits\NETFXSDK\4.8\
2025-11-12T12:45:43.5747578Z   Path: C:\Program Files\Microsoft Visual Studio\2022\Enterprise\VC\Tools\MSVC\14.44.35207\bin\HostX64\x64;C:\Program Files\Microsoft Visual Studio\2022\Enterprise\Common7\IDE\VC\VCPackages;C:\Program Files\Microsoft Visual Studio\2022\Enterprise\Common7\IDE\CommonExtensions\Microsoft\TestWindow;C:\Program Files\Microsoft Visual Studio\2022\Enterprise\Common7\IDE\CommonExtensions\Microsoft\TeamFoundation\Team Explorer;C:\Program Files\Microsoft Visual Studio\2022\Enterprise\MSBuild\Current\bin\Roslyn;C:\Program Files (x86)\Microsoft SDKs\Windows\v10.0A\bin\NETFX 4.8 Tools\x64\;C:\Program Files (x86)\HTML Help Workshop;C:\Program Files\Microsoft Visual Studio\2022\Enterprise\Common7\IDE\CommonExtensions\Microsoft\FSharp\Tools;C:\Program Files\Microsoft Visual Studio\2022\Enterprise\Team Tools\DiagnosticsHub\Collector;C:\Program Files\Microsoft Visual Studio\2022\Enterprise\Common7\IDE\Extensions\Microsoft\CodeCoverage.Console;C:\Program Files\Microsoft Visual Studio\2022\Enterprise\VC\Tools\Llvm\x64\bin;C:\Program Files (x86)\Windows Kits\10\bin\10.0.26100.0\\x64;C:\Program Files (x86)\Windows Kits\10\bin\\x64;C:\Program Files\Microsoft Visual Studio\2022\Enterprise\\MSBuild\Current\Bin\amd64;C:\Windows\Microsoft.NET\Framework64\v4.0.30319;C:\Program Files\Microsoft Visual Studio\2022\Enterprise\Common7\IDE\;C:\Program Files\Microsoft Visual Studio\2022\Enterprise\Common7\Tools\;C:\Program Files\Microsoft Visual Studio\2022\Enterprise\MSBuild\Current\Bin;C:\Program Files\MongoDB\Server\7.0\bin;C:\vcpkg;C:\tools\zstd;C:\hostedtoolcache\windows\stack\3.7.1\x64;C:\cabal\bin;C:\\ghcup\bin;C:\mingw64\bin;C:\Program Files\dotnet;C:\Program Files\MySQL\MySQL Server 8.0\bin;C:\Program Files\R\R-4.5.2\bin\x64;C:\SeleniumWebDrivers\GeckoDriver;C:\SeleniumWebDrivers\EdgeDriver\;C:\SeleniumWebDrivers\ChromeDriver;C:\Program Files (x86)\sbt\bin;C:\Program Files (x86)\GitHub CLI;C:\Program Files\Git\bin;C:\Program Files (x86)\pipx_bin;C:\npm\prefix;C:\hostedtoolcache\windows\go\1.24.9\x64\bin;C:\hostedtoolcache\windows\Python\3.9.13\x64\Scripts;C:\hostedtoolcache\windows\Python\3.9.13\x64;C:\hostedtoolcache\windows\Ruby\3.3.10\x64\bin;C:\Program Files\OpenSSL\bin;C:\tools\kotlinc\bin;C:\hostedtoolcache\windows\Java_Temurin-Hotspot_jdk\17.0.17-10\x64\bin;C:\Program Files\ImageMagick-7.1.2-Q16-HDRI;C:\Program Files\Microsoft SDKs\Azure\CLI2\wbin;C:\ProgramData\kind;C:\ProgramData\Chocolatey\bin;C:\Windows\system32;C:\Windows;C:\Windows\System32\Wbem;C:\Windows\System32\WindowsPowerShell\v1.0\;C:\Windows\System32\OpenSSH\;C:\Program Files\PowerShell\7\;C:\Program Files\Microsoft\Web Platform Installer\;C:\Program Files\Microsoft SQL Server\Client SDK\ODBC\170\Tools\Binn\;C:\Program Files\Microsoft SQL Server\150\Tools\Binn\;C:\Program Files\dotnet\;C:\Program Files (x86)\Windows Kits\10\Windows Performance Toolkit\;C:\Program Files (x86)\WiX Toolset v3.14\bin;C:\Program Files\Microsoft SQL Server\130\DTS\Binn\;C:\Program Files\Microsoft SQL Server\140\DTS\Binn\;C:\Program Files\Microsoft SQL Server\150\DTS\Binn\;C:\Program Files\Microsoft SQL Server\160\DTS\Binn\;C:\Program Files\Microsoft SQL Server\170\DTS\Binn\;C:\ProgramData\chocolatey\lib\pulumi\tools\Pulumi\bin;C:\Program Files\CMake\bin;C:\Strawberry\c\bin;C:\Strawberry\perl\site\bin;C:\Strawberry\perl\bin;C:\ProgramData\chocolatey\lib\maven\apache-maven-3.9.11\bin;C:\Program Files\Microsoft Service Fabric\bin\Fabric\Fabric.Code;C:\Program Files\Microsoft SDKs\Service Fabric\Tools\ServiceFabricLocalClusterManager;C:\Program Files\nodejs\;C:\Program Files\Git\cmd;C:\Program Files\Git\mingw64\bin;C:\Program Files\Git\usr\bin;C:\Program Files\GitHub CLI\;c:\tools\php;C:\Program Files\Amazon\AWSCLIV2\;C:\Program Files\Amazon\SessionManagerPlugin\bin\;C:\Program Files\Amazon\AWSSAMCLI\bin\;C:\Program Files\Microsoft SQL Server\130\Tools\Binn\;C:\Program Files\mongosh\;C:\Program Files\LLVM\bin;C:\Program Files (x86)\LLVM\bin;C:\Users\runneradmin\.dotnet\tools;C:\Users\runneradmin\.cargo\bin;C:\Users\runneradmin\AppData\Local\Microsoft\WindowsApps;C:\Program Files (x86)\Microsoft Visual Studio\Installer;C:\Program Files\Microsoft Visual Studio\2022\Enterprise\Common7\IDE\CommonExtensions\Microsoft\CMake\CMake\bin;C:\Program Files\Microsoft Visual Studio\2022\Enterprise\Common7\IDE\CommonExtensions\Microsoft\CMake\Ninja;C:\Program Files\Microsoft Visual Studio\2022\Enterprise\Common7\IDE\VC\Linux\bin\ConnectionManagerExe;C:\Program Files\Microsoft Visual Studio\2022\Enterprise\VC\vcpkg
2025-11-12T12:45:43.5766328Z   Platform: x64
2025-11-12T12:45:43.5766518Z   UCRTVersion: 10.0.26100.0
2025-11-12T12:45:43.5766796Z   UniversalCRTSdkDir: C:\Program Files (x86)\Windows Kits\10\
2025-11-12T12:45:43.5767252Z   VCIDEInstallDir: C:\Program Files\Microsoft Visual Studio\2022\Enterprise\Common7\IDE\VC\
2025-11-12T12:45:43.5767868Z   VCINSTALLDIR: C:\Program Files\Microsoft Visual Studio\2022\Enterprise\VC\
2025-11-12T12:45:43.5768662Z   VCPKG_ROOT: C:\Program Files\Microsoft Visual Studio\2022\Enterprise\VC\vcpkg
2025-11-12T12:45:43.5769457Z   VCToolsInstallDir: C:\Program Files\Microsoft Visual Studio\2022\Enterprise\VC\Tools\MSVC\14.44.35207\
2025-11-12T12:45:43.5770057Z   VCToolsRedistDir: C:\Program Files\Microsoft Visual Studio\2022\Enterprise\VC\Redist\MSVC\14.44.35112\
2025-11-12T12:45:43.5770541Z   VCToolsVersion: 14.44.35207
2025-11-12T12:45:43.5770902Z   VisualStudioVersion: 17.0
2025-11-12T12:45:43.5771509Z   VS170COMNTOOLS: C:\Program Files\Microsoft Visual Studio\2022\Enterprise\Common7\Tools\
2025-11-12T12:45:43.5772134Z   VSCMD_ARG_app_plat: Desktop
2025-11-12T12:45:43.5772337Z   VSCMD_ARG_HOST_ARCH: x64
2025-11-12T12:45:43.5772512Z   VSCMD_ARG_TGT_ARCH: x64
2025-11-12T12:45:43.5772685Z   VSCMD_VER: 17.14.19
2025-11-12T12:45:43.5772944Z   VSINSTALLDIR: C:\Program Files\Microsoft Visual Studio\2022\Enterprise\
2025-11-12T12:45:43.5773579Z   VSSDK150INSTALL: C:\Program Files\Microsoft Visual Studio\2022\Enterprise\VSSDK
2025-11-12T12:45:43.5774404Z   VSSDKINSTALL: C:\Program Files\Microsoft Visual Studio\2022\Enterprise\VSSDK
2025-11-12T12:45:43.5775491Z   WindowsLibPath: C:\Program Files (x86)\Windows Kits\10\UnionMetadata\10.0.26100.0;C:\Program Files (x86)\Windows Kits\10\References\10.0.26100.0
2025-11-12T12:45:43.5776238Z   WindowsSdkBinPath: C:\Program Files (x86)\Windows Kits\10\bin\
2025-11-12T12:45:43.5776580Z   WindowsSdkDir: C:\Program Files (x86)\Windows Kits\10\
2025-11-12T12:45:43.5776853Z   WindowsSDKLibVersion: 10.0.26100.0\
2025-11-12T12:45:43.5777184Z   WindowsSdkVerBinPath: C:\Program Files (x86)\Windows Kits\10\bin\10.0.26100.0\
2025-11-12T12:45:43.5777514Z   WindowsSDKVersion: 10.0.26100.0\
2025-11-12T12:45:43.5778269Z   WindowsSDK_ExecutablePath_x64: C:\Program Files (x86)\Microsoft SDKs\Windows\v10.0A\bin\NETFX 4.8 Tools\x64\
2025-11-12T12:45:43.5779393Z   WindowsSDK_ExecutablePath_x86: C:\Program Files (x86)\Microsoft SDKs\Windows\v10.0A\bin\NETFX 4.8 Tools\
2025-11-12T12:45:43.5780112Z   __DOTNET_ADD_64BIT: 1
2025-11-12T12:45:43.5780385Z   __DOTNET_PREFERRED_BITNESS: 64
2025-11-12T12:45:43.5789565Z   __VSCMD_PREINIT_PATH: C:\Program Files\Microsoft Visual Studio\2022\Enterprise\MSBuild\Current\Bin;C:\Program Files\MongoDB\Server\7.0\bin;C:\vcpkg;C:\tools\zstd;C:\hostedtoolcache\windows\stack\3.7.1\x64;C:\cabal\bin;C:\\ghcup\bin;C:\mingw64\bin;C:\Program Files\dotnet;C:\Program Files\MySQL\MySQL Server 8.0\bin;C:\Program Files\R\R-4.5.2\bin\x64;C:\SeleniumWebDrivers\GeckoDriver;C:\SeleniumWebDrivers\EdgeDriver\;C:\SeleniumWebDrivers\ChromeDriver;C:\Program Files (x86)\sbt\bin;C:\Program Files (x86)\GitHub CLI;C:\Program Files\Git\bin;C:\Program Files (x86)\pipx_bin;C:\npm\prefix;C:\hostedtoolcache\windows\go\1.24.9\x64\bin;C:\hostedtoolcache\windows\Python\3.9.13\x64\Scripts;C:\hostedtoolcache\windows\Python\3.9.13\x64;C:\hostedtoolcache\windows\Ruby\3.3.10\x64\bin;C:\Program Files\OpenSSL\bin;C:\tools\kotlinc\bin;C:\hostedtoolcache\windows\Java_Temurin-Hotspot_jdk\17.0.17-10\x64\bin;C:\Program Files\ImageMagick-7.1.2-Q16-HDRI;C:\Program Files\Microsoft SDKs\Azure\CLI2\wbin;C:\ProgramData\kind;C:\ProgramData\Chocolatey\bin;C:\Windows\system32;C:\Windows;C:\Windows\System32\Wbem;C:\Windows\System32\WindowsPowerShell\v1.0\;C:\Windows\System32\OpenSSH\;C:\Program Files\PowerShell\7\;C:\Program Files\Microsoft\Web Platform Installer\;C:\Program Files\Microsoft SQL Server\Client SDK\ODBC\170\Tools\Binn\;C:\Program Files\Microsoft SQL Server\150\Tools\Binn\;C:\Program Files\dotnet\;C:\Program Files (x86)\Windows Kits\10\Windows Performance Toolkit\;C:\Program Files (x86)\WiX Toolset v3.14\bin;C:\Program Files\Microsoft SQL Server\130\DTS\Binn\;C:\Program Files\Microsoft SQL Server\140\DTS\Binn\;C:\Program Files\Microsoft SQL Server\150\DTS\Binn\;C:\Program Files\Microsoft SQL Server\160\DTS\Binn\;C:\Program Files\Microsoft SQL Server\170\DTS\Binn\;C:\ProgramData\chocolatey\lib\pulumi\tools\Pulumi\bin;C:\Program Files\CMake\bin;C:\Strawberry\c\bin;C:\Strawberry\perl\site\bin;C:\Strawberry\perl\bin;C:\ProgramData\chocolatey\lib\maven\apache-maven-3.9.11\bin;C:\Program Files\Microsoft Service Fabric\bin\Fabric\Fabric.Code;C:\Program Files\Microsoft SDKs\Service Fabric\Tools\ServiceFabricLocalClusterManager;C:\Program Files\nodejs\;C:\Program Files\Git\cmd;C:\Program Files\Git\mingw64\bin;C:\Program Files\Git\usr\bin;C:\Program Files\GitHub CLI\;c:\tools\php;C:\Program Files (x86)\sbt\bin;C:\Program Files\Amazon\AWSCLIV2\;C:\Program Files\Amazon\SessionManagerPlugin\bin\;C:\Program Files\Amazon\AWSSAMCLI\bin\;C:\Program Files\Microsoft SQL Server\130\Tools\Binn\;C:\Program Files\mongosh\;C:\Program Files\LLVM\bin;C:\Program Files (x86)\LLVM\bin;C:\Users\runneradmin\.dotnet\tools;C:\Users\runneradmin\.cargo\bin;C:\Users\runneradmin\AppData\Local\Microsoft\WindowsApps;C:\Program Files (x86)\Microsoft Visual Studio\Installer
2025-11-12T12:45:43.5797744Z   SDK_ROOT: D:\a\Ae_sep_color\Ae_sep_color\ae_sdk_work\AfterEffectsSDK_25.6_61_win\ae25.6_61.64bit.AfterEffectsSDK\Examples
2025-11-12T12:45:43.5798169Z ##[endgroup]
2025-11-12T12:45:43.9535886Z Copying plugin to SDK Template directory...
2025-11-12T12:45:44.3117805Z Plugin copied to: D:\a\Ae_sep_color\Ae_sep_color\ae_sdk_work\AfterEffectsSDK_25.6_61_win\ae25.6_61.64bit.AfterEffectsSDK\Examples\Template\sep_color
2025-11-12T12:45:44.3857716Z ##[group]Run Write-Host "Building plugin..."
2025-11-12T12:45:44.3858274Z [36;1mWrite-Host "Building plugin..."[0m
2025-11-12T12:45:44.3858607Z [36;1m[0m
2025-11-12T12:45:44.3858870Z [36;1m$pluginBuildDir = "D:\a\Ae_sep_color\Ae_sep_color\ae_plugin_output"[0m
2025-11-12T12:45:44.3859340Z [36;1mNew-Item -ItemType Directory -Path $pluginBuildDir -Force | Out-Null[0m
2025-11-12T12:45:44.3859702Z [36;1m$env:AE_PLUGIN_BUILD_DIR = $pluginBuildDir[0m
2025-11-12T12:45:44.3859939Z [36;1m[0m
2025-11-12T12:45:44.3860105Z [36;1mSet-Location "$env:PLUGIN_DIR\Win"[0m
2025-11-12T12:45:44.3860329Z [36;1m[0m
2025-11-12T12:45:44.3860509Z [36;1mif (-not (Test-Path "sep_color.sln")) {[0m
2025-11-12T12:45:44.3860982Z [36;1m  Write-Host "Error: Solution file not found"[0m
2025-11-12T12:45:44.3861248Z [36;1m  Get-ChildItem[0m
2025-11-12T12:45:44.3861428Z [36;1m  exit 1[0m
2025-11-12T12:45:44.3861865Z [36;1m}[0m
2025-11-12T12:45:44.3862010Z [36;1m[0m
2025-11-12T12:45:44.3862266Z [36;1m$outputDir = Join-Path (Get-Location).Path "..\output"[0m
2025-11-12T12:45:44.3862665Z [36;1mNew-Item -ItemType Directory -Path $outputDir -Force | Out-Null[0m
2025-11-12T12:45:44.3862973Z [36;1m[0m
2025-11-12T12:45:44.3863151Z [36;1mWrite-Host "Build configuration:"[0m
2025-11-12T12:45:44.3863391Z [36;1mWrite-Host "  Configuration: Debug"[0m
2025-11-12T12:45:44.3863625Z [36;1mWrite-Host "  Platform: x64"[0m
2025-11-12T12:45:44.3863839Z [36;1m[0m
2025-11-12T12:45:44.3863985Z [36;1mmsbuild sep_color.sln `[0m
2025-11-12T12:45:44.3864210Z [36;1m  /p:Configuration=Debug `[0m
2025-11-12T12:45:44.3864424Z [36;1m  /p:Platform=x64 `[0m
2025-11-12T12:45:44.3864701Z [36;1m  /t:Build `[0m
2025-11-12T12:45:44.3864966Z [36;1m  /v:normal `[0m
2025-11-12T12:45:44.3865131Z [36;1m  /m `[0m
2025-11-12T12:45:44.3865292Z [36;1m  /nologo[0m
2025-11-12T12:45:44.3865446Z [36;1m[0m
2025-11-12T12:45:44.3865595Z [36;1mif ($LASTEXITCODE -ne 0) {[0m
2025-11-12T12:45:44.3865816Z [36;1m  Write-Host ""[0m
2025-11-12T12:45:44.3866071Z [36;1m  Write-Host "Error: Build failed (exit code: $LASTEXITCODE)"[0m
2025-11-12T12:45:44.3866363Z [36;1m  Write-Host ""[0m
2025-11-12T12:45:44.3866801Z [36;1m  Write-Host "Checking SDK structure:"[0m
2025-11-12T12:45:44.3867054Z [36;1m  Write-Host "  SDK Root: $env:SDK_ROOT"[0m
2025-11-12T12:45:44.3867371Z [36;1m  Write-Host "  Headers: $(Test-Path "$env:SDK_ROOT\Headers")"[0m
2025-11-12T12:45:44.3867723Z [36;1m  Write-Host "  Util: $(Test-Path "$env:SDK_ROOT\Util")"[0m
2025-11-12T12:45:44.3868113Z [36;1m  Write-Host "  PiPLTool: $(Test-Path "$env:SDK_ROOT\Resources\PiPLTool.exe")"[0m
2025-11-12T12:45:44.3868446Z [36;1m  exit 1[0m
2025-11-12T12:45:44.3868589Z [36;1m}[0m
2025-11-12T12:45:44.3868728Z [36;1m[0m
2025-11-12T12:45:44.3868889Z [36;1mWrite-Host "Build successful"[0m
2025-11-12T12:45:44.3869095Z [36;1m[0m
2025-11-12T12:45:44.3869243Z [36;1m# Find build artifact[0m
2025-11-12T12:45:44.3869493Z [36;1mWrite-Host "Searching for build artifact..."[0m
2025-11-12T12:45:44.3869728Z [36;1m[0m
2025-11-12T12:45:44.3869872Z [36;1m$searchPaths = @([0m
2025-11-12T12:45:44.3870063Z [36;1m  "x64\Debug\sep_color.aex",[0m
2025-11-12T12:45:44.3870289Z [36;1m  "..\output\sep_color.aex",[0m
2025-11-12T12:45:44.3870503Z [36;1m  "Debug\sep_color.aex",[0m
2025-11-12T12:45:44.3870701Z [36;1m  ".\sep_color.aex"[0m
2025-11-12T12:45:44.3870879Z [36;1m)[0m
2025-11-12T12:45:44.3871008Z [36;1m[0m
2025-11-12T12:45:44.3871151Z [36;1m$aexPath = $null[0m
2025-11-12T12:45:44.3871354Z [36;1mforeach ($path in $searchPaths) {[0m
2025-11-12T12:45:44.3871580Z [36;1m  if (Test-Path $path) {[0m
2025-11-12T12:45:44.3871796Z [36;1m    $aexPath = Get-Item $path[0m
2025-11-12T12:45:44.3871997Z [36;1m    break[0m
2025-11-12T12:45:44.3872152Z [36;1m  }[0m
2025-11-12T12:45:44.3872291Z [36;1m}[0m
2025-11-12T12:45:44.3872412Z [36;1m[0m
2025-11-12T12:45:44.3872556Z [36;1mif (-not $aexPath) {[0m
2025-11-12T12:45:44.3874552Z [36;1m  $aexPath = Get-ChildItem -Path . -Filter "sep_color.aex" -Recurse -ErrorAction SilentlyContinue | Select-Object -First 1[0m
2025-11-12T12:45:44.3875082Z [36;1m}[0m
2025-11-12T12:45:44.3875235Z [36;1m[0m
2025-11-12T12:45:44.3875375Z [36;1mif ($aexPath) {[0m
2025-11-12T12:45:44.3875652Z [36;1m  $artifactsDir = "D:\a\Ae_sep_color\Ae_sep_color\artifacts"[0m
2025-11-12T12:45:44.3876062Z [36;1m  New-Item -ItemType Directory -Path $artifactsDir -Force | Out-Null[0m
2025-11-12T12:45:44.3876493Z [36;1m  Copy-Item -Path $aexPath.FullName -Destination $artifactsDir -Force[0m
2025-11-12T12:45:44.3876895Z [36;1m  Write-Host "Artifact copied: $artifactsDir\sep_color.aex"[0m
2025-11-12T12:45:44.3877174Z [36;1m} else {[0m
2025-11-12T12:45:44.3877370Z [36;1m  Write-Host "Error: Build artifact not found"[0m
2025-11-12T12:45:44.3877952Z [36;1m  Get-ChildItem -Recurse -Depth 3 | Where-Object { $_.Extension -eq ".aex" -or $_.Name -like "*.obj" } | Select-Object FullName | Format-Table -AutoSize[0m
2025-11-12T12:45:44.3878456Z [36;1m  exit 1[0m
2025-11-12T12:45:44.3878596Z [36;1m}[0m
2025-11-12T12:45:44.3950092Z shell: C:\Program Files\PowerShell\7\pwsh.EXE -command ". '{0}'"
2025-11-12T12:45:44.3950614Z env:
2025-11-12T12:45:44.3950880Z   CommandPromptType: Native
2025-11-12T12:45:44.3951461Z   DevEnvDir: C:\Program Files\Microsoft Visual Studio\2022\Enterprise\Common7\IDE\
2025-11-12T12:45:44.3952308Z   ExtensionSdkDir: C:\Program Files (x86)\Microsoft SDKs\Windows Kits\10\ExtensionSDKs
2025-11-12T12:45:44.3956175Z   EXTERNAL_INCLUDE: C:\Program Files\Microsoft Visual Studio\2022\Enterprise\VC\Tools\MSVC\14.44.35207\include;C:\Program Files\Microsoft Visual Studio\2022\Enterprise\VC\Tools\MSVC\14.44.35207\ATLMFC\include;C:\Program Files\Microsoft Visual Studio\2022\Enterprise\VC\Auxiliary\VS\include;C:\Program Files (x86)\Windows Kits\10\include\10.0.26100.0\ucrt;C:\Program Files (x86)\Windows Kits\10\\include\10.0.26100.0\\um;C:\Program Files (x86)\Windows Kits\10\\include\10.0.26100.0\\shared;C:\Program Files (x86)\Windows Kits\10\\include\10.0.26100.0\\winrt;C:\Program Files (x86)\Windows Kits\10\\include\10.0.26100.0\\cppwinrt;C:\Program Files (x86)\Windows Kits\NETFXSDK\4.8\include\um
2025-11-12T12:45:44.3959966Z   Framework40Version: v4.0
2025-11-12T12:45:44.3960389Z   FrameworkDir: C:\Windows\Microsoft.NET\Framework64\
2025-11-12T12:45:44.3960924Z   FrameworkDir64: C:\Windows\Microsoft.NET\Framework64\
2025-11-12T12:45:44.3961397Z   FrameworkVersion: v4.0.30319
2025-11-12T12:45:44.3961763Z   FrameworkVersion64: v4.0.30319
2025-11-12T12:45:44.3962979Z   FSHARPINSTALLDIR: C:\Program Files\Microsoft Visual Studio\2022\Enterprise\Common7\IDE\CommonExtensions\Microsoft\FSharp\Tools
2025-11-12T12:45:44.3963971Z   HTMLHelpDir: C:\Program Files (x86)\HTML Help Workshop
2025-11-12T12:45:44.3964736Z   IFCPATH: C:\Program Files\Microsoft Visual Studio\2022\Enterprise\VC\Tools\MSVC\14.44.35207\ifc\x64
2025-11-12T12:45:44.3968509Z   INCLUDE: C:\Program Files\Microsoft Visual Studio\2022\Enterprise\VC\Tools\MSVC\14.44.35207\include;C:\Program Files\Microsoft Visual Studio\2022\Enterprise\VC\Tools\MSVC\14.44.35207\ATLMFC\include;C:\Program Files\Microsoft Visual Studio\2022\Enterprise\VC\Auxiliary\VS\include;C:\Program Files (x86)\Windows Kits\10\include\10.0.26100.0\ucrt;C:\Program Files (x86)\Windows Kits\10\\include\10.0.26100.0\\um;C:\Program Files (x86)\Windows Kits\10\\include\10.0.26100.0\\shared;C:\Program Files (x86)\Windows Kits\10\\include\10.0.26100.0\\winrt;C:\Program Files (x86)\Windows Kits\10\\include\10.0.26100.0\\cppwinrt;C:\Program Files (x86)\Windows Kits\NETFXSDK\4.8\include\um
2025-11-12T12:45:44.3971997Z   is_x64_arch: true
2025-11-12T12:45:44.3974738Z   LIB: C:\Program Files\Microsoft Visual Studio\2022\Enterprise\VC\Tools\MSVC\14.44.35207\ATLMFC\lib\x64;C:\Program Files\Microsoft Visual Studio\2022\Enterprise\VC\Tools\MSVC\14.44.35207\lib\x64;C:\Program Files (x86)\Windows Kits\NETFXSDK\4.8\lib\um\x64;C:\Program Files (x86)\Windows Kits\10\lib\10.0.26100.0\ucrt\x64;C:\Program Files (x86)\Windows Kits\10\\lib\10.0.26100.0\\um\x64
2025-11-12T12:45:44.3979012Z   LIBPATH: C:\Program Files\Microsoft Visual Studio\2022\Enterprise\VC\Tools\MSVC\14.44.35207\ATLMFC\lib\x64;C:\Program Files\Microsoft Visual Studio\2022\Enterprise\VC\Tools\MSVC\14.44.35207\lib\x64;C:\Program Files\Microsoft Visual Studio\2022\Enterprise\VC\Tools\MSVC\14.44.35207\lib\x86\store\references;C:\Program Files (x86)\Windows Kits\10\UnionMetadata\10.0.26100.0;C:\Program Files (x86)\Windows Kits\10\References\10.0.26100.0;C:\Windows\Microsoft.NET\Framework64\v4.0.30319
2025-11-12T12:45:44.3982097Z   NETFXSDKDir: C:\Program Files (x86)\Windows Kits\NETFXSDK\4.8\
2025-11-12T12:45:44.4007151Z   Path: C:\Program Files\Microsoft Visual Studio\2022\Enterprise\VC\Tools\MSVC\14.44.35207\bin\HostX64\x64;C:\Program Files\Microsoft Visual Studio\2022\Enterprise\Common7\IDE\VC\VCPackages;C:\Program Files\Microsoft Visual Studio\2022\Enterprise\Common7\IDE\CommonExtensions\Microsoft\TestWindow;C:\Program Files\Microsoft Visual Studio\2022\Enterprise\Common7\IDE\CommonExtensions\Microsoft\TeamFoundation\Team Explorer;C:\Program Files\Microsoft Visual Studio\2022\Enterprise\MSBuild\Current\bin\Roslyn;C:\Program Files (x86)\Microsoft SDKs\Windows\v10.0A\bin\NETFX 4.8 Tools\x64\;C:\Program Files (x86)\HTML Help Workshop;C:\Program Files\Microsoft Visual Studio\2022\Enterprise\Common7\IDE\CommonExtensions\Microsoft\FSharp\Tools;C:\Program Files\Microsoft Visual Studio\2022\Enterprise\Team Tools\DiagnosticsHub\Collector;C:\Program Files\Microsoft Visual Studio\2022\Enterprise\Common7\IDE\Extensions\Microsoft\CodeCoverage.Console;C:\Program Files\Microsoft Visual Studio\2022\Enterprise\VC\Tools\Llvm\x64\bin;C:\Program Files (x86)\Windows Kits\10\bin\10.0.26100.0\\x64;C:\Program Files (x86)\Windows Kits\10\bin\\x64;C:\Program Files\Microsoft Visual Studio\2022\Enterprise\\MSBuild\Current\Bin\amd64;C:\Windows\Microsoft.NET\Framework64\v4.0.30319;C:\Program Files\Microsoft Visual Studio\2022\Enterprise\Common7\IDE\;C:\Program Files\Microsoft Visual Studio\2022\Enterprise\Common7\Tools\;C:\Program Files\Microsoft Visual Studio\2022\Enterprise\MSBuild\Current\Bin;C:\Program Files\MongoDB\Server\7.0\bin;C:\vcpkg;C:\tools\zstd;C:\hostedtoolcache\windows\stack\3.7.1\x64;C:\cabal\bin;C:\\ghcup\bin;C:\mingw64\bin;C:\Program Files\dotnet;C:\Program Files\MySQL\MySQL Server 8.0\bin;C:\Program Files\R\R-4.5.2\bin\x64;C:\SeleniumWebDrivers\GeckoDriver;C:\SeleniumWebDrivers\EdgeDriver\;C:\SeleniumWebDrivers\ChromeDriver;C:\Program Files (x86)\sbt\bin;C:\Program Files (x86)\GitHub CLI;C:\Program Files\Git\bin;C:\Program Files (x86)\pipx_bin;C:\npm\prefix;C:\hostedtoolcache\windows\go\1.24.9\x64\bin;C:\hostedtoolcache\windows\Python\3.9.13\x64\Scripts;C:\hostedtoolcache\windows\Python\3.9.13\x64;C:\hostedtoolcache\windows\Ruby\3.3.10\x64\bin;C:\Program Files\OpenSSL\bin;C:\tools\kotlinc\bin;C:\hostedtoolcache\windows\Java_Temurin-Hotspot_jdk\17.0.17-10\x64\bin;C:\Program Files\ImageMagick-7.1.2-Q16-HDRI;C:\Program Files\Microsoft SDKs\Azure\CLI2\wbin;C:\ProgramData\kind;C:\ProgramData\Chocolatey\bin;C:\Windows\system32;C:\Windows;C:\Windows\System32\Wbem;C:\Windows\System32\WindowsPowerShell\v1.0\;C:\Windows\System32\OpenSSH\;C:\Program Files\PowerShell\7\;C:\Program Files\Microsoft\Web Platform Installer\;C:\Program Files\Microsoft SQL Server\Client SDK\ODBC\170\Tools\Binn\;C:\Program Files\Microsoft SQL Server\150\Tools\Binn\;C:\Program Files\dotnet\;C:\Program Files (x86)\Windows Kits\10\Windows Performance Toolkit\;C:\Program Files (x86)\WiX Toolset v3.14\bin;C:\Program Files\Microsoft SQL Server\130\DTS\Binn\;C:\Program Files\Microsoft SQL Server\140\DTS\Binn\;C:\Program Files\Microsoft SQL Server\150\DTS\Binn\;C:\Program Files\Microsoft SQL Server\160\DTS\Binn\;C:\Program Files\Microsoft SQL Server\170\DTS\Binn\;C:\ProgramData\chocolatey\lib\pulumi\tools\Pulumi\bin;C:\Program Files\CMake\bin;C:\Strawberry\c\bin;C:\Strawberry\perl\site\bin;C:\Strawberry\perl\bin;C:\ProgramData\chocolatey\lib\maven\apache-maven-3.9.11\bin;C:\Program Files\Microsoft Service Fabric\bin\Fabric\Fabric.Code;C:\Program Files\Microsoft SDKs\Service Fabric\Tools\ServiceFabricLocalClusterManager;C:\Program Files\nodejs\;C:\Program Files\Git\cmd;C:\Program Files\Git\mingw64\bin;C:\Program Files\Git\usr\bin;C:\Program Files\GitHub CLI\;c:\tools\php;C:\Program Files\Amazon\AWSCLIV2\;C:\Program Files\Amazon\SessionManagerPlugin\bin\;C:\Program Files\Amazon\AWSSAMCLI\bin\;C:\Program Files\Microsoft SQL Server\130\Tools\Binn\;C:\Program Files\mongosh\;C:\Program Files\LLVM\bin;C:\Program Files (x86)\LLVM\bin;C:\Users\runneradmin\.dotnet\tools;C:\Users\runneradmin\.cargo\bin;C:\Users\runneradmin\AppData\Local\Microsoft\WindowsApps;C:\Program Files (x86)\Microsoft Visual Studio\Installer;C:\Program Files\Microsoft Visual Studio\2022\Enterprise\Common7\IDE\CommonExtensions\Microsoft\CMake\CMake\bin;C:\Program Files\Microsoft Visual Studio\2022\Enterprise\Common7\IDE\CommonExtensions\Microsoft\CMake\Ninja;C:\Program Files\Microsoft Visual Studio\2022\Enterprise\Common7\IDE\VC\Linux\bin\ConnectionManagerExe;C:\Program Files\Microsoft Visual Studio\2022\Enterprise\VC\vcpkg
2025-11-12T12:45:44.4032049Z   Platform: x64
2025-11-12T12:45:44.4032323Z   UCRTVersion: 10.0.26100.0
2025-11-12T12:45:44.4032790Z   UniversalCRTSdkDir: C:\Program Files (x86)\Windows Kits\10\
2025-11-12T12:45:44.4033582Z   VCIDEInstallDir: C:\Program Files\Microsoft Visual Studio\2022\Enterprise\Common7\IDE\VC\
2025-11-12T12:45:44.4034438Z   VCINSTALLDIR: C:\Program Files\Microsoft Visual Studio\2022\Enterprise\VC\
2025-11-12T12:45:44.4035217Z   VCPKG_ROOT: C:\Program Files\Microsoft Visual Studio\2022\Enterprise\VC\vcpkg
2025-11-12T12:45:44.4036170Z   VCToolsInstallDir: C:\Program Files\Microsoft Visual Studio\2022\Enterprise\VC\Tools\MSVC\14.44.35207\
2025-11-12T12:45:44.4037265Z   VCToolsRedistDir: C:\Program Files\Microsoft Visual Studio\2022\Enterprise\VC\Redist\MSVC\14.44.35112\
2025-11-12T12:45:44.4038047Z   VCToolsVersion: 14.44.35207
2025-11-12T12:45:44.4038423Z   VisualStudioVersion: 17.0
2025-11-12T12:45:44.4039029Z   VS170COMNTOOLS: C:\Program Files\Microsoft Visual Studio\2022\Enterprise\Common7\Tools\
2025-11-12T12:45:44.4039705Z   VSCMD_ARG_app_plat: Desktop
2025-11-12T12:45:44.4040281Z   VSCMD_ARG_HOST_ARCH: x64
2025-11-12T12:45:44.4040607Z   VSCMD_ARG_TGT_ARCH: x64
2025-11-12T12:45:44.4040928Z   VSCMD_VER: 17.14.19
2025-11-12T12:45:44.4041406Z   VSINSTALLDIR: C:\Program Files\Microsoft Visual Studio\2022\Enterprise\
2025-11-12T12:45:44.4042201Z   VSSDK150INSTALL: C:\Program Files\Microsoft Visual Studio\2022\Enterprise\VSSDK
2025-11-12T12:45:44.4043013Z   VSSDKINSTALL: C:\Program Files\Microsoft Visual Studio\2022\Enterprise\VSSDK
2025-11-12T12:45:44.4044131Z   WindowsLibPath: C:\Program Files (x86)\Windows Kits\10\UnionMetadata\10.0.26100.0;C:\Program Files (x86)\Windows Kits\10\References\10.0.26100.0
2025-11-12T12:45:44.4045189Z   WindowsSdkBinPath: C:\Program Files (x86)\Windows Kits\10\bin\
2025-11-12T12:45:44.4045818Z   WindowsSdkDir: C:\Program Files (x86)\Windows Kits\10\
2025-11-12T12:45:44.4046551Z   WindowsSDKLibVersion: 10.0.26100.0\
2025-11-12T12:45:44.4047160Z   WindowsSdkVerBinPath: C:\Program Files (x86)\Windows Kits\10\bin\10.0.26100.0\
2025-11-12T12:45:44.4047799Z   WindowsSDKVersion: 10.0.26100.0\
2025-11-12T12:45:44.4048531Z   WindowsSDK_ExecutablePath_x64: C:\Program Files (x86)\Microsoft SDKs\Windows\v10.0A\bin\NETFX 4.8 Tools\x64\
2025-11-12T12:45:44.4049654Z   WindowsSDK_ExecutablePath_x86: C:\Program Files (x86)\Microsoft SDKs\Windows\v10.0A\bin\NETFX 4.8 Tools\
2025-11-12T12:45:44.4050400Z   __DOTNET_ADD_64BIT: 1
2025-11-12T12:45:44.4050719Z   __DOTNET_PREFERRED_BITNESS: 64
2025-11-12T12:45:44.4065517Z   __VSCMD_PREINIT_PATH: C:\Program Files\Microsoft Visual Studio\2022\Enterprise\MSBuild\Current\Bin;C:\Program Files\MongoDB\Server\7.0\bin;C:\vcpkg;C:\tools\zstd;C:\hostedtoolcache\windows\stack\3.7.1\x64;C:\cabal\bin;C:\\ghcup\bin;C:\mingw64\bin;C:\Program Files\dotnet;C:\Program Files\MySQL\MySQL Server 8.0\bin;C:\Program Files\R\R-4.5.2\bin\x64;C:\SeleniumWebDrivers\GeckoDriver;C:\SeleniumWebDrivers\EdgeDriver\;C:\SeleniumWebDrivers\ChromeDriver;C:\Program Files (x86)\sbt\bin;C:\Program Files (x86)\GitHub CLI;C:\Program Files\Git\bin;C:\Program Files (x86)\pipx_bin;C:\npm\prefix;C:\hostedtoolcache\windows\go\1.24.9\x64\bin;C:\hostedtoolcache\windows\Python\3.9.13\x64\Scripts;C:\hostedtoolcache\windows\Python\3.9.13\x64;C:\hostedtoolcache\windows\Ruby\3.3.10\x64\bin;C:\Program Files\OpenSSL\bin;C:\tools\kotlinc\bin;C:\hostedtoolcache\windows\Java_Temurin-Hotspot_jdk\17.0.17-10\x64\bin;C:\Program Files\ImageMagick-7.1.2-Q16-HDRI;C:\Program Files\Microsoft SDKs\Azure\CLI2\wbin;C:\ProgramData\kind;C:\ProgramData\Chocolatey\bin;C:\Windows\system32;C:\Windows;C:\Windows\System32\Wbem;C:\Windows\System32\WindowsPowerShell\v1.0\;C:\Windows\System32\OpenSSH\;C:\Program Files\PowerShell\7\;C:\Program Files\Microsoft\Web Platform Installer\;C:\Program Files\Microsoft SQL Server\Client SDK\ODBC\170\Tools\Binn\;C:\Program Files\Microsoft SQL Server\150\Tools\Binn\;C:\Program Files\dotnet\;C:\Program Files (x86)\Windows Kits\10\Windows Performance Toolkit\;C:\Program Files (x86)\WiX Toolset v3.14\bin;C:\Program Files\Microsoft SQL Server\130\DTS\Binn\;C:\Program Files\Microsoft SQL Server\140\DTS\Binn\;C:\Program Files\Microsoft SQL Server\150\DTS\Binn\;C:\Program Files\Microsoft SQL Server\160\DTS\Binn\;C:\Program Files\Microsoft SQL Server\170\DTS\Binn\;C:\ProgramData\chocolatey\lib\pulumi\tools\Pulumi\bin;C:\Program Files\CMake\bin;C:\Strawberry\c\bin;C:\Strawberry\perl\site\bin;C:\Strawberry\perl\bin;C:\ProgramData\chocolatey\lib\maven\apache-maven-3.9.11\bin;C:\Program Files\Microsoft Service Fabric\bin\Fabric\Fabric.Code;C:\Program Files\Microsoft SDKs\Service Fabric\Tools\ServiceFabricLocalClusterManager;C:\Program Files\nodejs\;C:\Program Files\Git\cmd;C:\Program Files\Git\mingw64\bin;C:\Program Files\Git\usr\bin;C:\Program Files\GitHub CLI\;c:\tools\php;C:\Program Files (x86)\sbt\bin;C:\Program Files\Amazon\AWSCLIV2\;C:\Program Files\Amazon\SessionManagerPlugin\bin\;C:\Program Files\Amazon\AWSSAMCLI\bin\;C:\Program Files\Microsoft SQL Server\130\Tools\Binn\;C:\Program Files\mongosh\;C:\Program Files\LLVM\bin;C:\Program Files (x86)\LLVM\bin;C:\Users\runneradmin\.dotnet\tools;C:\Users\runneradmin\.cargo\bin;C:\Users\runneradmin\AppData\Local\Microsoft\WindowsApps;C:\Program Files (x86)\Microsoft Visual Studio\Installer
2025-11-12T12:45:44.4082003Z   SDK_ROOT: D:\a\Ae_sep_color\Ae_sep_color\ae_sdk_work\AfterEffectsSDK_25.6_61_win\ae25.6_61.64bit.AfterEffectsSDK\Examples
2025-11-12T12:45:44.4083268Z   PLUGIN_DIR: D:\a\Ae_sep_color\Ae_sep_color\ae_sdk_work\AfterEffectsSDK_25.6_61_win\ae25.6_61.64bit.AfterEffectsSDK\Examples\Template\sep_color
2025-11-12T12:45:44.4084131Z ##[endgroup]
2025-11-12T12:45:44.8018350Z Building plugin...
2025-11-12T12:45:44.8403481Z Build configuration:
2025-11-12T12:45:44.8409836Z   Configuration: Debug
2025-11-12T12:45:44.8417139Z   Platform: x64
2025-11-12T12:45:44.9864054Z Build started 11/12/2025 12:45:44 PM.
2025-11-12T12:45:44.9869480Z 
2025-11-12T12:45:45.6202721Z      1>Project "D:\a\Ae_sep_color\Ae_sep_color\ae_sdk_work\AfterEffectsSDK_25.6_61_win\ae25.6_61.64bit.AfterEffectsSDK\Examples\Template\sep_color\Win\sep_color.sln" on node 1 (Build target(s)).
2025-11-12T12:45:45.6204173Z      1>ValidateSolutionConfiguration:
2025-11-12T12:45:45.6204481Z          Building solution configuration "Debug|x64".
2025-11-12T12:45:46.0442866Z      1>Project "D:\a\Ae_sep_color\Ae_sep_color\ae_sdk_work\AfterEffectsSDK_25.6_61_win\ae25.6_61.64bit.AfterEffectsSDK\Examples\Template\sep_color\Win\sep_color.sln" (1) is building "D:\a\Ae_sep_color\Ae_sep_color\ae_sdk_work\AfterEffectsSDK_25.6_61_win\ae25.6_61.64bit.AfterEffectsSDK\Examples\Template\sep_color\Win\sep_color.vcxproj" (2) on node 1 (default targets).
2025-11-12T12:45:46.0448192Z      2>C:\Program Files\Microsoft Visual Studio\2022\Enterprise\MSBuild\Microsoft\VC\v170\Microsoft.CppBuild.targets(524,5): warning MSB8004: Output Directory does not end with a trailing slash.  This build instance will add the slash as it is required to allow proper evaluation of the Output Directory. [D:\a\Ae_sep_color\Ae_sep_color\ae_sdk_work\AfterEffectsSDK_25.6_61_win\ae25.6_61.64bit.AfterEffectsSDK\Examples\Template\sep_color\Win\sep_color.vcxproj]
2025-11-12T12:45:46.5100335Z          Structured output is enabled. The formatting of compiler diagnostics will reflect the error hierarchy. See https://aka.ms/cpp/structured-output for more details.
2025-11-12T12:45:46.7464375Z      2>InitializeBuildStatus:
2025-11-12T12:45:46.7465944Z          Creating "x64\Debug\sep_color.tlog\unsuccessfulbuild" because "AlwaysCreate" was specified.
2025-11-12T12:45:46.7468306Z          Touching "x64\Debug\sep_color.tlog\unsuccessfulbuild".
2025-11-12T12:45:46.8099027Z        CustomBuild:
2025-11-12T12:45:46.8099277Z          Compiling the PiPL
2025-11-12T12:45:46.8238011Z          Microsoft (R) C/C++ Optimizing Compiler Version 19.44.35219 for x64
2025-11-12T12:45:46.8238703Z          Copyright (C) Microsoft Corporation.  All rights reserved.
2025-11-12T12:45:46.8239604Z          
2025-11-12T12:45:46.8292473Z          sep_colorPiPL.r
2025-11-12T12:45:46.8655749Z          Microsoft (R) C/C++ Optimizing Compiler Version 19.44.35219 for x64
2025-11-12T12:45:46.8656549Z          Copyright (C) Microsoft Corporation.  All rights reserved.
2025-11-12T12:45:46.8657043Z          
2025-11-12T12:45:46.8707810Z          sep_colorPiPL.rrc
2025-11-12T12:45:46.9608245Z        ClCompile:
2025-11-12T12:45:46.9612332Z          C:\Program Files\Microsoft Visual Studio\2022\Enterprise\VC\Tools\MSVC\14.44.35207\bin\HostX86\x64\CL.exe /c /I..\..\..\Headers /I..\..\..\Headers\SP /I..\..\..\Headers\Win /I..\..\..\Resources /I..\..\..\Util /ID:\a\Ae_sep_color\Ae_sep_color\ae_sdk_work\AfterEffectsSDK_25.6_61_win\ae25.6_61.64bit.AfterEffectsSDK\Examples\Template\sep_color\Win\..\third_party\halide\include /Zi /nologo /W3 /WX /diagnostics:column /Od /D MSWindows /D WIN32 /D _DEBUG /D _WINDOWS /D _VC80_UPGRADE=0x0710 /D _WINDLL /Gm- /EHsc /MDd /GS /fp:precise /Zc:wchar_t /Zc:forScope /Zc:inline /GR /Fo"x64\Debug\\" /Fd"x64\Debug\vc143.pdb" /FR"x64\Debug\\" /external:W3 /Gd /TP /FC /errorReport:queue ..\..\..\Util\AEGP_SuiteHandler.cpp ..\..\..\Util\MissingSuiteError.cpp ..\sep_color.cpp ..\sep_color_Strings.cpp ..\sep_color_halide.cpp
2025-11-12T12:45:47.0133170Z          AEGP_SuiteHandler.cpp
2025-11-12T12:45:47.2786221Z          MissingSuiteError.cpp
2025-11-12T12:45:47.5285902Z          sep_color.cpp
2025-11-12T12:45:54.5205652Z          sep_color_Strings.cpp
2025-11-12T12:45:54.5447493Z          sep_color_halide.cpp
2025-11-12T12:45:54.6425015Z          Generating Code...
2025-11-12T12:45:55.0109034Z      2>D:\a\Ae_sep_color\Ae_sep_color\ae_sdk_work\AfterEffectsSDK_25.6_61_win\ae25.6_61.64bit.AfterEffectsSDK\Examples\Template\sep_color\sep_color.cpp(237,8): error C2011: 'IterateRefcon': 'struct' type redefinition [D:\a\Ae_sep_color\Ae_sep_color\ae_sdk_work\AfterEffectsSDK_25.6_61_win\ae25.6_61.64bit.AfterEffectsSDK\Examples\Template\sep_color\Win\sep_color.vcxproj]
2025-11-12T12:45:55.0138175Z              D:\a\Ae_sep_color\Ae_sep_color\ae_sdk_work\AfterEffectsSDK_25.6_61_win\ae25.6_61.64bit.AfterEffectsSDK\Examples\Template\sep_color\sep_color.cpp(132,8):
2025-11-12T12:45:55.0139518Z              see declaration of 'IterateRefcon'
2025-11-12T12:45:55.0140223Z          
2025-11-12T12:45:55.0147863Z      2>D:\a\Ae_sep_color\Ae_sep_color\ae_sdk_work\AfterEffectsSDK_25.6_61_win\ae25.6_61.64bit.AfterEffectsSDK\Examples\Template\sep_color\sep_color.cpp(256,44): error C2027: use of undefined type 'IterateRefcon' [D:\a\Ae_sep_color\Ae_sep_color\ae_sdk_work\AfterEffectsSDK_25.6_61_win\ae25.6_61.64bit.AfterEffectsSDK\Examples\Template\sep_color\Win\sep_color.vcxproj]
2025-11-12T12:45:55.0154047Z              D:\a\Ae_sep_color\Ae_sep_color\ae_sdk_work\AfterEffectsSDK_25.6_61_win\ae25.6_61.64bit.AfterEffectsSDK\Examples\Template\sep_color\sep_color.cpp(132,8):
2025-11-12T12:45:55.0155523Z              see declaration of 'IterateRefcon'
2025-11-12T12:45:55.0159388Z          
2025-11-12T12:45:55.0161238Z      2>D:\a\Ae_sep_color\Ae_sep_color\ae_sdk_work\AfterEffectsSDK_25.6_61_win\ae25.6_61.64bit.AfterEffectsSDK\Examples\Template\sep_color\sep_color.cpp(256,60): error C2027: use of undefined type 'IterateRefcon' [D:\a\Ae_sep_color\Ae_sep_color\ae_sdk_work\AfterEffectsSDK_25.6_61_win\ae25.6_61.64bit.AfterEffectsSDK\Examples\Template\sep_color\Win\sep_color.vcxproj]
2025-11-12T12:45:55.0164588Z              D:\a\Ae_sep_color\Ae_sep_color\ae_sdk_work\AfterEffectsSDK_25.6_61_win\ae25.6_61.64bit.AfterEffectsSDK\Examples\Template\sep_color\sep_color.cpp(132,8):
2025-11-12T12:45:55.0165720Z              see declaration of 'IterateRefcon'
2025-11-12T12:45:55.0166124Z          
2025-11-12T12:45:55.0168351Z      2>D:\a\Ae_sep_color\Ae_sep_color\ae_sdk_work\AfterEffectsSDK_25.6_61_win\ae25.6_61.64bit.AfterEffectsSDK\Examples\Template\sep_color\sep_color.cpp(256,14): error C2737: 'fx': const object must be initialized [D:\a\Ae_sep_color\Ae_sep_color\ae_sdk_work\AfterEffectsSDK_25.6_61_win\ae25.6_61.64bit.AfterEffectsSDK\Examples\Template\sep_color\Win\sep_color.vcxproj]
2025-11-12T12:45:55.0178440Z      2>D:\a\Ae_sep_color\Ae_sep_color\ae_sdk_work\AfterEffectsSDK_25.6_61_win\ae25.6_61.64bit.AfterEffectsSDK\Examples\Template\sep_color\sep_color.cpp(257,44): error C2027: use of undefined type 'IterateRefcon' [D:\a\Ae_sep_color\Ae_sep_color\ae_sdk_work\AfterEffectsSDK_25.6_61_win\ae25.6_61.64bit.AfterEffectsSDK\Examples\Template\sep_color\Win\sep_color.vcxproj]
2025-11-12T12:45:55.0186318Z              D:\a\Ae_sep_color\Ae_sep_color\ae_sdk_work\AfterEffectsSDK_25.6_61_win\ae25.6_61.64bit.AfterEffectsSDK\Examples\Template\sep_color\sep_color.cpp(132,8):
2025-11-12T12:45:55.0187818Z              see declaration of 'IterateRefcon'
2025-11-12T12:45:55.0188570Z          
2025-11-12T12:45:55.0191317Z      2>D:\a\Ae_sep_color\Ae_sep_color\ae_sdk_work\AfterEffectsSDK_25.6_61_win\ae25.6_61.64bit.AfterEffectsSDK\Examples\Template\sep_color\sep_color.cpp(257,60): error C2027: use of undefined type 'IterateRefcon' [D:\a\Ae_sep_color\Ae_sep_color\ae_sdk_work\AfterEffectsSDK_25.6_61_win\ae25.6_61.64bit.AfterEffectsSDK\Examples\Template\sep_color\Win\sep_color.vcxproj]
2025-11-12T12:45:55.0194843Z              D:\a\Ae_sep_color\Ae_sep_color\ae_sdk_work\AfterEffectsSDK_25.6_61_win\ae25.6_61.64bit.AfterEffectsSDK\Examples\Template\sep_color\sep_color.cpp(132,8):
2025-11-12T12:45:55.0195882Z              see declaration of 'IterateRefcon'
2025-11-12T12:45:55.0196301Z          
2025-11-12T12:45:55.0198157Z      2>D:\a\Ae_sep_color\Ae_sep_color\ae_sdk_work\AfterEffectsSDK_25.6_61_win\ae25.6_61.64bit.AfterEffectsSDK\Examples\Template\sep_color\sep_color.cpp(257,14): error C2737: 'fy': const object must be initialized [D:\a\Ae_sep_color\Ae_sep_color\ae_sdk_work\AfterEffectsSDK_25.6_61_win\ae25.6_61.64bit.AfterEffectsSDK\Examples\Template\sep_color\Win\sep_color.vcxproj]
2025-11-12T12:45:55.0201814Z      2>D:\a\Ae_sep_color\Ae_sep_color\ae_sdk_work\AfterEffectsSDK_25.6_61_win\ae25.6_61.64bit.AfterEffectsSDK\Examples\Template\sep_color\sep_color.cpp(259,6): error C2027: use of undefined type 'IterateRefcon' [D:\a\Ae_sep_color\Ae_sep_color\ae_sdk_work\AfterEffectsSDK_25.6_61_win\ae25.6_61.64bit.AfterEffectsSDK\Examples\Template\sep_color\Win\sep_color.vcxproj]
2025-11-12T12:45:55.0204767Z              D:\a\Ae_sep_color\Ae_sep_color\ae_sdk_work\AfterEffectsSDK_25.6_61_win\ae25.6_61.64bit.AfterEffectsSDK\Examples\Template\sep_color\sep_color.cpp(132,8):
2025-11-12T12:45:55.0205771Z              see declaration of 'IterateRefcon'
2025-11-12T12:45:55.0206160Z          
2025-11-12T12:45:55.0208011Z      2>D:\a\Ae_sep_color\Ae_sep_color\ae_sdk_work\AfterEffectsSDK_25.6_61_win\ae25.6_61.64bit.AfterEffectsSDK\Examples\Template\sep_color\sep_color.cpp(261,25): error C2027: use of undefined type 'IterateRefcon' [D:\a\Ae_sep_color\Ae_sep_color\ae_sdk_work\AfterEffectsSDK_25.6_61_win\ae25.6_61.64bit.AfterEffectsSDK\Examples\Template\sep_color\Win\sep_color.vcxproj]
2025-11-12T12:45:55.0210902Z              D:\a\Ae_sep_color\Ae_sep_color\ae_sdk_work\AfterEffectsSDK_25.6_61_win\ae25.6_61.64bit.AfterEffectsSDK\Examples\Template\sep_color\sep_color.cpp(132,8):
2025-11-12T12:45:55.0211881Z              see declaration of 'IterateRefcon'
2025-11-12T12:45:55.0212173Z          
2025-11-12T12:45:55.0213898Z      2>D:\a\Ae_sep_color\Ae_sep_color\ae_sdk_work\AfterEffectsSDK_25.6_61_win\ae25.6_61.64bit.AfterEffectsSDK\Examples\Template\sep_color\sep_color.cpp(261,15): error C2737: 'cs': const object must be initialized [D:\a\Ae_sep_color\Ae_sep_color\ae_sdk_work\AfterEffectsSDK_25.6_61_win\ae25.6_61.64bit.AfterEffectsSDK\Examples\Template\sep_color\Win\sep_color.vcxproj]
2025-11-12T12:45:55.0217403Z      2>D:\a\Ae_sep_color\Ae_sep_color\ae_sdk_work\AfterEffectsSDK_25.6_61_win\ae25.6_61.64bit.AfterEffectsSDK\Examples\Template\sep_color\sep_color.cpp(261,47): error C2027: use of undefined type 'IterateRefcon' [D:\a\Ae_sep_color\Ae_sep_color\ae_sdk_work\AfterEffectsSDK_25.6_61_win\ae25.6_61.64bit.AfterEffectsSDK\Examples\Template\sep_color\Win\sep_color.vcxproj]
2025-11-12T12:45:55.0221396Z              D:\a\Ae_sep_color\Ae_sep_color\ae_sdk_work\AfterEffectsSDK_25.6_61_win\ae25.6_61.64bit.AfterEffectsSDK\Examples\Template\sep_color\sep_color.cpp(132,8):
2025-11-12T12:45:55.0222712Z              see declaration of 'IterateRefcon'
2025-11-12T12:45:55.0223103Z          
2025-11-12T12:45:55.0225256Z      2>D:\a\Ae_sep_color\Ae_sep_color\ae_sdk_work\AfterEffectsSDK_25.6_61_win\ae25.6_61.64bit.AfterEffectsSDK\Examples\Template\sep_color\sep_color.cpp(261,37): error C2737: 'sn': const object must be initialized [D:\a\Ae_sep_color\Ae_sep_color\ae_sdk_work\AfterEffectsSDK_25.6_61_win\ae25.6_61.64bit.AfterEffectsSDK\Examples\Template\sep_color\Win\sep_color.vcxproj]
2025-11-12T12:45:55.0227645Z      2>D:\a\Ae_sep_color\Ae_sep_color\ae_sdk_work\AfterEffectsSDK_25.6_61_win\ae25.6_61.64bit.AfterEffectsSDK\Examples\Template\sep_color\sep_color.cpp(263,28): error C2027: use of undefined type 'IterateRefcon' [D:\a\Ae_sep_color\Ae_sep_color\ae_sdk_work\AfterEffectsSDK_25.6_61_win\ae25.6_61.64bit.AfterEffectsSDK\Examples\Template\sep_color\Win\sep_color.vcxproj]
2025-11-12T12:45:55.0229320Z              D:\a\Ae_sep_color\Ae_sep_color\ae_sdk_work\AfterEffectsSDK_25.6_61_win\ae25.6_61.64bit.AfterEffectsSDK\Examples\Template\sep_color\sep_color.cpp(132,8):
2025-11-12T12:45:55.0230106Z              see declaration of 'IterateRefcon'
2025-11-12T12:45:55.0230550Z          
2025-11-12T12:45:55.0231698Z      2>D:\a\Ae_sep_color\Ae_sep_color\ae_sdk_work\AfterEffectsSDK_25.6_61_win\ae25.6_61.64bit.AfterEffectsSDK\Examples\Template\sep_color\sep_color.cpp(263,15): error C2737: 'sd': const object must be initialized [D:\a\Ae_sep_color\Ae_sep_color\ae_sdk_work\AfterEffectsSDK_25.6_61_win\ae25.6_61.64bit.AfterEffectsSDK\Examples\Template\sep_color\Win\sep_color.vcxproj]
2025-11-12T12:45:55.0233984Z      2>D:\a\Ae_sep_color\Ae_sep_color\ae_sdk_work\AfterEffectsSDK_25.6_61_win\ae25.6_61.64bit.AfterEffectsSDK\Examples\Template\sep_color\sep_color.cpp(269,21): error C2027: use of undefined type 'IterateRefcon' [D:\a\Ae_sep_color\Ae_sep_color\ae_sdk_work\AfterEffectsSDK_25.6_61_win\ae25.6_61.64bit.AfterEffectsSDK\Examples\Template\sep_color\Win\sep_color.vcxproj]
2025-11-12T12:45:55.0235381Z              D:\a\Ae_sep_color\Ae_sep_color\ae_sdk_work\AfterEffectsSDK_25.6_61_win\ae25.6_61.64bit.AfterEffectsSDK\Examples\Template\sep_color\sep_color.cpp(132,8):
2025-11-12T12:45:55.0236244Z              see declaration of 'IterateRefcon'
2025-11-12T12:45:55.0236465Z          
2025-11-12T12:45:55.0237463Z      2>D:\a\Ae_sep_color\Ae_sep_color\ae_sdk_work\AfterEffectsSDK_25.6_61_win\ae25.6_61.64bit.AfterEffectsSDK\Examples\Template\sep_color\sep_color.cpp(269,42): error C2027: use of undefined type 'IterateRefcon' [D:\a\Ae_sep_color\Ae_sep_color\ae_sdk_work\AfterEffectsSDK_25.6_61_win\ae25.6_61.64bit.AfterEffectsSDK\Examples\Template\sep_color\Win\sep_color.vcxproj]
2025-11-12T12:45:55.0239349Z              D:\a\Ae_sep_color\Ae_sep_color\ae_sdk_work\AfterEffectsSDK_25.6_61_win\ae25.6_61.64bit.AfterEffectsSDK\Examples\Template\sep_color\sep_color.cpp(132,8):
2025-11-12T12:45:55.0239909Z              see declaration of 'IterateRefcon'
2025-11-12T12:45:55.0240143Z          
2025-11-12T12:45:55.0241469Z      2>D:\a\Ae_sep_color\Ae_sep_color\ae_sdk_work\AfterEffectsSDK_25.6_61_win\ae25.6_61.64bit.AfterEffectsSDK\Examples\Template\sep_color\sep_color.cpp(269,15): error C2737: 'sd': const object must be initialized [D:\a\Ae_sep_color\Ae_sep_color\ae_sdk_work\AfterEffectsSDK_25.6_61_win\ae25.6_61.64bit.AfterEffectsSDK\Examples\Template\sep_color\Win\sep_color.vcxproj]
2025-11-12T12:45:55.0245039Z      2>D:\a\Ae_sep_color\Ae_sep_color\ae_sdk_work\AfterEffectsSDK_25.6_61_win\ae25.6_61.64bit.AfterEffectsSDK\Examples\Template\sep_color\sep_color.cpp(277,46): error C2027: use of undefined type 'IterateRefcon' [D:\a\Ae_sep_color\Ae_sep_color\ae_sdk_work\AfterEffectsSDK_25.6_61_win\ae25.6_61.64bit.AfterEffectsSDK\Examples\Template\sep_color\Win\sep_color.vcxproj]
2025-11-12T12:45:55.0247179Z              D:\a\Ae_sep_color\Ae_sep_color\ae_sdk_work\AfterEffectsSDK_25.6_61_win\ae25.6_61.64bit.AfterEffectsSDK\Examples\Template\sep_color\sep_color.cpp(132,8):
2025-11-12T12:45:55.0247747Z              see declaration of 'IterateRefcon'
2025-11-12T12:45:55.0247983Z          
2025-11-12T12:45:55.0248979Z      2>D:\a\Ae_sep_color\Ae_sep_color\ae_sdk_work\AfterEffectsSDK_25.6_61_win\ae25.6_61.64bit.AfterEffectsSDK\Examples\Template\sep_color\sep_color.cpp(277,18): error C2737: 'r': const object must be initialized [D:\a\Ae_sep_color\Ae_sep_color\ae_sdk_work\AfterEffectsSDK_25.6_61_win\ae25.6_61.64bit.AfterEffectsSDK\Examples\Template\sep_color\Win\sep_color.vcxproj]
2025-11-12T12:45:55.0252842Z      2>D:\a\Ae_sep_color\Ae_sep_color\ae_sdk_work\AfterEffectsSDK_25.6_61_win\ae25.6_61.64bit.AfterEffectsSDK\Examples\Template\sep_color\sep_color.cpp(278,46): error C2027: use of undefined type 'IterateRefcon' [D:\a\Ae_sep_color\Ae_sep_color\ae_sdk_work\AfterEffectsSDK_25.6_61_win\ae25.6_61.64bit.AfterEffectsSDK\Examples\Template\sep_color\Win\sep_color.vcxproj]
2025-11-12T12:45:55.0254811Z              D:\a\Ae_sep_color\Ae_sep_color\ae_sdk_work\AfterEffectsSDK_25.6_61_win\ae25.6_61.64bit.AfterEffectsSDK\Examples\Template\sep_color\sep_color.cpp(132,8):
2025-11-12T12:45:55.0256292Z              see declaration of 'IterateRefcon'
2025-11-12T12:45:55.0256666Z          
2025-11-12T12:45:55.0258564Z      2>D:\a\Ae_sep_color\Ae_sep_color\ae_sdk_work\AfterEffectsSDK_25.6_61_win\ae25.6_61.64bit.AfterEffectsSDK\Examples\Template\sep_color\sep_color.cpp(278,18): error C2737: 'g': const object must be initialized [D:\a\Ae_sep_color\Ae_sep_color\ae_sdk_work\AfterEffectsSDK_25.6_61_win\ae25.6_61.64bit.AfterEffectsSDK\Examples\Template\sep_color\Win\sep_color.vcxproj]
2025-11-12T12:45:55.0262348Z      2>D:\a\Ae_sep_color\Ae_sep_color\ae_sdk_work\AfterEffectsSDK_25.6_61_win\ae25.6_61.64bit.AfterEffectsSDK\Examples\Template\sep_color\sep_color.cpp(279,46): error C2027: use of undefined type 'IterateRefcon' [D:\a\Ae_sep_color\Ae_sep_color\ae_sdk_work\AfterEffectsSDK_25.6_61_win\ae25.6_61.64bit.AfterEffectsSDK\Examples\Template\sep_color\Win\sep_color.vcxproj]
2025-11-12T12:45:55.0266760Z              D:\a\Ae_sep_color\Ae_sep_color\ae_sdk_work\AfterEffectsSDK_25.6_61_win\ae25.6_61.64bit.AfterEffectsSDK\Examples\Template\sep_color\sep_color.cpp(132,8):
2025-11-12T12:45:55.0268142Z              see declaration of 'IterateRefcon'
2025-11-12T12:45:55.0268632Z          
2025-11-12T12:45:55.0270357Z      2>D:\a\Ae_sep_color\Ae_sep_color\ae_sdk_work\AfterEffectsSDK_25.6_61_win\ae25.6_61.64bit.AfterEffectsSDK\Examples\Template\sep_color\sep_color.cpp(279,18): error C2737: 'b': const object must be initialized [D:\a\Ae_sep_color\Ae_sep_color\ae_sdk_work\AfterEffectsSDK_25.6_61_win\ae25.6_61.64bit.AfterEffectsSDK\Examples\Template\sep_color\Win\sep_color.vcxproj]
2025-11-12T12:45:55.0274859Z      2>D:\a\Ae_sep_color\Ae_sep_color\ae_sdk_work\AfterEffectsSDK_25.6_61_win\ae25.6_61.64bit.AfterEffectsSDK\Examples\Template\sep_color\sep_color.cpp(307,16): error C2079: 'rc' uses undefined struct 'IterateRefcon' [D:\a\Ae_sep_color\Ae_sep_color\ae_sdk_work\AfterEffectsSDK_25.6_61_win\ae25.6_61.64bit.AfterEffectsSDK\Examples\Template\sep_color\Win\sep_color.vcxproj]
2025-11-12T12:45:55.0277612Z      2>D:\a\Ae_sep_color\Ae_sep_color\ae_sdk_work\AfterEffectsSDK_25.6_61_win\ae25.6_61.64bit.AfterEffectsSDK\Examples\Template\sep_color\sep_color.cpp(343,44): error C2027: use of undefined type 'IterateRefcon' [D:\a\Ae_sep_color\Ae_sep_color\ae_sdk_work\AfterEffectsSDK_25.6_61_win\ae25.6_61.64bit.AfterEffectsSDK\Examples\Template\sep_color\Win\sep_color.vcxproj]
2025-11-12T12:45:55.0278978Z              D:\a\Ae_sep_color\Ae_sep_color\ae_sdk_work\AfterEffectsSDK_25.6_61_win\ae25.6_61.64bit.AfterEffectsSDK\Examples\Template\sep_color\sep_color.cpp(132,8):
2025-11-12T12:45:55.0279535Z              see declaration of 'IterateRefcon'
2025-11-12T12:45:55.0279759Z          
2025-11-12T12:45:55.0280770Z      2>D:\a\Ae_sep_color\Ae_sep_color\ae_sdk_work\AfterEffectsSDK_25.6_61_win\ae25.6_61.64bit.AfterEffectsSDK\Examples\Template\sep_color\sep_color.cpp(343,60): error C2027: use of undefined type 'IterateRefcon' [D:\a\Ae_sep_color\Ae_sep_color\ae_sdk_work\AfterEffectsSDK_25.6_61_win\ae25.6_61.64bit.AfterEffectsSDK\Examples\Template\sep_color\Win\sep_color.vcxproj]
2025-11-12T12:45:55.0282194Z              D:\a\Ae_sep_color\Ae_sep_color\ae_sdk_work\AfterEffectsSDK_25.6_61_win\ae25.6_61.64bit.AfterEffectsSDK\Examples\Template\sep_color\sep_color.cpp(132,8):
2025-11-12T12:45:55.0283046Z              see declaration of 'IterateRefcon'
2025-11-12T12:45:55.0283287Z          
2025-11-12T12:45:55.0284297Z      2>D:\a\Ae_sep_color\Ae_sep_color\ae_sdk_work\AfterEffectsSDK_25.6_61_win\ae25.6_61.64bit.AfterEffectsSDK\Examples\Template\sep_color\sep_color.cpp(343,14): error C2737: 'fx': const object must be initialized [D:\a\Ae_sep_color\Ae_sep_color\ae_sdk_work\AfterEffectsSDK_25.6_61_win\ae25.6_61.64bit.AfterEffectsSDK\Examples\Template\sep_color\Win\sep_color.vcxproj]
2025-11-12T12:45:55.0288151Z      2>D:\a\Ae_sep_color\Ae_sep_color\ae_sdk_work\AfterEffectsSDK_25.6_61_win\ae25.6_61.64bit.AfterEffectsSDK\Examples\Template\sep_color\sep_color.cpp(344,44): error C2027: use of undefined type 'IterateRefcon' [D:\a\Ae_sep_color\Ae_sep_color\ae_sdk_work\AfterEffectsSDK_25.6_61_win\ae25.6_61.64bit.AfterEffectsSDK\Examples\Template\sep_color\Win\sep_color.vcxproj]
2025-11-12T12:45:55.0291564Z              D:\a\Ae_sep_color\Ae_sep_color\ae_sdk_work\AfterEffectsSDK_25.6_61_win\ae25.6_61.64bit.AfterEffectsSDK\Examples\Template\sep_color\sep_color.cpp(132,8):
2025-11-12T12:45:55.0292579Z              see declaration of 'IterateRefcon'
2025-11-12T12:45:55.0292975Z          
2025-11-12T12:45:55.0294843Z      2>D:\a\Ae_sep_color\Ae_sep_color\ae_sdk_work\AfterEffectsSDK_25.6_61_win\ae25.6_61.64bit.AfterEffectsSDK\Examples\Template\sep_color\sep_color.cpp(344,60): error C2027: use of undefined type 'IterateRefcon' [D:\a\Ae_sep_color\Ae_sep_color\ae_sdk_work\AfterEffectsSDK_25.6_61_win\ae25.6_61.64bit.AfterEffectsSDK\Examples\Template\sep_color\Win\sep_color.vcxproj]
2025-11-12T12:45:55.0299120Z              D:\a\Ae_sep_color\Ae_sep_color\ae_sdk_work\AfterEffectsSDK_25.6_61_win\ae25.6_61.64bit.AfterEffectsSDK\Examples\Template\sep_color\sep_color.cpp(132,8):
2025-11-12T12:45:55.0300401Z              see declaration of 'IterateRefcon'
2025-11-12T12:45:55.0300982Z          
2025-11-12T12:45:55.0303084Z      2>D:\a\Ae_sep_color\Ae_sep_color\ae_sdk_work\AfterEffectsSDK_25.6_61_win\ae25.6_61.64bit.AfterEffectsSDK\Examples\Template\sep_color\sep_color.cpp(344,14): error C2737: 'fy': const object must be initialized [D:\a\Ae_sep_color\Ae_sep_color\ae_sdk_work\AfterEffectsSDK_25.6_61_win\ae25.6_61.64bit.AfterEffectsSDK\Examples\Template\sep_color\Win\sep_color.vcxproj]
2025-11-12T12:45:55.0307659Z      2>D:\a\Ae_sep_color\Ae_sep_color\ae_sdk_work\AfterEffectsSDK_25.6_61_win\ae25.6_61.64bit.AfterEffectsSDK\Examples\Template\sep_color\sep_color.cpp(346,6): error C2027: use of undefined type 'IterateRefcon' [D:\a\Ae_sep_color\Ae_sep_color\ae_sdk_work\AfterEffectsSDK_25.6_61_win\ae25.6_61.64bit.AfterEffectsSDK\Examples\Template\sep_color\Win\sep_color.vcxproj]
2025-11-12T12:45:55.0310275Z              D:\a\Ae_sep_color\Ae_sep_color\ae_sdk_work\AfterEffectsSDK_25.6_61_win\ae25.6_61.64bit.AfterEffectsSDK\Examples\Template\sep_color\sep_color.cpp(132,8):
2025-11-12T12:45:55.0311333Z              see declaration of 'IterateRefcon'
2025-11-12T12:45:55.0311742Z          
2025-11-12T12:45:55.0313611Z      2>D:\a\Ae_sep_color\Ae_sep_color\ae_sdk_work\AfterEffectsSDK_25.6_61_win\ae25.6_61.64bit.AfterEffectsSDK\Examples\Template\sep_color\sep_color.cpp(348,25): error C2027: use of undefined type 'IterateRefcon' [D:\a\Ae_sep_color\Ae_sep_color\ae_sdk_work\AfterEffectsSDK_25.6_61_win\ae25.6_61.64bit.AfterEffectsSDK\Examples\Template\sep_color\Win\sep_color.vcxproj]
2025-11-12T12:45:55.0316301Z              D:\a\Ae_sep_color\Ae_sep_color\ae_sdk_work\AfterEffectsSDK_25.6_61_win\ae25.6_61.64bit.AfterEffectsSDK\Examples\Template\sep_color\sep_color.cpp(132,8):
2025-11-12T12:45:55.0317713Z              see declaration of 'IterateRefcon'
2025-11-12T12:45:55.0318416Z          
2025-11-12T12:45:55.0320150Z      2>D:\a\Ae_sep_color\Ae_sep_color\ae_sdk_work\AfterEffectsSDK_25.6_61_win\ae25.6_61.64bit.AfterEffectsSDK\Examples\Template\sep_color\sep_color.cpp(348,15): error C2737: 'cs': const object must be initialized [D:\a\Ae_sep_color\Ae_sep_color\ae_sdk_work\AfterEffectsSDK_25.6_61_win\ae25.6_61.64bit.AfterEffectsSDK\Examples\Template\sep_color\Win\sep_color.vcxproj]
2025-11-12T12:45:55.0323185Z      2>D:\a\Ae_sep_color\Ae_sep_color\ae_sdk_work\AfterEffectsSDK_25.6_61_win\ae25.6_61.64bit.AfterEffectsSDK\Examples\Template\sep_color\sep_color.cpp(348,47): error C2027: use of undefined type 'IterateRefcon' [D:\a\Ae_sep_color\Ae_sep_color\ae_sdk_work\AfterEffectsSDK_25.6_61_win\ae25.6_61.64bit.AfterEffectsSDK\Examples\Template\sep_color\Win\sep_color.vcxproj]
2025-11-12T12:45:55.0325744Z              D:\a\Ae_sep_color\Ae_sep_color\ae_sdk_work\AfterEffectsSDK_25.6_61_win\ae25.6_61.64bit.AfterEffectsSDK\Examples\Template\sep_color\sep_color.cpp(132,8):
2025-11-12T12:45:55.0326592Z              see declaration of 'IterateRefcon'
2025-11-12T12:45:55.0327161Z          
2025-11-12T12:45:55.0328762Z      2>D:\a\Ae_sep_color\Ae_sep_color\ae_sdk_work\AfterEffectsSDK_25.6_61_win\ae25.6_61.64bit.AfterEffectsSDK\Examples\Template\sep_color\sep_color.cpp(348,37): error C2737: 'sn': const object must be initialized [D:\a\Ae_sep_color\Ae_sep_color\ae_sdk_work\AfterEffectsSDK_25.6_61_win\ae25.6_61.64bit.AfterEffectsSDK\Examples\Template\sep_color\Win\sep_color.vcxproj]
2025-11-12T12:45:55.0331899Z      2>D:\a\Ae_sep_color\Ae_sep_color\ae_sdk_work\AfterEffectsSDK_25.6_61_win\ae25.6_61.64bit.AfterEffectsSDK\Examples\Template\sep_color\sep_color.cpp(350,28): error C2027: use of undefined type 'IterateRefcon' [D:\a\Ae_sep_color\Ae_sep_color\ae_sdk_work\AfterEffectsSDK_25.6_61_win\ae25.6_61.64bit.AfterEffectsSDK\Examples\Template\sep_color\Win\sep_color.vcxproj]
2025-11-12T12:45:55.0334159Z              D:\a\Ae_sep_color\Ae_sep_color\ae_sdk_work\AfterEffectsSDK_25.6_61_win\ae25.6_61.64bit.AfterEffectsSDK\Examples\Template\sep_color\sep_color.cpp(132,8):
2025-11-12T12:45:55.0335029Z              see declaration of 'IterateRefcon'
2025-11-12T12:45:55.0335361Z          
2025-11-12T12:45:55.0336984Z      2>D:\a\Ae_sep_color\Ae_sep_color\ae_sdk_work\AfterEffectsSDK_25.6_61_win\ae25.6_61.64bit.AfterEffectsSDK\Examples\Template\sep_color\sep_color.cpp(350,15): error C2737: 'sd': const object must be initialized [D:\a\Ae_sep_color\Ae_sep_color\ae_sdk_work\AfterEffectsSDK_25.6_61_win\ae25.6_61.64bit.AfterEffectsSDK\Examples\Template\sep_color\Win\sep_color.vcxproj]
2025-11-12T12:45:55.0340255Z      2>D:\a\Ae_sep_color\Ae_sep_color\ae_sdk_work\AfterEffectsSDK_25.6_61_win\ae25.6_61.64bit.AfterEffectsSDK\Examples\Template\sep_color\sep_color.cpp(356,21): error C2027: use of undefined type 'IterateRefcon' [D:\a\Ae_sep_color\Ae_sep_color\ae_sdk_work\AfterEffectsSDK_25.6_61_win\ae25.6_61.64bit.AfterEffectsSDK\Examples\Template\sep_color\Win\sep_color.vcxproj]
2025-11-12T12:45:55.0342959Z              D:\a\Ae_sep_color\Ae_sep_color\ae_sdk_work\AfterEffectsSDK_25.6_61_win\ae25.6_61.64bit.AfterEffectsSDK\Examples\Template\sep_color\sep_color.cpp(132,8):
2025-11-12T12:45:55.0343859Z              see declaration of 'IterateRefcon'
2025-11-12T12:45:55.0344199Z          
2025-11-12T12:45:55.0345837Z      2>D:\a\Ae_sep_color\Ae_sep_color\ae_sdk_work\AfterEffectsSDK_25.6_61_win\ae25.6_61.64bit.AfterEffectsSDK\Examples\Template\sep_color\sep_color.cpp(356,42): error C2027: use of undefined type 'IterateRefcon' [D:\a\Ae_sep_color\Ae_sep_color\ae_sdk_work\AfterEffectsSDK_25.6_61_win\ae25.6_61.64bit.AfterEffectsSDK\Examples\Template\sep_color\Win\sep_color.vcxproj]
2025-11-12T12:45:55.0348188Z              D:\a\Ae_sep_color\Ae_sep_color\ae_sdk_work\AfterEffectsSDK_25.6_61_win\ae25.6_61.64bit.AfterEffectsSDK\Examples\Template\sep_color\sep_color.cpp(132,8):
2025-11-12T12:45:55.0349070Z              see declaration of 'IterateRefcon'
2025-11-12T12:45:55.0349412Z          
2025-11-12T12:45:55.0351051Z      2>D:\a\Ae_sep_color\Ae_sep_color\ae_sdk_work\AfterEffectsSDK_25.6_61_win\ae25.6_61.64bit.AfterEffectsSDK\Examples\Template\sep_color\sep_color.cpp(356,15): error C2737: 'sd': const object must be initialized [D:\a\Ae_sep_color\Ae_sep_color\ae_sdk_work\AfterEffectsSDK_25.6_61_win\ae25.6_61.64bit.AfterEffectsSDK\Examples\Template\sep_color\Win\sep_color.vcxproj]
2025-11-12T12:45:55.0354247Z      2>D:\a\Ae_sep_color\Ae_sep_color\ae_sdk_work\AfterEffectsSDK_25.6_61_win\ae25.6_61.64bit.AfterEffectsSDK\Examples\Template\sep_color\sep_color.cpp(364,37): error C2027: use of undefined type 'IterateRefcon' [D:\a\Ae_sep_color\Ae_sep_color\ae_sdk_work\AfterEffectsSDK_25.6_61_win\ae25.6_61.64bit.AfterEffectsSDK\Examples\Template\sep_color\Win\sep_color.vcxproj]
2025-11-12T12:45:55.0356530Z              D:\a\Ae_sep_color\Ae_sep_color\ae_sdk_work\AfterEffectsSDK_25.6_61_win\ae25.6_61.64bit.AfterEffectsSDK\Examples\Template\sep_color\sep_color.cpp(132,8):
2025-11-12T12:45:55.0357427Z              see declaration of 'IterateRefcon'
2025-11-12T12:45:55.0357928Z          
2025-11-12T12:45:55.0359581Z      2>D:\a\Ae_sep_color\Ae_sep_color\ae_sdk_work\AfterEffectsSDK_25.6_61_win\ae25.6_61.64bit.AfterEffectsSDK\Examples\Template\sep_color\sep_color.cpp(364,14): error C2737: 'r': const object must be initialized [D:\a\Ae_sep_color\Ae_sep_color\ae_sdk_work\AfterEffectsSDK_25.6_61_win\ae25.6_61.64bit.AfterEffectsSDK\Examples\Template\sep_color\Win\sep_color.vcxproj]
2025-11-12T12:45:55.0397638Z      2>D:\a\Ae_sep_color\Ae_sep_color\ae_sdk_work\AfterEffectsSDK_25.6_61_win\ae25.6_61.64bit.AfterEffectsSDK\Examples\Template\sep_color\sep_color.cpp(365,37): error C2027: use of undefined type 'IterateRefcon' [D:\a\Ae_sep_color\Ae_sep_color\ae_sdk_work\AfterEffectsSDK_25.6_61_win\ae25.6_61.64bit.AfterEffectsSDK\Examples\Template\sep_color\Win\sep_color.vcxproj]
2025-11-12T12:45:55.0404066Z              D:\a\Ae_sep_color\Ae_sep_color\ae_sdk_work\AfterEffectsSDK_25.6_61_win\ae25.6_61.64bit.AfterEffectsSDK\Examples\Template\sep_color\sep_color.cpp(132,8):
2025-11-12T12:45:55.0405131Z              see declaration of 'IterateRefcon'
2025-11-12T12:45:55.0405552Z          
2025-11-12T12:45:55.0407415Z      2>D:\a\Ae_sep_color\Ae_sep_color\ae_sdk_work\AfterEffectsSDK_25.6_61_win\ae25.6_61.64bit.AfterEffectsSDK\Examples\Template\sep_color\sep_color.cpp(365,14): error C2737: 'g': const object must be initialized [D:\a\Ae_sep_color\Ae_sep_color\ae_sdk_work\AfterEffectsSDK_25.6_61_win\ae25.6_61.64bit.AfterEffectsSDK\Examples\Template\sep_color\Win\sep_color.vcxproj]
2025-11-12T12:45:55.0411327Z      2>D:\a\Ae_sep_color\Ae_sep_color\ae_sdk_work\AfterEffectsSDK_25.6_61_win\ae25.6_61.64bit.AfterEffectsSDK\Examples\Template\sep_color\sep_color.cpp(366,37): error C2027: use of undefined type 'IterateRefcon' [D:\a\Ae_sep_color\Ae_sep_color\ae_sdk_work\AfterEffectsSDK_25.6_61_win\ae25.6_61.64bit.AfterEffectsSDK\Examples\Template\sep_color\Win\sep_color.vcxproj]
2025-11-12T12:45:55.0413708Z              D:\a\Ae_sep_color\Ae_sep_color\ae_sdk_work\AfterEffectsSDK_25.6_61_win\ae25.6_61.64bit.AfterEffectsSDK\Examples\Template\sep_color\sep_color.cpp(132,8):
2025-11-12T12:45:55.0414594Z              see declaration of 'IterateRefcon'
2025-11-12T12:45:55.0414960Z          
2025-11-12T12:45:55.0416706Z      2>D:\a\Ae_sep_color\Ae_sep_color\ae_sdk_work\AfterEffectsSDK_25.6_61_win\ae25.6_61.64bit.AfterEffectsSDK\Examples\Template\sep_color\sep_color.cpp(366,14): error C2737: 'b': const object must be initialized [D:\a\Ae_sep_color\Ae_sep_color\ae_sdk_work\AfterEffectsSDK_25.6_61_win\ae25.6_61.64bit.AfterEffectsSDK\Examples\Template\sep_color\Win\sep_color.vcxproj]
2025-11-12T12:45:55.0420321Z      2>D:\a\Ae_sep_color\Ae_sep_color\ae_sdk_work\AfterEffectsSDK_25.6_61_win\ae25.6_61.64bit.AfterEffectsSDK\Examples\Template\sep_color\sep_color.cpp(394,16): error C2079: 'rc' uses undefined struct 'IterateRefcon' [D:\a\Ae_sep_color\Ae_sep_color\ae_sdk_work\AfterEffectsSDK_25.6_61_win\ae25.6_61.64bit.AfterEffectsSDK\Examples\Template\sep_color\Win\sep_color.vcxproj]
2025-11-12T12:45:55.0423547Z      2>Done Building Project "D:\a\Ae_sep_color\Ae_sep_color\ae_sdk_work\AfterEffectsSDK_25.6_61_win\ae25.6_61.64bit.AfterEffectsSDK\Examples\Template\sep_color\Win\sep_color.vcxproj" (default targets) -- FAILED.
2025-11-12T12:45:55.0425486Z      1>Done Building Project "D:\a\Ae_sep_color\Ae_sep_color\ae_sdk_work\AfterEffectsSDK_25.6_61_win\ae25.6_61.64bit.AfterEffectsSDK\Examples\Template\sep_color\Win\sep_color.sln" (Build target(s)) -- FAILED.
2025-11-12T12:45:55.0426118Z 
2025-11-12T12:45:55.0426184Z Build FAILED.
2025-11-12T12:45:55.0426292Z 
2025-11-12T12:45:55.0426733Z        "D:\a\Ae_sep_color\Ae_sep_color\ae_sdk_work\AfterEffectsSDK_25.6_61_win\ae25.6_61.64bit.AfterEffectsSDK\Examples\Template\sep_color\Win\sep_color.sln" (Build target) (1) ->
2025-11-12T12:45:55.0427981Z        "D:\a\Ae_sep_color\Ae_sep_color\ae_sdk_work\AfterEffectsSDK_25.6_61_win\ae25.6_61.64bit.AfterEffectsSDK\Examples\Template\sep_color\Win\sep_color.vcxproj" (default target) (2) ->
2025-11-12T12:45:55.0428598Z        (PrepareForBuild target) -> 
2025-11-12T12:45:55.0430466Z          C:\Program Files\Microsoft Visual Studio\2022\Enterprise\MSBuild\Microsoft\VC\v170\Microsoft.CppBuild.targets(524,5): warning MSB8004: Output Directory does not end with a trailing slash.  This build instance will add the slash as it is required to allow proper evaluation of the Output Directory. [D:\a\Ae_sep_color\Ae_sep_color\ae_sdk_work\AfterEffectsSDK_25.6_61_win\ae25.6_61.64bit.AfterEffectsSDK\Examples\Template\sep_color\Win\sep_color.vcxproj]
2025-11-12T12:45:55.0431792Z 
2025-11-12T12:45:55.0431796Z 
2025-11-12T12:45:55.0432326Z        "D:\a\Ae_sep_color\Ae_sep_color\ae_sdk_work\AfterEffectsSDK_25.6_61_win\ae25.6_61.64bit.AfterEffectsSDK\Examples\Template\sep_color\Win\sep_color.sln" (Build target) (1) ->
2025-11-12T12:45:55.0433482Z        "D:\a\Ae_sep_color\Ae_sep_color\ae_sdk_work\AfterEffectsSDK_25.6_61_win\ae25.6_61.64bit.AfterEffectsSDK\Examples\Template\sep_color\Win\sep_color.vcxproj" (default target) (2) ->
2025-11-12T12:45:55.0434088Z        (ClCompile target) -> 
2025-11-12T12:45:55.0435449Z          D:\a\Ae_sep_color\Ae_sep_color\ae_sdk_work\AfterEffectsSDK_25.6_61_win\ae25.6_61.64bit.AfterEffectsSDK\Examples\Template\sep_color\sep_color.cpp(237,8): error C2011: 'IterateRefcon': 'struct' type redefinition [D:\a\Ae_sep_color\Ae_sep_color\ae_sdk_work\AfterEffectsSDK_25.6_61_win\ae25.6_61.64bit.AfterEffectsSDK\Examples\Template\sep_color\Win\sep_color.vcxproj]
2025-11-12T12:45:55.0437763Z          D:\a\Ae_sep_color\Ae_sep_color\ae_sdk_work\AfterEffectsSDK_25.6_61_win\ae25.6_61.64bit.AfterEffectsSDK\Examples\Template\sep_color\sep_color.cpp(256,44): error C2027: use of undefined type 'IterateRefcon' [D:\a\Ae_sep_color\Ae_sep_color\ae_sdk_work\AfterEffectsSDK_25.6_61_win\ae25.6_61.64bit.AfterEffectsSDK\Examples\Template\sep_color\Win\sep_color.vcxproj]
2025-11-12T12:45:55.0439696Z          D:\a\Ae_sep_color\Ae_sep_color\ae_sdk_work\AfterEffectsSDK_25.6_61_win\ae25.6_61.64bit.AfterEffectsSDK\Examples\Template\sep_color\sep_color.cpp(256,60): error C2027: use of undefined type 'IterateRefcon' [D:\a\Ae_sep_color\Ae_sep_color\ae_sdk_work\AfterEffectsSDK_25.6_61_win\ae25.6_61.64bit.AfterEffectsSDK\Examples\Template\sep_color\Win\sep_color.vcxproj]
2025-11-12T12:45:55.0441897Z          D:\a\Ae_sep_color\Ae_sep_color\ae_sdk_work\AfterEffectsSDK_25.6_61_win\ae25.6_61.64bit.AfterEffectsSDK\Examples\Template\sep_color\sep_color.cpp(256,14): error C2737: 'fx': const object must be initialized [D:\a\Ae_sep_color\Ae_sep_color\ae_sdk_work\AfterEffectsSDK_25.6_61_win\ae25.6_61.64bit.AfterEffectsSDK\Examples\Template\sep_color\Win\sep_color.vcxproj]
2025-11-12T12:45:55.0444526Z          D:\a\Ae_sep_color\Ae_sep_color\ae_sdk_work\AfterEffectsSDK_25.6_61_win\ae25.6_61.64bit.AfterEffectsSDK\Examples\Template\sep_color\sep_color.cpp(257,44): error C2027: use of undefined type 'IterateRefcon' [D:\a\Ae_sep_color\Ae_sep_color\ae_sdk_work\AfterEffectsSDK_25.6_61_win\ae25.6_61.64bit.AfterEffectsSDK\Examples\Template\sep_color\Win\sep_color.vcxproj]
2025-11-12T12:45:55.0446758Z          D:\a\Ae_sep_color\Ae_sep_color\ae_sdk_work\AfterEffectsSDK_25.6_61_win\ae25.6_61.64bit.AfterEffectsSDK\Examples\Template\sep_color\sep_color.cpp(257,60): error C2027: use of undefined type 'IterateRefcon' [D:\a\Ae_sep_color\Ae_sep_color\ae_sdk_work\AfterEffectsSDK_25.6_61_win\ae25.6_61.64bit.AfterEffectsSDK\Examples\Template\sep_color\Win\sep_color.vcxproj]
2025-11-12T12:45:55.0448794Z          D:\a\Ae_sep_color\Ae_sep_color\ae_sdk_work\AfterEffectsSDK_25.6_61_win\ae25.6_61.64bit.AfterEffectsSDK\Examples\Template\sep_color\sep_color.cpp(257,14): error C2737: 'fy': const object must be initialized [D:\a\Ae_sep_color\Ae_sep_color\ae_sdk_work\AfterEffectsSDK_25.6_61_win\ae25.6_61.64bit.AfterEffectsSDK\Examples\Template\sep_color\Win\sep_color.vcxproj]
2025-11-12T12:45:55.0450949Z          D:\a\Ae_sep_color\Ae_sep_color\ae_sdk_work\AfterEffectsSDK_25.6_61_win\ae25.6_61.64bit.AfterEffectsSDK\Examples\Template\sep_color\sep_color.cpp(259,6): error C2027: use of undefined type 'IterateRefcon' [D:\a\Ae_sep_color\Ae_sep_color\ae_sdk_work\AfterEffectsSDK_25.6_61_win\ae25.6_61.64bit.AfterEffectsSDK\Examples\Template\sep_color\Win\sep_color.vcxproj]
2025-11-12T12:45:55.0453312Z          D:\a\Ae_sep_color\Ae_sep_color\ae_sdk_work\AfterEffectsSDK_25.6_61_win\ae25.6_61.64bit.AfterEffectsSDK\Examples\Template\sep_color\sep_color.cpp(261,25): error C2027: use of undefined type 'IterateRefcon' [D:\a\Ae_sep_color\Ae_sep_color\ae_sdk_work\AfterEffectsSDK_25.6_61_win\ae25.6_61.64bit.AfterEffectsSDK\Examples\Template\sep_color\Win\sep_color.vcxproj]
2025-11-12T12:45:55.0455484Z          D:\a\Ae_sep_color\Ae_sep_color\ae_sdk_work\AfterEffectsSDK_25.6_61_win\ae25.6_61.64bit.AfterEffectsSDK\Examples\Template\sep_color\sep_color.cpp(261,15): error C2737: 'cs': const object must be initialized [D:\a\Ae_sep_color\Ae_sep_color\ae_sdk_work\AfterEffectsSDK_25.6_61_win\ae25.6_61.64bit.AfterEffectsSDK\Examples\Template\sep_color\Win\sep_color.vcxproj]
2025-11-12T12:45:55.0457669Z          D:\a\Ae_sep_color\Ae_sep_color\ae_sdk_work\AfterEffectsSDK_25.6_61_win\ae25.6_61.64bit.AfterEffectsSDK\Examples\Template\sep_color\sep_color.cpp(261,47): error C2027: use of undefined type 'IterateRefcon' [D:\a\Ae_sep_color\Ae_sep_color\ae_sdk_work\AfterEffectsSDK_25.6_61_win\ae25.6_61.64bit.AfterEffectsSDK\Examples\Template\sep_color\Win\sep_color.vcxproj]
2025-11-12T12:45:55.0460480Z          D:\a\Ae_sep_color\Ae_sep_color\ae_sdk_work\AfterEffectsSDK_25.6_61_win\ae25.6_61.64bit.AfterEffectsSDK\Examples\Template\sep_color\sep_color.cpp(261,37): error C2737: 'sn': const object must be initialized [D:\a\Ae_sep_color\Ae_sep_color\ae_sdk_work\AfterEffectsSDK_25.6_61_win\ae25.6_61.64bit.AfterEffectsSDK\Examples\Template\sep_color\Win\sep_color.vcxproj]
2025-11-12T12:45:55.0464678Z          D:\a\Ae_sep_color\Ae_sep_color\ae_sdk_work\AfterEffectsSDK_25.6_61_win\ae25.6_61.64bit.AfterEffectsSDK\Examples\Template\sep_color\sep_color.cpp(263,28): error C2027: use of undefined type 'IterateRefcon' [D:\a\Ae_sep_color\Ae_sep_color\ae_sdk_work\AfterEffectsSDK_25.6_61_win\ae25.6_61.64bit.AfterEffectsSDK\Examples\Template\sep_color\Win\sep_color.vcxproj]
2025-11-12T12:45:55.0468351Z          D:\a\Ae_sep_color\Ae_sep_color\ae_sdk_work\AfterEffectsSDK_25.6_61_win\ae25.6_61.64bit.AfterEffectsSDK\Examples\Template\sep_color\sep_color.cpp(263,15): error C2737: 'sd': const object must be initialized [D:\a\Ae_sep_color\Ae_sep_color\ae_sdk_work\AfterEffectsSDK_25.6_61_win\ae25.6_61.64bit.AfterEffectsSDK\Examples\Template\sep_color\Win\sep_color.vcxproj]
2025-11-12T12:45:55.0471990Z          D:\a\Ae_sep_color\Ae_sep_color\ae_sdk_work\AfterEffectsSDK_25.6_61_win\ae25.6_61.64bit.AfterEffectsSDK\Examples\Template\sep_color\sep_color.cpp(269,21): error C2027: use of undefined type 'IterateRefcon' [D:\a\Ae_sep_color\Ae_sep_color\ae_sdk_work\AfterEffectsSDK_25.6_61_win\ae25.6_61.64bit.AfterEffectsSDK\Examples\Template\sep_color\Win\sep_color.vcxproj]
2025-11-12T12:45:55.0475615Z          D:\a\Ae_sep_color\Ae_sep_color\ae_sdk_work\AfterEffectsSDK_25.6_61_win\ae25.6_61.64bit.AfterEffectsSDK\Examples\Template\sep_color\sep_color.cpp(269,42): error C2027: use of undefined type 'IterateRefcon' [D:\a\Ae_sep_color\Ae_sep_color\ae_sdk_work\AfterEffectsSDK_25.6_61_win\ae25.6_61.64bit.AfterEffectsSDK\Examples\Template\sep_color\Win\sep_color.vcxproj]
2025-11-12T12:45:55.0479232Z          D:\a\Ae_sep_color\Ae_sep_color\ae_sdk_work\AfterEffectsSDK_25.6_61_win\ae25.6_61.64bit.AfterEffectsSDK\Examples\Template\sep_color\sep_color.cpp(269,15): error C2737: 'sd': const object must be initialized [D:\a\Ae_sep_color\Ae_sep_color\ae_sdk_work\AfterEffectsSDK_25.6_61_win\ae25.6_61.64bit.AfterEffectsSDK\Examples\Template\sep_color\Win\sep_color.vcxproj]
2025-11-12T12:45:55.0481394Z          D:\a\Ae_sep_color\Ae_sep_color\ae_sdk_work\AfterEffectsSDK_25.6_61_win\ae25.6_61.64bit.AfterEffectsSDK\Examples\Template\sep_color\sep_color.cpp(277,46): error C2027: use of undefined type 'IterateRefcon' [D:\a\Ae_sep_color\Ae_sep_color\ae_sdk_work\AfterEffectsSDK_25.6_61_win\ae25.6_61.64bit.AfterEffectsSDK\Examples\Template\sep_color\Win\sep_color.vcxproj]
2025-11-12T12:45:55.0484370Z          D:\a\Ae_sep_color\Ae_sep_color\ae_sdk_work\AfterEffectsSDK_25.6_61_win\ae25.6_61.64bit.AfterEffectsSDK\Examples\Template\sep_color\sep_color.cpp(277,18): error C2737: 'r': const object must be initialized [D:\a\Ae_sep_color\Ae_sep_color\ae_sdk_work\AfterEffectsSDK_25.6_61_win\ae25.6_61.64bit.AfterEffectsSDK\Examples\Template\sep_color\Win\sep_color.vcxproj]
2025-11-12T12:45:55.0486493Z          D:\a\Ae_sep_color\Ae_sep_color\ae_sdk_work\AfterEffectsSDK_25.6_61_win\ae25.6_61.64bit.AfterEffectsSDK\Examples\Template\sep_color\sep_color.cpp(278,46): error C2027: use of undefined type 'IterateRefcon' [D:\a\Ae_sep_color\Ae_sep_color\ae_sdk_work\AfterEffectsSDK_25.6_61_win\ae25.6_61.64bit.AfterEffectsSDK\Examples\Template\sep_color\Win\sep_color.vcxproj]
2025-11-12T12:45:55.0488617Z          D:\a\Ae_sep_color\Ae_sep_color\ae_sdk_work\AfterEffectsSDK_25.6_61_win\ae25.6_61.64bit.AfterEffectsSDK\Examples\Template\sep_color\sep_color.cpp(278,18): error C2737: 'g': const object must be initialized [D:\a\Ae_sep_color\Ae_sep_color\ae_sdk_work\AfterEffectsSDK_25.6_61_win\ae25.6_61.64bit.AfterEffectsSDK\Examples\Template\sep_color\Win\sep_color.vcxproj]
2025-11-12T12:45:55.0490810Z          D:\a\Ae_sep_color\Ae_sep_color\ae_sdk_work\AfterEffectsSDK_25.6_61_win\ae25.6_61.64bit.AfterEffectsSDK\Examples\Template\sep_color\sep_color.cpp(279,46): error C2027: use of undefined type 'IterateRefcon' [D:\a\Ae_sep_color\Ae_sep_color\ae_sdk_work\AfterEffectsSDK_25.6_61_win\ae25.6_61.64bit.AfterEffectsSDK\Examples\Template\sep_color\Win\sep_color.vcxproj]
2025-11-12T12:45:55.0493118Z          D:\a\Ae_sep_color\Ae_sep_color\ae_sdk_work\AfterEffectsSDK_25.6_61_win\ae25.6_61.64bit.AfterEffectsSDK\Examples\Template\sep_color\sep_color.cpp(279,18): error C2737: 'b': const object must be initialized [D:\a\Ae_sep_color\Ae_sep_color\ae_sdk_work\AfterEffectsSDK_25.6_61_win\ae25.6_61.64bit.AfterEffectsSDK\Examples\Template\sep_color\Win\sep_color.vcxproj]
2025-11-12T12:45:55.0495337Z          D:\a\Ae_sep_color\Ae_sep_color\ae_sdk_work\AfterEffectsSDK_25.6_61_win\ae25.6_61.64bit.AfterEffectsSDK\Examples\Template\sep_color\sep_color.cpp(307,16): error C2079: 'rc' uses undefined struct 'IterateRefcon' [D:\a\Ae_sep_color\Ae_sep_color\ae_sdk_work\AfterEffectsSDK_25.6_61_win\ae25.6_61.64bit.AfterEffectsSDK\Examples\Template\sep_color\Win\sep_color.vcxproj]
2025-11-12T12:45:55.0497535Z          D:\a\Ae_sep_color\Ae_sep_color\ae_sdk_work\AfterEffectsSDK_25.6_61_win\ae25.6_61.64bit.AfterEffectsSDK\Examples\Template\sep_color\sep_color.cpp(343,44): error C2027: use of undefined type 'IterateRefcon' [D:\a\Ae_sep_color\Ae_sep_color\ae_sdk_work\AfterEffectsSDK_25.6_61_win\ae25.6_61.64bit.AfterEffectsSDK\Examples\Template\sep_color\Win\sep_color.vcxproj]
2025-11-12T12:45:55.0499702Z          D:\a\Ae_sep_color\Ae_sep_color\ae_sdk_work\AfterEffectsSDK_25.6_61_win\ae25.6_61.64bit.AfterEffectsSDK\Examples\Template\sep_color\sep_color.cpp(343,60): error C2027: use of undefined type 'IterateRefcon' [D:\a\Ae_sep_color\Ae_sep_color\ae_sdk_work\AfterEffectsSDK_25.6_61_win\ae25.6_61.64bit.AfterEffectsSDK\Examples\Template\sep_color\Win\sep_color.vcxproj]
2025-11-12T12:45:55.0503144Z          D:\a\Ae_sep_color\Ae_sep_color\ae_sdk_work\AfterEffectsSDK_25.6_61_win\ae25.6_61.64bit.AfterEffectsSDK\Examples\Template\sep_color\sep_color.cpp(343,14): error C2737: 'fx': const object must be initialized [D:\a\Ae_sep_color\Ae_sep_color\ae_sdk_work\AfterEffectsSDK_25.6_61_win\ae25.6_61.64bit.AfterEffectsSDK\Examples\Template\sep_color\Win\sep_color.vcxproj]
2025-11-12T12:45:55.0507251Z          D:\a\Ae_sep_color\Ae_sep_color\ae_sdk_work\AfterEffectsSDK_25.6_61_win\ae25.6_61.64bit.AfterEffectsSDK\Examples\Template\sep_color\sep_color.cpp(344,44): error C2027: use of undefined type 'IterateRefcon' [D:\a\Ae_sep_color\Ae_sep_color\ae_sdk_work\AfterEffectsSDK_25.6_61_win\ae25.6_61.64bit.AfterEffectsSDK\Examples\Template\sep_color\Win\sep_color.vcxproj]
2025-11-12T12:45:55.0510875Z          D:\a\Ae_sep_color\Ae_sep_color\ae_sdk_work\AfterEffectsSDK_25.6_61_win\ae25.6_61.64bit.AfterEffectsSDK\Examples\Template\sep_color\sep_color.cpp(344,60): error C2027: use of undefined type 'IterateRefcon' [D:\a\Ae_sep_color\Ae_sep_color\ae_sdk_work\AfterEffectsSDK_25.6_61_win\ae25.6_61.64bit.AfterEffectsSDK\Examples\Template\sep_color\Win\sep_color.vcxproj]
2025-11-12T12:45:55.0514953Z          D:\a\Ae_sep_color\Ae_sep_color\ae_sdk_work\AfterEffectsSDK_25.6_61_win\ae25.6_61.64bit.AfterEffectsSDK\Examples\Template\sep_color\sep_color.cpp(344,14): error C2737: 'fy': const object must be initialized [D:\a\Ae_sep_color\Ae_sep_color\ae_sdk_work\AfterEffectsSDK_25.6_61_win\ae25.6_61.64bit.AfterEffectsSDK\Examples\Template\sep_color\Win\sep_color.vcxproj]
2025-11-12T12:45:55.0518556Z          D:\a\Ae_sep_color\Ae_sep_color\ae_sdk_work\AfterEffectsSDK_25.6_61_win\ae25.6_61.64bit.AfterEffectsSDK\Examples\Template\sep_color\sep_color.cpp(346,6): error C2027: use of undefined type 'IterateRefcon' [D:\a\Ae_sep_color\Ae_sep_color\ae_sdk_work\AfterEffectsSDK_25.6_61_win\ae25.6_61.64bit.AfterEffectsSDK\Examples\Template\sep_color\Win\sep_color.vcxproj]
2025-11-12T12:45:55.0522673Z          D:\a\Ae_sep_color\Ae_sep_color\ae_sdk_work\AfterEffectsSDK_25.6_61_win\ae25.6_61.64bit.AfterEffectsSDK\Examples\Template\sep_color\sep_color.cpp(348,25): error C2027: use of undefined type 'IterateRefcon' [D:\a\Ae_sep_color\Ae_sep_color\ae_sdk_work\AfterEffectsSDK_25.6_61_win\ae25.6_61.64bit.AfterEffectsSDK\Examples\Template\sep_color\Win\sep_color.vcxproj]
2025-11-12T12:45:55.0526403Z          D:\a\Ae_sep_color\Ae_sep_color\ae_sdk_work\AfterEffectsSDK_25.6_61_win\ae25.6_61.64bit.AfterEffectsSDK\Examples\Template\sep_color\sep_color.cpp(348,15): error C2737: 'cs': const object must be initialized [D:\a\Ae_sep_color\Ae_sep_color\ae_sdk_work\AfterEffectsSDK_25.6_61_win\ae25.6_61.64bit.AfterEffectsSDK\Examples\Template\sep_color\Win\sep_color.vcxproj]
2025-11-12T12:45:55.0529684Z          D:\a\Ae_sep_color\Ae_sep_color\ae_sdk_work\AfterEffectsSDK_25.6_61_win\ae25.6_61.64bit.AfterEffectsSDK\Examples\Template\sep_color\sep_color.cpp(348,47): error C2027: use of undefined type 'IterateRefcon' [D:\a\Ae_sep_color\Ae_sep_color\ae_sdk_work\AfterEffectsSDK_25.6_61_win\ae25.6_61.64bit.AfterEffectsSDK\Examples\Template\sep_color\Win\sep_color.vcxproj]
2025-11-12T12:45:55.0533036Z          D:\a\Ae_sep_color\Ae_sep_color\ae_sdk_work\AfterEffectsSDK_25.6_61_win\ae25.6_61.64bit.AfterEffectsSDK\Examples\Template\sep_color\sep_color.cpp(348,37): error C2737: 'sn': const object must be initialized [D:\a\Ae_sep_color\Ae_sep_color\ae_sdk_work\AfterEffectsSDK_25.6_61_win\ae25.6_61.64bit.AfterEffectsSDK\Examples\Template\sep_color\Win\sep_color.vcxproj]
2025-11-12T12:45:55.0536852Z          D:\a\Ae_sep_color\Ae_sep_color\ae_sdk_work\AfterEffectsSDK_25.6_61_win\ae25.6_61.64bit.AfterEffectsSDK\Examples\Template\sep_color\sep_color.cpp(350,28): error C2027: use of undefined type 'IterateRefcon' [D:\a\Ae_sep_color\Ae_sep_color\ae_sdk_work\AfterEffectsSDK_25.6_61_win\ae25.6_61.64bit.AfterEffectsSDK\Examples\Template\sep_color\Win\sep_color.vcxproj]
2025-11-12T12:45:55.0540129Z          D:\a\Ae_sep_color\Ae_sep_color\ae_sdk_work\AfterEffectsSDK_25.6_61_win\ae25.6_61.64bit.AfterEffectsSDK\Examples\Template\sep_color\sep_color.cpp(350,15): error C2737: 'sd': const object must be initialized [D:\a\Ae_sep_color\Ae_sep_color\ae_sdk_work\AfterEffectsSDK_25.6_61_win\ae25.6_61.64bit.AfterEffectsSDK\Examples\Template\sep_color\Win\sep_color.vcxproj]
2025-11-12T12:45:55.0543739Z          D:\a\Ae_sep_color\Ae_sep_color\ae_sdk_work\AfterEffectsSDK_25.6_61_win\ae25.6_61.64bit.AfterEffectsSDK\Examples\Template\sep_color\sep_color.cpp(356,21): error C2027: use of undefined type 'IterateRefcon' [D:\a\Ae_sep_color\Ae_sep_color\ae_sdk_work\AfterEffectsSDK_25.6_61_win\ae25.6_61.64bit.AfterEffectsSDK\Examples\Template\sep_color\Win\sep_color.vcxproj]
2025-11-12T12:45:55.0546927Z          D:\a\Ae_sep_color\Ae_sep_color\ae_sdk_work\AfterEffectsSDK_25.6_61_win\ae25.6_61.64bit.AfterEffectsSDK\Examples\Template\sep_color\sep_color.cpp(356,42): error C2027: use of undefined type 'IterateRefcon' [D:\a\Ae_sep_color\Ae_sep_color\ae_sdk_work\AfterEffectsSDK_25.6_61_win\ae25.6_61.64bit.AfterEffectsSDK\Examples\Template\sep_color\Win\sep_color.vcxproj]
2025-11-12T12:45:55.0549042Z          D:\a\Ae_sep_color\Ae_sep_color\ae_sdk_work\AfterEffectsSDK_25.6_61_win\ae25.6_61.64bit.AfterEffectsSDK\Examples\Template\sep_color\sep_color.cpp(356,15): error C2737: 'sd': const object must be initialized [D:\a\Ae_sep_color\Ae_sep_color\ae_sdk_work\AfterEffectsSDK_25.6_61_win\ae25.6_61.64bit.AfterEffectsSDK\Examples\Template\sep_color\Win\sep_color.vcxproj]
2025-11-12T12:45:55.0550928Z          D:\a\Ae_sep_color\Ae_sep_color\ae_sdk_work\AfterEffectsSDK_25.6_61_win\ae25.6_61.64bit.AfterEffectsSDK\Examples\Template\sep_color\sep_color.cpp(364,37): error C2027: use of undefined type 'IterateRefcon' [D:\a\Ae_sep_color\Ae_sep_color\ae_sdk_work\AfterEffectsSDK_25.6_61_win\ae25.6_61.64bit.AfterEffectsSDK\Examples\Template\sep_color\Win\sep_color.vcxproj]
2025-11-12T12:45:55.0552808Z          D:\a\Ae_sep_color\Ae_sep_color\ae_sdk_work\AfterEffectsSDK_25.6_61_win\ae25.6_61.64bit.AfterEffectsSDK\Examples\Template\sep_color\sep_color.cpp(364,14): error C2737: 'r': const object must be initialized [D:\a\Ae_sep_color\Ae_sep_color\ae_sdk_work\AfterEffectsSDK_25.6_61_win\ae25.6_61.64bit.AfterEffectsSDK\Examples\Template\sep_color\Win\sep_color.vcxproj]
2025-11-12T12:45:55.0557154Z          D:\a\Ae_sep_color\Ae_sep_color\ae_sdk_work\AfterEffectsSDK_25.6_61_win\ae25.6_61.64bit.AfterEffectsSDK\Examples\Template\sep_color\sep_color.cpp(365,37): error C2027: use of undefined type 'IterateRefcon' [D:\a\Ae_sep_color\Ae_sep_color\ae_sdk_work\AfterEffectsSDK_25.6_61_win\ae25.6_61.64bit.AfterEffectsSDK\Examples\Template\sep_color\Win\sep_color.vcxproj]
2025-11-12T12:45:55.0560692Z          D:\a\Ae_sep_color\Ae_sep_color\ae_sdk_work\AfterEffectsSDK_25.6_61_win\ae25.6_61.64bit.AfterEffectsSDK\Examples\Template\sep_color\sep_color.cpp(365,14): error C2737: 'g': const object must be initialized [D:\a\Ae_sep_color\Ae_sep_color\ae_sdk_work\AfterEffectsSDK_25.6_61_win\ae25.6_61.64bit.AfterEffectsSDK\Examples\Template\sep_color\Win\sep_color.vcxproj]
2025-11-12T12:45:55.0563995Z          D:\a\Ae_sep_color\Ae_sep_color\ae_sdk_work\AfterEffectsSDK_25.6_61_win\ae25.6_61.64bit.AfterEffectsSDK\Examples\Template\sep_color\sep_color.cpp(366,37): error C2027: use of undefined type 'IterateRefcon' [D:\a\Ae_sep_color\Ae_sep_color\ae_sdk_work\AfterEffectsSDK_25.6_61_win\ae25.6_61.64bit.AfterEffectsSDK\Examples\Template\sep_color\Win\sep_color.vcxproj]
2025-11-12T12:45:55.0567557Z          D:\a\Ae_sep_color\Ae_sep_color\ae_sdk_work\AfterEffectsSDK_25.6_61_win\ae25.6_61.64bit.AfterEffectsSDK\Examples\Template\sep_color\sep_color.cpp(366,14): error C2737: 'b': const object must be initialized [D:\a\Ae_sep_color\Ae_sep_color\ae_sdk_work\AfterEffectsSDK_25.6_61_win\ae25.6_61.64bit.AfterEffectsSDK\Examples\Template\sep_color\Win\sep_color.vcxproj]
2025-11-12T12:45:55.0570970Z          D:\a\Ae_sep_color\Ae_sep_color\ae_sdk_work\AfterEffectsSDK_25.6_61_win\ae25.6_61.64bit.AfterEffectsSDK\Examples\Template\sep_color\sep_color.cpp(394,16): error C2079: 'rc' uses undefined struct 'IterateRefcon' [D:\a\Ae_sep_color\Ae_sep_color\ae_sdk_work\AfterEffectsSDK_25.6_61_win\ae25.6_61.64bit.AfterEffectsSDK\Examples\Template\sep_color\Win\sep_color.vcxproj]
2025-11-12T12:45:55.0572850Z 
2025-11-12T12:45:55.0572959Z     1 Warning(s)
2025-11-12T12:45:55.0573220Z     47 Error(s)
2025-11-12T12:45:55.0573376Z 
2025-11-12T12:45:55.0573497Z Time Elapsed 00:00:10.04
2025-11-12T12:45:55.0573738Z 
2025-11-12T12:45:55.0573874Z Error: Build failed (exit code: 1)
2025-11-12T12:45:55.0574128Z 
2025-11-12T12:45:55.0574237Z Checking SDK structure:
2025-11-12T12:45:55.0574930Z   SDK Root: D:\a\Ae_sep_color\Ae_sep_color\ae_sdk_work\AfterEffectsSDK_25.6_61_win\ae25.6_61.64bit.AfterEffectsSDK\Examples
2025-11-12T12:45:55.0610606Z   Headers: True
2025-11-12T12:45:55.0625044Z   Util: True
2025-11-12T12:45:55.0635900Z   PiPLTool: True
2025-11-12T12:45:55.1334704Z ##[error]Process completed with exit code 1.
2025-11-12T12:45:55.1548895Z Post job cleanup.
2025-11-12T12:45:55.4856863Z [command]"C:\Program Files\Git\bin\git.exe" version
2025-11-12T12:45:55.5180605Z git version 2.51.2.windows.1
2025-11-12T12:45:55.5274773Z Temporarily overriding HOME='D:\a\_temp\864de8a9-b254-4869-881b-59862dadd547' before making global git config changes
2025-11-12T12:45:55.5275530Z Adding repository directory to the temporary git global config as a safe directory
2025-11-12T12:45:55.5299106Z [command]"C:\Program Files\Git\bin\git.exe" config --global --add safe.directory D:\a\Ae_sep_color\Ae_sep_color
2025-11-12T12:45:55.5691712Z [command]"C:\Program Files\Git\bin\git.exe" config --local --name-only --get-regexp core\.sshCommand
2025-11-12T12:45:55.6096069Z [command]"C:\Program Files\Git\bin\git.exe" submodule foreach --recursive "sh -c \"git config --local --name-only --get-regexp 'core\.sshCommand' && git config --local --unset-all 'core.sshCommand' || :\""
2025-11-12T12:45:56.2327620Z [command]"C:\Program Files\Git\bin\git.exe" config --local --name-only --get-regexp http\.https\:\/\/github\.com\/\.extraheader
2025-11-12T12:45:56.2621672Z http.https://github.com/.extraheader
2025-11-12T12:45:56.2672391Z [command]"C:\Program Files\Git\bin\git.exe" config --local --unset-all http.https://github.com/.extraheader
2025-11-12T12:45:56.3010051Z [command]"C:\Program Files\Git\bin\git.exe" submodule foreach --recursive "sh -c \"git config --local --name-only --get-regexp 'http\.https\:\/\/github\.com\/\.extraheader' && git config --local --unset-all 'http.https://github.com/.extraheader' || :\""
2025-11-12T12:45:56.9397086Z Cleaning up orphan processes
2025-11-12T12:45:56.9753857Z Terminate orphan process: pid (8176) (vctip)
2025-11-12T12:45:56.9890841Z Terminate orphan process: pid (2764) (mspdbsrv)
